Archive member included to satisfy reference by file (symbol)

../platform/libplatform_s.a(system_core_init.o)
                              CMakeFiles/tfm_s.dir/__/platform/ext/target/ti/cc27xx/cmsis_core/startup_cc27xx.o (SystemInit)
partitions/lib/runtime/libtfm_sprt.a(crt_memset.o)
                              /home/developer/.conan/data/arm-none-eabi-gcc/12.3.Rel1-0/library-msp/ga/package/44fcf6b9a7fb86b2586303e3db40189d3b511830/bin/../lib/gcc/arm-none-eabi/12.3.1/../../../../arm-none-eabi/lib/thumb/v8-m.main+fp/hard/crt0.o (memset)
partitions/lib/runtime/libtfm_sprt.a(psa_api_ipc.o)
                              CMakeFiles/tfm_s.dir/partitions/ns_agent_tz/psa_api_veneers_v80m.o (psa_framework_version)
partitions/lib/runtime/libtfm_sprt.a(sprt_partition_metadata_indicator.o)
                              partitions/lib/runtime/libtfm_sprt.a(psa_api_ipc.o) (p_partition_metadata)
spm/libtfm_spm.a(utilities.o)
                              CMakeFiles/tfm_s.dir/__/platform/ext/common/faults.o (tfm_core_panic)
spm/libtfm_spm.a(main.o)      /home/developer/.conan/data/arm-none-eabi-gcc/12.3.Rel1-0/library-msp/ga/package/44fcf6b9a7fb86b2586303e3db40189d3b511830/bin/../lib/gcc/arm-none-eabi/12.3.1/../../../../arm-none-eabi/lib/thumb/v8-m.main+fp/hard/crt0.o (main)
spm/libtfm_spm.a(tfm_svcalls.o)
                              spm/libtfm_spm.a(main.o) (tfm_core_handler_mode)
spm/libtfm_spm.a(tfm_arch_v8m_main.o)
                              spm/libtfm_spm.a(main.o) (tfm_arch_set_secure_exception_priorities)
spm/libtfm_spm.a(ns_agent_tz_v80m.o)
                              CMakeFiles/tfm_s.dir/partitions/ns_agent_tz/load_info_ns_agent_tz.o (ns_agent_tz_main)
spm/libtfm_spm.a(tfm_hal_isolation.o)
                              spm/libtfm_spm.a(main.o) (tfm_hal_set_up_static_boundaries)
spm/libtfm_spm.a(tfm_hal_platform.o)
                              spm/libtfm_spm.a(main.o) (tfm_hal_platform_init)
spm/libtfm_spm.a(tfm_boot_data.o)
                              spm/libtfm_spm.a(main.o) (tfm_core_validate_boot_data)
spm/libtfm_spm.a(tfm_arch.o)  spm/libtfm_spm.a(tfm_svcalls.o) (tfm_arch_free_msp_and_exc_ret)
spm/libtfm_spm.a(spm_ipc.o)   spm/libtfm_spm.a(tfm_boot_data.o) (tfm_spm_partition_get_running_partition_id)
spm/libtfm_spm.a(rom_loader.o)
                              spm/libtfm_spm.a(spm_ipc.o) (load_a_partition_assuredly)
spm/libtfm_spm.a(backend_ipc.o)
                              spm/libtfm_spm.a(spm_ipc.o) (backend_init_comp_assuredly)
spm/libtfm_spm.a(thread.o)    spm/libtfm_spm.a(backend_ipc.o) (thrd_set_query_callback)
spm/libtfm_spm.a(tfm_spm_ns_ctx.o)
                              spm/libtfm_spm.a(spm_ipc.o) (tfm_nspm_get_current_client_id)
spm/libtfm_spm.a(spm_connection_pool.o)
                              spm/libtfm_spm.a(spm_ipc.o) (connection_to_handle)
spm/libtfm_spm.a(target_cfg.o)
                              spm/libtfm_spm.a(tfm_hal_platform.o) (enable_fault_handlers)
spm/libtfm_spm.a(psa_api.o)   spm/libtfm_spm.a(backend_ipc.o) (spm_handle_programmer_errors)
spm/libtfm_spm.a(tfm_pools.o)
                              spm/libtfm_spm.a(spm_connection_pool.o) (tfm_pool_init)
partitions/partitions/_1/system_sp/libti_tfm_app_rot_partition_system.a(dummy.o)
                              CMakeFiles/tfm_s.dir/__/generated/secure_fw/partitions/ti_system/auto_generated/load_info_system_sp.o (System_sp_main)
partitions/partitions/_1/system_sp/libti_tfm_app_rot_partition_system.a(intermedia_system_sp.o)
                              CMakeFiles/tfm_s.dir/__/generated/secure_fw/partitions/ti_system/auto_generated/load_info_system_sp.o (system_sp_stack)
../platform/libplatform_s.a(tfm_hal_reset_halt.o)
                              spm/libtfm_spm.a(utilities.o) (tfm_hal_system_reset)
../platform/libplatform_s.a(uart_stdout.o)
                              spm/libtfm_spm.a(tfm_hal_platform.o) (stdio_init)
../platform/libplatform_s.a(otp_flash.o)
                              spm/libtfm_spm.a(main.o) (tfm_plat_otp_init)
../platform/libplatform_s.a(provisioning.o)
                              spm/libtfm_spm.a(main.o) (tfm_plat_provisioning_check_for_dummy_keys)
../platform/libplatform_s.a(Driver_USART.o)
                              ../platform/libplatform_s.a(uart_stdout.o) (Driver_USART0)
../platform/libplatform_s.a(arm_uart_drv.o)
                              ../platform/libplatform_s.a(Driver_USART.o) (arm_uart_read)
../platform/libplatform_s.a(platform_retarget_dev.o)
                              ../platform/libplatform_s.a(Driver_USART.o) (ARM_UART0_DEV_S)
../platform/libplatform_s.a(flash_otp_nv_counters_backend.o)
                              ../platform/libplatform_s.a(otp_flash.o) (read_otp_nv_counters_flash)
../platform/libplatform_s.a(Driver_Flash.o)
                              ../platform/libplatform_s.a(flash_otp_nv_counters_backend.o) (Driver_FLASH0)
../platform/libplatform_s.a(HwiP_tfm.o)
                              ../platform/libplatform_s.a(Driver_Flash.o) (HwiP_disable)
[...]
Memory Configuration

Name             Origin             Length             Attributes
FLASH            0x0000d100         0x00029f00         xr
RAM              0x20000000         0x0000c000         xrw
*default*        0x00000000         0xffffffff

Linker script and memory map

LOAD /home/developer/.conan/data/arm-none-eabi-gcc/12.3.Rel1-0/library-msp/ga/package/44fcf6b9a7fb86b2586303e3db40189d3b511830/bin/../lib/gcc/arm-none-eabi/12.3.1/thumb/v8-m.main+fp/hard/crti.o
LOAD /home/developer/.conan/data/arm-none-eabi-gcc/12.3.Rel1-0/library-msp/ga/package/44fcf6b9a7fb86b2586303e3db40189d3b511830/bin/../lib/gcc/arm-none-eabi/12.3.1/thumb/v8-m.main+fp/hard/crtbegin.o
LOAD /home/developer/.conan/data/arm-none-eabi-gcc/12.3.Rel1-0/library-msp/ga/package/44fcf6b9a7fb86b2586303e3db40189d3b511830/bin/../lib/gcc/arm-none-eabi/12.3.1/../../../../arm-none-eabi/lib/thumb/v8-m.main+fp/hard/crt0.o
LOAD CMakeFiles/tfm_s.dir/partitions/ns_agent_tz/psa_api_veneers_v80m.o
LOAD CMakeFiles/tfm_s.dir/__/platform/ext/target/ti/cc27xx/cmsis_core/startup_cc27xx.o
LOAD CMakeFiles/tfm_s.dir/__/platform/ext/common/faults.o
LOAD CMakeFiles/tfm_s.dir/partitions/ns_agent_tz/load_info_ns_agent_tz.o
LOAD CMakeFiles/tfm_s.dir/__/generated/secure_fw/partitions/ti_system/auto_generated/load_info_system_sp.o
LOAD CMakeFiles/tfm_s.dir/__/platform/ext/common/syscalls_stub.o
LOAD ../platform/libplatform_s.a
LOAD partitions/lib/runtime/libtfm_sprt.a
LOAD spm/libtfm_spm.a
LOAD partitions/partitions/_1/system_sp/libti_tfm_app_rot_partition_system.a
LOAD ../platform/libplatform_s.a
LOAD partitions/lib/runtime/libtfm_sprt.a
LOAD spm/libtfm_spm.a
LOAD partitions/partitions/_1/system_sp/libti_tfm_app_rot_partition_system.a
LOAD /home/developer/.conan/data/driverlib_loki/6.30.00.12/library-lprf/ga/package/5ab84d6acfe1f23c4fae0ab88f26e3a396351ac9/source/ti/devices/cc27xx/driverlib/lib/gcc/driverlib.a
START GROUP
LOAD /home/developer/.conan/data/arm-none-eabi-gcc/12.3.Rel1-0/library-msp/ga/package/44fcf6b9a7fb86b2586303e3db40189d3b511830/bin/../lib/gcc/arm-none-eabi/12.3.1/thumb/v8-m.main+fp/hard/libgcc.a
LOAD /home/developer/.conan/data/arm-none-eabi-gcc/12.3.Rel1-0/library-msp/ga/package/44fcf6b9a7fb86b2586303e3db40189d3b511830/bin/../lib/gcc/arm-none-eabi/12.3.1/../../../../arm-none-eabi/lib/thumb/v8-m.main+fp/hard/libc_nano.a
END GROUP
START GROUP
LOAD /home/developer/.conan/data/arm-none-eabi-gcc/12.3.Rel1-0/library-msp/ga/package/44fcf6b9a7fb86b2586303e3db40189d3b511830/bin/../lib/gcc/arm-none-eabi/12.3.1/thumb/v8-m.main+fp/hard/libgcc.a
LOAD /home/developer/.conan/data/arm-none-eabi-gcc/12.3.Rel1-0/library-msp/ga/package/44fcf6b9a7fb86b2586303e3db40189d3b511830/bin/../lib/gcc/arm-none-eabi/12.3.1/../../../../arm-none-eabi/lib/thumb/v8-m.main+fp/hard/libc_nano.a
END GROUP
LOAD /home/developer/.conan/data/arm-none-eabi-gcc/12.3.Rel1-0/library-msp/ga/package/44fcf6b9a7fb86b2586303e3db40189d3b511830/bin/../lib/gcc/arm-none-eabi/12.3.1/thumb/v8-m.main+fp/hard/crtend.o
LOAD /home/developer/.conan/data/arm-none-eabi-gcc/12.3.Rel1-0/library-msp/ga/package/44fcf6b9a7fb86b2586303e3db40189d3b511830/bin/../lib/gcc/arm-none-eabi/12.3.1/thumb/v8-m.main+fp/hard/crtn.o
                0x00000800                        __msp_stack_size__ = 0x800
START GROUP
LOAD /home/developer/.conan/data/arm-none-eabi-gcc/12.3.Rel1-0/library-msp/ga/package/44fcf6b9a7fb86b2586303e3db40189d3b511830/bin/../lib/gcc/arm-none-eabi/12.3.1/thumb/v8-m.main+fp/hard/libgcc.a
LOAD /home/developer/.conan/data/arm-none-eabi-gcc/12.3.Rel1-0/library-msp/ga/package/44fcf6b9a7fb86b2586303e3db40189d3b511830/bin/../lib/gcc/arm-none-eabi/12.3.1/../../../../arm-none-eabi/lib/thumb/v8-m.main+fp/hard/libc.a
LOAD /home/developer/.conan/data/arm-none-eabi-gcc/12.3.Rel1-0/library-msp/ga/package/44fcf6b9a7fb86b2586303e3db40189d3b511830/bin/../lib/gcc/arm-none-eabi/12.3.1/../../../../arm-none-eabi/lib/thumb/v8-m.main+fp/hard/libm.a
LOAD /home/developer/.conan/data/arm-none-eabi-gcc/12.3.Rel1-0/library-msp/ga/package/44fcf6b9a7fb86b2586303e3db40189d3b511830/bin/../lib/gcc/arm-none-eabi/12.3.1/../../../../arm-none-eabi/lib/thumb/v8-m.main+fp/hard/libnosys.a
LOAD /home/developer/.conan/data/arm-none-eabi-gcc/12.3.Rel1-0/library-msp/ga/package/44fcf6b9a7fb86b2586303e3db40189d3b511830/bin/../lib/gcc/arm-none-eabi/12.3.1/../../../../arm-none-eabi/lib/thumb/v8-m.main+fp/hard/libc_nano.a
END GROUP

.TFM_VECTORS    0x0000d100       0xcc
                0x0000d100                        __vectors_start__ = .
 *(.vectors)
 .vectors       0x0000d100       0xcc CMakeFiles/tfm_s.dir/__/platform/ext/target/ti/cc27xx/cmsis_core/startup_cc27xx.o
                0x0000d100                __Vectors
                0x0000d1cc                        . = ALIGN (0x4)
                0x0000d1cc                        __vectors_end__ = .
                0x00000001                        ASSERT ((. <= (ADDR (.TFM_VECTORS) + 0xfc)), .TFM_VECTORS section size overflow.)
                0x0000d1fc                        . = (ADDR (.TFM_VECTORS) + 0xfc)

.TFM_SP_LOAD_LIST
                0x0000d1fc       0x78
 *(.part_load_priority_00)
 .part_load_priority_00
                0x0000d1fc       0x30 CMakeFiles/tfm_s.dir/partitions/ns_agent_tz/load_info_ns_agent_tz.o
                0x0000d1fc                tfm_sp_ns_agent_tz_load
 *(.part_load_priority_01)
 *(.part_load_priority_02)
 *(.part_load_priority_03)
 .part_load_priority_03
                0x0000d22c       0x48 CMakeFiles/tfm_s.dir/__/generated/secure_fw/partitions/ti_system/auto_generated/load_info_system_sp.o
                0x0000d22c                system_sp_load
                0x0000d1fc                        Image$$TFM_SP_LOAD_LIST$$RO$$Base = ADDR (.TFM_SP_LOAD_LIST)
                0x0000d274                        Image$$TFM_SP_LOAD_LIST$$RO$$Limit = (ADDR (.TFM_SP_LOAD_LIST) + SIZEOF (.TFM_SP_LOAD_LIST))
                0x0000d280                        . = ALIGN (0x20)
                0x0000d280                        Image$$TFM_PSA_CODE_START$$Base = .

.TFM_PSA_ROT_LINKER
                0x0000d280        0x0
 *tfm_psa_rot_partition*:(SORT_BY_ALIGNMENT(.text*))
 *tfm_psa_rot_partition*:(SORT_BY_ALIGNMENT(.rodata*))
 *(TFM_*_PSA-ROT_ATTR_FN)
                0x0000d280                        . = ALIGN (0x20)
                0x0000d280                        Image$$TFM_PSA_ROT_LINKER$$RO$$Base = ADDR (.TFM_PSA_ROT_LINKER)
                0x0000d280                        Image$$TFM_PSA_ROT_LINKER$$RO$$Limit = (ADDR (.TFM_PSA_ROT_LINKER) + SIZEOF (.TFM_PSA_ROT_LINKER))
                0x0000d280                        Image$$TFM_PSA_ROT_LINKER$$Base = ADDR (.TFM_PSA_ROT_LINKER)
                0x0000d280                        Image$$TFM_PSA_ROT_LINKER$$Limit = (ADDR (.TFM_PSA_ROT_LINKER) + SIZEOF (.TFM_PSA_ROT_LINKER))
                0x0000d280                        Image$$TFM_PSA_CODE_END$$Base = .
                0x0000d280                        Image$$TFM_APP_CODE_START$$Base = .

.TFM_APP_ROT_LINKER
                0x0000d280       0x20
 *tfm_app_rot_partition*:(SORT_BY_ALIGNMENT(.text*))
 .text.System_sp_main
                0x0000d280        0x4 partitions/partitions/_1/system_sp/libti_tfm_app_rot_partition_system.a(dummy.o)
                0x0000d280                System_sp_main
 *tfm_app_rot_partition*:(SORT_BY_ALIGNMENT(.rodata*))
 *(TFM_*_APP-ROT_ATTR_FN)
                0x0000d2a0                        . = ALIGN (0x20)
 *fill*         0x0000d284       0x1c 
                0x0000d280                        Image$$TFM_APP_ROT_LINKER$$RO$$Base = ADDR (.TFM_APP_ROT_LINKER)
                0x0000d2a0                        Image$$TFM_APP_ROT_LINKER$$RO$$Limit = (ADDR (.TFM_APP_ROT_LINKER) + SIZEOF (.TFM_APP_ROT_LINKER))
                0x0000d280                        Image$$TFM_APP_ROT_LINKER$$Base = ADDR (.TFM_APP_ROT_LINKER)
                0x0000d2a0                        Image$$TFM_APP_ROT_LINKER$$Limit = (ADDR (.TFM_APP_ROT_LINKER) + SIZEOF (.TFM_APP_ROT_LINKER))
                0x0000d2a0                        Image$$TFM_APP_CODE_END$$Base = .

.ARM.extab
 *(.ARM.extab* .gnu.linkonce.armextab.*)
                0x0000d2a0                        __exidx_start = .

.ARM.exidx      0x0000d2a0        0x8
 *(.ARM.exidx* .gnu.linkonce.armexidx.*)
 .ARM.exidx     0x0000d2a0        0x8 /home/developer/.conan/data/arm-none-eabi-gcc/12.3.Rel1-0/library-msp/ga/package/44fcf6b9a7fb86b2586303e3db40189d3b511830/bin/../lib/gcc/arm-none-eabi/12.3.1/../../../../arm-none-eabi/lib/thumb/v8-m.main+fp/hard/crt0.o
                                 0x10 (size before relaxing)
                0x0000d2a8                        __exidx_end = .

.ER_TFM_CODE    0x0000d2a8     0x2d30
                0x0000d2a8                        . = ALIGN (0x4)
                0x0000d2a8                        __copy_table_start__ = .
                0x0000d2a8        0x4 LONG 0x10780 LOADADDR (.TFM_DATA)
                0x0000d2ac        0x4 LONG 0x20001c40 ADDR (.TFM_DATA)
                0x0000d2b0        0x4 LONG 0x11 (SIZEOF (.TFM_DATA) / 0x4)
                0x0000d2b4        0x4 LONG 0x10780 LOADADDR (.TFM_PSA_ROT_LINKER_DATA)
                0x0000d2b8        0x4 LONG 0x20001c20 ADDR (.TFM_PSA_ROT_LINKER_DATA)
                0x0000d2bc        0x4 LONG 0x0 (SIZEOF (.TFM_PSA_ROT_LINKER_DATA) / 0x4)
                0x0000d2c0        0x4 LONG 0x10780 LOADADDR (.TFM_APP_ROT_LINKER_DATA)
                0x0000d2c4        0x4 LONG 0x20000c20 ADDR (.TFM_APP_ROT_LINKER_DATA)
                0x0000d2c8        0x4 LONG 0x0 (SIZEOF (.TFM_APP_ROT_LINKER_DATA) / 0x4)
                0x0000d2cc                        __copy_table_end__ = .
                0x0000d2cc                        . = ALIGN (0x4)
                0x0000d2cc                        __zero_table_start__ = .
                0x0000d2cc        0x4 LONG 0x20001c84 ADDR (.TFM_BSS)
                0x0000d2d0        0x4 LONG 0x2de (SIZEOF (.TFM_BSS) / 0x4)
                0x0000d2d4        0x4 LONG 0x20001c20 ADDR (.TFM_PSA_ROT_LINKER_BSS)
                0x0000d2d8        0x4 LONG 0x8 (SIZEOF (.TFM_PSA_ROT_LINKER_BSS) / 0x4)
                0x0000d2dc        0x4 LONG 0x20000c20 ADDR (.TFM_APP_ROT_LINKER_BSS)
                0x0000d2e0        0x4 LONG 0x400 (SIZEOF (.TFM_APP_ROT_LINKER_BSS) / 0x4)
                0x0000d2e4        0x4 LONG 0x20000c00 ADDR (.TFM_SP_META_PTR)
                0x0000d2e8        0x4 LONG 0x8 (SIZEOF (.TFM_SP_META_PTR) / 0x4)
                0x0000d2ec                        __zero_table_end__ = .
 *startup*(.text*)
 .text.NMI_Handler
                0x0000d2ec       0x10 CMakeFiles/tfm_s.dir/__/platform/ext/target/ti/cc27xx/cmsis_core/startup_cc27xx.o
                0x0000d2ec                NMI_Handler
 .text.DebugMon_Handler
                0x0000d2fc        0x4 CMakeFiles/tfm_s.dir/__/platform/ext/target/ti/cc27xx/cmsis_core/startup_cc27xx.o
                0x0000d2fc                DebugMon_Handler
 .text.SysTick_Handler
                0x0000d300        0x4 CMakeFiles/tfm_s.dir/__/platform/ext/target/ti/cc27xx/cmsis_core/startup_cc27xx.o
                0x0000d300                SysTick_Handler
 .text.INT_CPUIRQ0_Handler
                0x0000d304        0x4 CMakeFiles/tfm_s.dir/__/platform/ext/target/ti/cc27xx/cmsis_core/startup_cc27xx.o
                0x0000d304                INT_CPUIRQ0_Handler
 .text.INT_CPUIRQ1_Handler
                0x0000d308        0x4 CMakeFiles/tfm_s.dir/__/platform/ext/target/ti/cc27xx/cmsis_core/startup_cc27xx.o
                0x0000d308                INT_CPUIRQ1_Handler
 .text.INT_CPUIRQ2_Handler
                0x0000d30c        0x4 CMakeFiles/tfm_s.dir/__/platform/ext/target/ti/cc27xx/cmsis_core/startup_cc27xx.o
                0x0000d30c                INT_CPUIRQ2_Handler
 .text.INT_CPUIRQ3_Handler
                0x0000d310        0x4 CMakeFiles/tfm_s.dir/__/platform/ext/target/ti/cc27xx/cmsis_core/startup_cc27xx.o
                0x0000d310                INT_CPUIRQ3_Handler
 .text.INT_CPUIRQ4_Handler
                0x0000d314        0x4 CMakeFiles/tfm_s.dir/__/platform/ext/target/ti/cc27xx/cmsis_core/startup_cc27xx.o
                0x0000d314                INT_CPUIRQ4_Handler
 .text.INT_GPIO_COMB_Handler
                0x0000d318        0x4 CMakeFiles/tfm_s.dir/__/platform/ext/target/ti/cc27xx/cmsis_core/startup_cc27xx.o
                0x0000d318                INT_GPIO_COMB_Handler
 .text.INT_LRFD_IRQ0_Handler
                0x0000d31c        0x4 CMakeFiles/tfm_s.dir/__/platform/ext/target/ti/cc27xx/cmsis_core/startup_cc27xx.o
                0x0000d31c                INT_LRFD_IRQ0_Handler
 .text.INT_LRFD_IRQ1_Handler
                0x0000d320        0x4 CMakeFiles/tfm_s.dir/__/platform/ext/target/ti/cc27xx/cmsis_core/startup_cc27xx.o
                0x0000d320                INT_LRFD_IRQ1_Handler
 .text.INT_DMA_DONE_COMB_Handler
                0x0000d324        0x4 CMakeFiles/tfm_s.dir/__/platform/ext/target/ti/cc27xx/cmsis_core/startup_cc27xx.o
                0x0000d324                INT_DMA_DONE_COMB_Handler
 .text.INT_AES_COMB_Handler
                0x0000d328        0x4 CMakeFiles/tfm_s.dir/__/platform/ext/target/ti/cc27xx/cmsis_core/startup_cc27xx.o
                0x0000d328                INT_AES_COMB_Handler
 .text.INT_SPI0_COMB_Handler
                0x0000d32c        0x4 CMakeFiles/tfm_s.dir/__/platform/ext/target/ti/cc27xx/cmsis_core/startup_cc27xx.o
                0x0000d32c                INT_SPI0_COMB_Handler
 .text.INT_UART0_COMB_Handler
                0x0000d330        0x4 CMakeFiles/tfm_s.dir/__/platform/ext/target/ti/cc27xx/cmsis_core/startup_cc27xx.o
                0x0000d330                INT_UART0_COMB_Handler
 .text.INT_I2C0_IRQ_Handler
                0x0000d334        0x4 CMakeFiles/tfm_s.dir/__/platform/ext/target/ti/cc27xx/cmsis_core/startup_cc27xx.o
                0x0000d334                INT_I2C0_IRQ_Handler
 .text.INT_LGPT0_COMB_Handler
                0x0000d338        0x4 CMakeFiles/tfm_s.dir/__/platform/ext/target/ti/cc27xx/cmsis_core/startup_cc27xx.o
                0x0000d338                INT_LGPT0_COMB_Handler
 .text.INT_LGPT1_COMB_Handler
                0x0000d33c        0x4 CMakeFiles/tfm_s.dir/__/platform/ext/target/ti/cc27xx/cmsis_core/startup_cc27xx.o
                0x0000d33c                INT_LGPT1_COMB_Handler
 .text.INT_ADC_COMB_Handler
                0x0000d340        0x4 CMakeFiles/tfm_s.dir/__/platform/ext/target/ti/cc27xx/cmsis_core/startup_cc27xx.o
                0x0000d340                INT_ADC_COMB_Handler
 .text.INT_CPUIRQ16_Handler
                0x0000d344        0x4 CMakeFiles/tfm_s.dir/__/platform/ext/target/ti/cc27xx/cmsis_core/startup_cc27xx.o
                0x0000d344                INT_CPUIRQ16_Handler
 .text.INT_CPUIRQ17_Handler
                0x0000d348        0x4 CMakeFiles/tfm_s.dir/__/platform/ext/target/ti/cc27xx/cmsis_core/startup_cc27xx.o
                0x0000d348                INT_CPUIRQ17_Handler
 .text.INT_LGPT2_COMB_Handler
                0x0000d34c        0x4 CMakeFiles/tfm_s.dir/__/platform/ext/target/ti/cc27xx/cmsis_core/startup_cc27xx.o
                0x0000d34c                INT_LGPT2_COMB_Handler
 .text.INT_LGPT3_COMB_Handler
                0x0000d350        0x4 CMakeFiles/tfm_s.dir/__/platform/ext/target/ti/cc27xx/cmsis_core/startup_cc27xx.o
                0x0000d350                INT_LGPT3_COMB_Handler
 .text.INT_I2S_IRQ_Handler
                0x0000d354        0x4 CMakeFiles/tfm_s.dir/__/platform/ext/target/ti/cc27xx/cmsis_core/startup_cc27xx.o
                0x0000d354                INT_I2S_IRQ_Handler
 .text.INT_CAN_IRQ_Handler
                0x0000d358        0x4 CMakeFiles/tfm_s.dir/__/platform/ext/target/ti/cc27xx/cmsis_core/startup_cc27xx.o
                0x0000d358                INT_CAN_IRQ_Handler
 .text.INT_UART1_COMB_Handler
                0x0000d35c        0x4 CMakeFiles/tfm_s.dir/__/platform/ext/target/ti/cc27xx/cmsis_core/startup_cc27xx.o
                0x0000d35c                INT_UART1_COMB_Handler
 .text.INT_SPI1_COMB_Handler
                0x0000d360        0x4 CMakeFiles/tfm_s.dir/__/platform/ext/target/ti/cc27xx/cmsis_core/startup_cc27xx.o
                0x0000d360                INT_SPI1_COMB_Handler
 .text.INT_VCE_IRQ_Handler
                0x0000d364        0x4 CMakeFiles/tfm_s.dir/__/platform/ext/target/ti/cc27xx/cmsis_core/startup_cc27xx.o
                0x0000d364                INT_VCE_IRQ_Handler
 .text.INT_HSM_SEC_IRQ_Handler
                0x0000d368        0x4 CMakeFiles/tfm_s.dir/__/platform/ext/target/ti/cc27xx/cmsis_core/startup_cc27xx.o
                0x0000d368                INT_HSM_SEC_IRQ_Handler
 .text.INT_HSM_NONSEC_IRQ_Handler
                0x0000d36c        0x4 CMakeFiles/tfm_s.dir/__/platform/ext/target/ti/cc27xx/cmsis_core/startup_cc27xx.o
                0x0000d36c                INT_HSM_NONSEC_IRQ_Handler
 .text.INT_HSM_OTP_IRQ_Handler
                0x0000d370        0x4 CMakeFiles/tfm_s.dir/__/platform/ext/target/ti/cc27xx/cmsis_core/startup_cc27xx.o
                0x0000d370                INT_HSM_OTP_IRQ_Handler
 .text.INT_AON_PMU_COMB_Handler
                0x0000d374        0x4 CMakeFiles/tfm_s.dir/__/platform/ext/target/ti/cc27xx/cmsis_core/startup_cc27xx.o
                0x0000d374                INT_AON_PMU_COMB_Handler
 .text.INT_AON_CKM_COMB_Handler
                0x0000d378        0x4 CMakeFiles/tfm_s.dir/__/platform/ext/target/ti/cc27xx/cmsis_core/startup_cc27xx.o
                0x0000d378                INT_AON_CKM_COMB_Handler
 .text.INT_AON_RTC_COMB_Handler
                0x0000d37c        0x4 CMakeFiles/tfm_s.dir/__/platform/ext/target/ti/cc27xx/cmsis_core/startup_cc27xx.o
                0x0000d37c                INT_AON_RTC_COMB_Handler
 .text.INT_AON_LPCMP_IRQ_Handler
                0x0000d380        0x4 CMakeFiles/tfm_s.dir/__/platform/ext/target/ti/cc27xx/cmsis_core/startup_cc27xx.o
                0x0000d380                INT_AON_LPCMP_IRQ_Handler
 .text.INT_AON_IOC_COMB_Handler
                0x0000d384        0x4 CMakeFiles/tfm_s.dir/__/platform/ext/target/ti/cc27xx/cmsis_core/startup_cc27xx.o
                0x0000d384                INT_AON_IOC_COMB_Handler
 .text.INT_SW0_Handler
                0x0000d388        0x4 CMakeFiles/tfm_s.dir/__/platform/ext/target/ti/cc27xx/cmsis_core/startup_cc27xx.o
                0x0000d388                INT_SW0_Handler
 .text.INT_SW1_Handler
                0x0000d38c        0x4 CMakeFiles/tfm_s.dir/__/platform/ext/target/ti/cc27xx/cmsis_core/startup_cc27xx.o
                0x0000d38c                INT_SW1_Handler
 .text.Reset_Handler
                0x0000d390       0xc4 CMakeFiles/tfm_s.dir/__/platform/ext/target/ti/cc27xx/cmsis_core/startup_cc27xx.o
                0x0000d390                Reset_Handler
 *libplatform_s*:(SORT_BY_ALIGNMENT(.text*))
 .text.SystemInit
                0x0000d454       0x20 ../platform/libplatform_s.a(system_core_init.o)
                0x0000d454                SystemInit
 .text.tfm_hal_system_reset
                0x0000d474       0x24 ../platform/libplatform_s.a(tfm_hal_reset_halt.o)
                0x0000d474                tfm_hal_system_reset
 .text.stdio_init
                0x0000d498       0x2c ../platform/libplatform_s.a(uart_stdout.o)
                0x0000d498                stdio_init
 .text.tfm_plat_otp_init
                0x0000d4c4        0x4 ../platform/libplatform_s.a(otp_flash.o)
                0x0000d4c4                tfm_plat_otp_init
 .text.tfm_plat_otp_read
                0x0000d4c8       0xec ../platform/libplatform_s.a(otp_flash.o)
                0x0000d4c8                tfm_plat_otp_read
 .text.tfm_plat_otp_write
                0x0000d5b4      0x450 ../platform/libplatform_s.a(otp_flash.o)
                0x0000d5b4                tfm_plat_otp_write
 .text.tfm_plat_provisioning_check_for_dummy_keys
                0x0000da04       0x20 ../platform/libplatform_s.a(provisioning.o)
                0x0000da04                tfm_plat_provisioning_check_for_dummy_keys
 .text.tfm_plat_provisioning_is_required
                0x0000da24       0x24 ../platform/libplatform_s.a(provisioning.o)
                0x0000da24                tfm_plat_provisioning_is_required
 .text.provision_psa_rot
                0x0000da48       0xc4 ../platform/libplatform_s.a(provisioning.o)
                0x0000da48                provision_psa_rot
 .text.tfm_plat_provisioning_perform
                0x0000db0c       0x64 ../platform/libplatform_s.a(provisioning.o)
                0x0000db0c                tfm_plat_provisioning_perform
 .text.ARM_USART_GetVersion
                0x0000db70       0x1c ../platform/libplatform_s.a(Driver_USART.o)
 .text.ARM_USART_GetCapabilities
                0x0000db8c        0x4 ../platform/libplatform_s.a(Driver_USART.o)
 .text.ARM_USART0_Initialize
                0x0000db90        0x4 ../platform/libplatform_s.a(Driver_USART.o)
 .text.ARM_USART0_Uninitialize
                0x0000db94        0x4 ../platform/libplatform_s.a(Driver_USART.o)
 .text.ARM_USART0_PowerControl
                0x0000db98        0xc ../platform/libplatform_s.a(Driver_USART.o)
 .text.ARM_USART0_Send
                0x0000dba4       0x54 ../platform/libplatform_s.a(Driver_USART.o)
 .text.ARM_USART0_Transfer
                0x0000dbf8        0x8 ../platform/libplatform_s.a(Driver_USART.o)
 .text.ARM_USART0_GetTxCount
                0x0000dc00        0xc ../platform/libplatform_s.a(Driver_USART.o)
 .text.ARM_USART0_GetRxCount
                0x0000dc0c        0xc ../platform/libplatform_s.a(Driver_USART.o)
 .text.ARM_USART0_Control
                0x0000dc18        0x4 ../platform/libplatform_s.a(Driver_USART.o)
 .text.ARM_USART0_GetStatus
                0x0000dc1c        0xc ../platform/libplatform_s.a(Driver_USART.o)
 .text.ARM_USART0_SetModemControl
                0x0000dc28        0x8 ../platform/libplatform_s.a(Driver_USART.o)
 .text.ARM_USART0_GetModemStatus
                0x0000dc30        0xc ../platform/libplatform_s.a(Driver_USART.o)
 .text.ARM_USART0_Receive
                0x0000dc3c       0x44 ../platform/libplatform_s.a(Driver_USART.o)
 .text.arm_uart_read
                0x0000dc80       0x14 ../platform/libplatform_s.a(arm_uart_drv.o)
                0x0000dc80                arm_uart_read
 .text.arm_uart_rx_ready
                0x0000dc94       0x18 ../platform/libplatform_s.a(arm_uart_drv.o)
                0x0000dc94                arm_uart_rx_ready
 .text.copy_flash_region
                0x0000dcac       0x90 ../platform/libplatform_s.a(flash_otp_nv_counters_backend.o)
 .text.read_otp_nv_counters_flash
                0x0000dd3c       0x8c ../platform/libplatform_s.a(flash_otp_nv_counters_backend.o)
                0x0000dd3c                read_otp_nv_counters_flash
 .text.write_otp_nv_counters_flash
                0x0000ddc8      0x210 ../platform/libplatform_s.a(flash_otp_nv_counters_backend.o)
                0x0000ddc8                write_otp_nv_counters_flash
 .text.init_otp_nv_counters_flash
                0x0000dfd8      0x18c ../platform/libplatform_s.a(flash_otp_nv_counters_backend.o)
                0x0000dfd8                init_otp_nv_counters_flash
 .text.ARM_Flash_GetVersion
                0x0000e164       0x1c ../platform/libplatform_s.a(Driver_Flash.o)
 .text.ARM_Flash_GetCapabilities
                0x0000e180        0x4 ../platform/libplatform_s.a(Driver_Flash.o)
 .text.ARM_Flash_Initialize
                0x0000e184        0x4 ../platform/libplatform_s.a(Driver_Flash.o)
 .text.ARM_Flash_Uninitialize
                0x0000e188        0x4 ../platform/libplatform_s.a(Driver_Flash.o)
 .text.ARM_Flash_PowerControl
                0x0000e18c        0xc ../platform/libplatform_s.a(Driver_Flash.o)
 .text.ARM_Flash_EraseChip
                0x0000e198        0x8 ../platform/libplatform_s.a(Driver_Flash.o)
 .text.ARM_Flash_GetStatus
                0x0000e1a0        0xc ../platform/libplatform_s.a(Driver_Flash.o)
 .text.ARM_Flash_GetInfo
                0x0000e1ac        0xc ../platform/libplatform_s.a(Driver_Flash.o)
 .text.ARM_Flash_EraseSector
                0x0000e1b8       0x4c ../platform/libplatform_s.a(Driver_Flash.o)
 .text.ARM_Flash_ProgramData
                0x0000e204       0x58 ../platform/libplatform_s.a(Driver_Flash.o)
 .text.ARM_Flash_ReadData
                0x0000e25c       0x38 ../platform/libplatform_s.a(Driver_Flash.o)
 .text.HwiP_disable
                0x0000e294       0x18 ../platform/libplatform_s.a(HwiP_tfm.o)
                0x0000e294                HwiP_disable
 .text.HwiP_restore
                0x0000e2ac       0x10 ../platform/libplatform_s.a(HwiP_tfm.o)
                0x0000e2ac                HwiP_restore
 *libtfm_spm*:(SORT_BY_ALIGNMENT(.text*))
 .text.tfm_core_panic
                0x0000e2bc        0x4 spm/libtfm_spm.a(utilities.o)
                0x0000e2bc                tfm_core_panic
 .text.startup.main
                0x0000e2c0       0x50 spm/libtfm_spm.a(main.o)
                0x0000e2c0                main
 .text.spm_svc_handler
                0x0000e310       0x7c spm/libtfm_spm.a(tfm_svcalls.o)
                0x0000e310                spm_svc_handler
 .text.tfm_core_handler_mode
                0x0000e38c        0x4 spm/libtfm_spm.a(tfm_svcalls.o)
                0x0000e38c                tfm_core_handler_mode
 .text.tfm_arch_thread_fn_call
                0x0000e390       0x54 spm/libtfm_spm.a(tfm_arch_v8m_main.o)
                0x0000e390                tfm_arch_thread_fn_call
 .text.PendSV_Handler
                0x0000e3e4       0x54 spm/libtfm_spm.a(tfm_arch_v8m_main.o)
                0x0000e3e4                PendSV_Handler
 .text.SVC_Handler
                0x0000e438       0x68 spm/libtfm_spm.a(tfm_arch_v8m_main.o)
                0x0000e438                SVC_Handler
 .text.tfm_arch_set_secure_exception_priorities
                0x0000e4a0       0x28 spm/libtfm_spm.a(tfm_arch_v8m_main.o)
                0x0000e4a0                tfm_arch_set_secure_exception_priorities
 .text.tfm_arch_config_extensions
                0x0000e4c8       0x4c spm/libtfm_spm.a(tfm_arch_v8m_main.o)
                0x0000e4c8                tfm_arch_config_extensions
 .text.tfm_arch_clear_fp_data
                0x0000e514       0x8c spm/libtfm_spm.a(tfm_arch_v8m_main.o)
                0x0000e514                tfm_arch_clear_fp_data
 .text.ns_agent_tz_main
                0x0000e5a0       0x60 spm/libtfm_spm.a(ns_agent_tz_v80m.o)
                0x0000e5a0                ns_agent_tz_main
 .text.tfm_hal_set_up_static_boundaries
                0x0000e600       0x18 spm/libtfm_spm.a(tfm_hal_isolation.o)
                0x0000e600                tfm_hal_set_up_static_boundaries
 .text.tfm_hal_bind_boundary
                0x0000e618       0x20 spm/libtfm_spm.a(tfm_hal_isolation.o)
                0x0000e618                tfm_hal_bind_boundary
 .text.tfm_hal_activate_boundary
                0x0000e638       0x1c spm/libtfm_spm.a(tfm_hal_isolation.o)
                0x0000e638                tfm_hal_activate_boundary
 .text.tfm_hal_memory_check
                0x0000e654       0x6c spm/libtfm_spm.a(tfm_hal_isolation.o)
                0x0000e654                tfm_hal_memory_check
 .text.tfm_hal_boundary_need_switch
                0x0000e6c0       0x1c spm/libtfm_spm.a(tfm_hal_isolation.o)
                0x0000e6c0                tfm_hal_boundary_need_switch
 .text.tfm_hal_platform_init
                0x0000e6dc       0x30 spm/libtfm_spm.a(tfm_hal_platform.o)
                0x0000e6dc                tfm_hal_platform_init
 .text.tfm_hal_get_ns_VTOR
                0x0000e70c        0xc spm/libtfm_spm.a(tfm_hal_platform.o)
                0x0000e70c                tfm_hal_get_ns_VTOR
 .text.tfm_hal_get_ns_MSP
                0x0000e718        0xc spm/libtfm_spm.a(tfm_hal_platform.o)
                0x0000e718                tfm_hal_get_ns_MSP
 .text.tfm_hal_get_ns_entry_point
                0x0000e724        0xc spm/libtfm_spm.a(tfm_hal_platform.o)
                0x0000e724                tfm_hal_get_ns_entry_point
 .text.tfm_core_validate_boot_data
                0x0000e730        0xc spm/libtfm_spm.a(tfm_boot_data.o)
                0x0000e730                tfm_core_validate_boot_data
 .text.tfm_core_get_boot_data_handler
                0x0000e73c       0x40 spm/libtfm_spm.a(tfm_boot_data.o)
                0x0000e73c                tfm_core_get_boot_data_handler
 .text.tfm_arch_free_msp_and_exc_ret
                0x0000e77c        0xc spm/libtfm_spm.a(tfm_arch.o)
                0x0000e77c                tfm_arch_free_msp_and_exc_ret
 .text.tfm_arch_set_context_ret_code
                0x0000e788        0x8 spm/libtfm_spm.a(tfm_arch.o)
                0x0000e788                tfm_arch_set_context_ret_code
 .text.arch_acquire_sched_lock
                0x0000e790       0x10 spm/libtfm_spm.a(tfm_arch.o)
                0x0000e790                arch_acquire_sched_lock
 .text.arch_release_sched_lock
                0x0000e7a0       0x14 spm/libtfm_spm.a(tfm_arch.o)
                0x0000e7a0                arch_release_sched_lock
 .text.arch_attempt_schedule
                0x0000e7b4       0x2c spm/libtfm_spm.a(tfm_arch.o)
                0x0000e7b4                arch_attempt_schedule
 .text.tfm_arch_init_context
                0x0000e7e0       0x6c spm/libtfm_spm.a(tfm_arch.o)
                0x0000e7e0                tfm_arch_init_context
 .text.tfm_arch_refresh_hardware_context
                0x0000e84c       0x18 spm/libtfm_spm.a(tfm_arch.o)
                0x0000e84c                tfm_arch_refresh_hardware_context
 .text.spm_get_handle_by_signal
                0x0000e864       0x58 spm/libtfm_spm.a(spm_ipc.o)
                0x0000e864                spm_get_handle_by_signal
 .text.tfm_spm_get_service_by_sid
                0x0000e8bc       0x38 spm/libtfm_spm.a(spm_ipc.o)
                0x0000e8bc                tfm_spm_get_service_by_sid
 .text.tfm_spm_get_partition_by_id
                0x0000e8f4       0x1c spm/libtfm_spm.a(spm_ipc.o)
                0x0000e8f4                tfm_spm_get_partition_by_id
 .text.tfm_spm_check_client_version
                0x0000e910       0x24 spm/libtfm_spm.a(spm_ipc.o)
                0x0000e910                tfm_spm_check_client_version
 .text.tfm_spm_check_authorization
                0x0000e934       0x54 spm/libtfm_spm.a(spm_ipc.o)
                0x0000e934                tfm_spm_check_authorization
 .text.spm_get_connection
                0x0000e988      0x12c spm/libtfm_spm.a(spm_ipc.o)
                0x0000e988                spm_get_connection
 .text.spm_msg_handle_to_connection
                0x0000eab4       0x44 spm/libtfm_spm.a(spm_ipc.o)
                0x0000eab4                spm_msg_handle_to_connection
 .text.spm_init_connection
                0x0000eaf8       0x34 spm/libtfm_spm.a(spm_ipc.o)
                0x0000eaf8                spm_init_connection
 .text.tfm_spm_partition_get_running_partition_id
                0x0000eb2c       0x20 spm/libtfm_spm.a(spm_ipc.o)
                0x0000eb2c                tfm_spm_partition_get_running_partition_id
 .text.tfm_spm_is_ns_caller
                0x0000eb4c       0x28 spm/libtfm_spm.a(spm_ipc.o)
                0x0000eb4c                tfm_spm_is_ns_caller
 .text.tfm_spm_get_client_id
                0x0000eb74       0x3c spm/libtfm_spm.a(spm_ipc.o)
                0x0000eb74                tfm_spm_get_client_id
 .text.tfm_spm_init
                0x0000ebb0       0x68 spm/libtfm_spm.a(spm_ipc.o)
                0x0000ebb0                tfm_spm_init
 .text.update_caller_outvec_len
                0x0000ec18       0x2c spm/libtfm_spm.a(spm_ipc.o)
                0x0000ec18                update_caller_outvec_len
 .text.load_a_partition_assuredly
                0x0000ec44       0xec spm/libtfm_spm.a(rom_loader.o)
                0x0000ec44                load_a_partition_assuredly
 .text.load_services_assuredly
                0x0000ed30      0x174 spm/libtfm_spm.a(rom_loader.o)
                0x0000ed30                load_services_assuredly
 .text.load_irqs_assuredly
                0x0000eea4        0x4 spm/libtfm_spm.a(rom_loader.o)
                0x0000eea4                load_irqs_assuredly
 .text.query_state
                0x0000eea8       0x50 spm/libtfm_spm.a(backend_ipc.o)
 .text.partition_init
                0x0000eef8       0x28 spm/libtfm_spm.a(backend_ipc.o)
 .text.ns_agent_tz_init
                0x0000ef20       0x20 spm/libtfm_spm.a(backend_ipc.o)
 .text.backend_messaging
                0x0000ef40       0x84 spm/libtfm_spm.a(backend_ipc.o)
                0x0000ef40                backend_messaging
 .text.backend_replying
                0x0000efc4       0x28 spm/libtfm_spm.a(backend_ipc.o)
                0x0000efc4                backend_replying
 .text.backend_init_comp_assuredly
                0x0000efec       0xc8 spm/libtfm_spm.a(backend_ipc.o)
                0x0000efec                backend_init_comp_assuredly
 .text.backend_system_run
                0x0000f0b4       0x48 spm/libtfm_spm.a(backend_ipc.o)
                0x0000f0b4                backend_system_run
 .text.backend_wait_signals
                0x0000f0fc       0x24 spm/libtfm_spm.a(backend_ipc.o)
                0x0000f0fc                backend_wait_signals
 .text.backend_assert_signal
                0x0000f120       0x30 spm/libtfm_spm.a(backend_ipc.o)
                0x0000f120                backend_assert_signal
 .text.backend_abi_entering_spm
                0x0000f150       0x50 spm/libtfm_spm.a(backend_ipc.o)
                0x0000f150                backend_abi_entering_spm
 .text.backend_abi_leaving_spm
                0x0000f1a0       0x24 spm/libtfm_spm.a(backend_ipc.o)
                0x0000f1a0                backend_abi_leaving_spm
 .text.ipc_schedule
                0x0000f1c4       0x8c spm/libtfm_spm.a(backend_ipc.o)
                0x0000f1c4                ipc_schedule
 .text.thrd_set_query_callback
                0x0000f250        0xc spm/libtfm_spm.a(thread.o)
                0x0000f250                thrd_set_query_callback
 .text.thrd_next
                0x0000f25c       0x5c spm/libtfm_spm.a(thread.o)
                0x0000f25c                thrd_next
 .text.thrd_start
                0x0000f2b8       0x5c spm/libtfm_spm.a(thread.o)
                0x0000f2b8                thrd_start
 .text.thrd_start_scheduler
                0x0000f314       0x64 spm/libtfm_spm.a(thread.o)
                0x0000f314                thrd_start_scheduler
 .text.tfm_nspm_get_current_client_id
                0x0000f378        0x8 spm/libtfm_spm.a(tfm_spm_ns_ctx.o)
                0x0000f378                tfm_nspm_get_current_client_id
 .text.tfm_nspm_ctx_init
                0x0000f380       0x18 spm/libtfm_spm.a(tfm_spm_ns_ctx.o)
                0x0000f380                tfm_nspm_ctx_init
 .text.connection_to_handle
                0x0000f398       0x28 spm/libtfm_spm.a(spm_connection_pool.o)
                0x0000f398                connection_to_handle
 .text.handle_to_connection
                0x0000f3c0       0x10 spm/libtfm_spm.a(spm_connection_pool.o)
                0x0000f3c0                handle_to_connection
 .text.spm_init_connection_space
                0x0000f3d0       0x20 spm/libtfm_spm.a(spm_connection_pool.o)
                0x0000f3d0                spm_init_connection_space
 .text.spm_allocate_connection
                0x0000f3f0        0xc spm/libtfm_spm.a(spm_connection_pool.o)
                0x0000f3f0                spm_allocate_connection
 .text.spm_validate_connection
                0x0000f3fc       0x1c spm/libtfm_spm.a(spm_connection_pool.o)
                0x0000f3fc                spm_validate_connection
 .text.spm_free_connection
                0x0000f418       0x1c spm/libtfm_spm.a(spm_connection_pool.o)
                0x0000f418                spm_free_connection
 .text.enable_fault_handlers
                0x0000f434       0x14 spm/libtfm_spm.a(target_cfg.o)
                0x0000f434                enable_fault_handlers
 .text.system_reset_cfg
                0x0000f448       0x48 spm/libtfm_spm.a(target_cfg.o)
                0x0000f448                system_reset_cfg
 .text.init_debug
                0x0000f490        0x4 spm/libtfm_spm.a(target_cfg.o)
                0x0000f490                init_debug
 .text.nvic_interrupt_target_state_cfg
                0x0000f494       0x50 spm/libtfm_spm.a(target_cfg.o)
                0x0000f494                nvic_interrupt_target_state_cfg
 .text.nvic_interrupt_enable
                0x0000f4e4        0x4 spm/libtfm_spm.a(target_cfg.o)
                0x0000f4e4                nvic_interrupt_enable
 .text.sau_and_idau_cfg
                0x0000f4e8      0x16c spm/libtfm_spm.a(target_cfg.o)
                0x0000f4e8                sau_and_idau_cfg
 .text.spm_handle_programmer_errors
                0x0000f654       0x1c spm/libtfm_spm.a(psa_api.o)
                0x0000f654                spm_handle_programmer_errors
 .text.tfm_spm_get_lifecycle_state
                0x0000f670        0x4 spm/libtfm_spm.a(psa_api.o)
                0x0000f670                tfm_spm_get_lifecycle_state
 .text.tfm_spm_partition_psa_wait
                0x0000f674       0x40 spm/libtfm_spm.a(psa_api.o)
                0x0000f674                tfm_spm_partition_psa_wait
 .text.tfm_spm_partition_psa_get
                0x0000f6b4       0xc0 spm/libtfm_spm.a(psa_api.o)
                0x0000f6b4                tfm_spm_partition_psa_get
 .text.tfm_spm_partition_psa_reply
                0x0000f774       0xb4 spm/libtfm_spm.a(psa_api.o)
                0x0000f774                tfm_spm_partition_psa_reply
 .text.tfm_spm_partition_psa_notify
                0x0000f828       0x10 spm/libtfm_spm.a(psa_api.o)
                0x0000f828                tfm_spm_partition_psa_notify
 .text.tfm_spm_partition_psa_clear
                0x0000f838       0x34 spm/libtfm_spm.a(psa_api.o)
                0x0000f838                tfm_spm_partition_psa_clear
 .text.tfm_spm_partition_psa_panic
                0x0000f86c        0xc spm/libtfm_spm.a(psa_api.o)
                0x0000f86c                tfm_spm_partition_psa_panic
 .text.tfm_pool_init
                0x0000f878       0x68 spm/libtfm_spm.a(tfm_pools.o)
                0x0000f878                tfm_pool_init
 .text.tfm_pool_alloc
                0x0000f8e0       0x18 spm/libtfm_spm.a(tfm_pools.o)
                0x0000f8e0                tfm_pool_alloc
 .text.tfm_pool_free
                0x0000f8f8        0xc spm/libtfm_spm.a(tfm_pools.o)
                0x0000f8f8                tfm_pool_free
 .text.is_valid_chunk_data_in_pool
                0x0000f904       0x2c spm/libtfm_spm.a(tfm_pools.o)
                0x0000f904                is_valid_chunk_data_in_pool
 .text.spm_associate_call_params
                0x0000f930      0x204 spm/libtfm_spm.a(psa_call_api.o)
                0x0000f930                spm_associate_call_params
 .text.tfm_spm_client_psa_call
                0x0000fb34       0x58 spm/libtfm_spm.a(psa_call_api.o)
                0x0000fb34                tfm_spm_client_psa_call
 .text.tfm_spm_client_psa_framework_version
                0x0000fb8c        0x8 spm/libtfm_spm.a(psa_version_api.o)
                0x0000fb8c                tfm_spm_client_psa_framework_version
 .text.tfm_spm_client_psa_version
                0x0000fb94       0x2c spm/libtfm_spm.a(psa_version_api.o)
                0x0000fb94                tfm_spm_client_psa_version
 .text.tfm_spm_partition_psa_read
                0x0000fbc0       0x84 spm/libtfm_spm.a(psa_read_write_skip_api.o)
                0x0000fbc0                tfm_spm_partition_psa_read
 .text.tfm_spm_partition_psa_skip
                0x0000fc44       0x44 spm/libtfm_spm.a(psa_read_write_skip_api.o)
                0x0000fc44                tfm_spm_partition_psa_skip
 .text.tfm_spm_partition_psa_write
                0x0000fc88       0x80 spm/libtfm_spm.a(psa_read_write_skip_api.o)
                0x0000fc88                tfm_spm_partition_psa_write
 .text.tfm_spm_client_psa_connect
                0x0000fd08       0x78 spm/libtfm_spm.a(psa_connection_api.o)
                0x0000fd08                tfm_spm_client_psa_connect
 .text.tfm_spm_client_psa_close
                0x0000fd80       0x44 spm/libtfm_spm.a(psa_connection_api.o)
                0x0000fd80                tfm_spm_client_psa_close
 .text.tfm_spm_partition_psa_set_rhandle
                0x0000fdc4       0x2c spm/libtfm_spm.a(psa_connection_api.o)
                0x0000fdc4                tfm_spm_partition_psa_set_rhandle
 *libplatform_s*:*(.rodata*)
 .rodata.psa_rot_prov_data
                0x0000fdf0      0x10c ../platform/libplatform_s.a(provisioning.o)
 .rodata.assembly_and_test_prov_data
                0x0000fefc       0x24 ../platform/libplatform_s.a(provisioning.o)
 .rodata.Driver_USART0
                0x0000ff20       0x38 ../platform/libplatform_s.a(Driver_USART.o)
                0x0000ff20                Driver_USART0
 .rodata.DriverVersion
                0x0000ff58        0x4 ../platform/libplatform_s.a(Driver_USART.o)
 .rodata.ARM_UART0_DEV_CFG_S
                0x0000ff5c        0x8 ../platform/libplatform_s.a(platform_retarget_dev.o)
 .rodata.data_width_byte
                0x0000ff64        0xc ../platform/libplatform_s.a(flash_otp_nv_counters_backend.o)
 .rodata.Driver_FLASH0
                0x0000ff70       0x2c ../platform/libplatform_s.a(Driver_Flash.o)
                0x0000ff70                Driver_FLASH0
 .rodata.ARM_FLASH0_DEV_DATA
                0x0000ff9c       0x18 ../platform/libplatform_s.a(Driver_Flash.o)
 .rodata.DriverVersion
                0x0000ffb4        0x4 ../platform/libplatform_s.a(Driver_Flash.o)
 *libtfm_spm*:*(.rodata*)
 .rodata.serv_pool_ea
                0x0000ffb8        0x4 spm/libtfm_spm.a(rom_loader.o)
 .rodata.part_pool_ea
                0x0000ffbc        0x4 spm/libtfm_spm.a(rom_loader.o)
 .rodata.ldinf_ea
                0x0000ffc0        0x4 spm/libtfm_spm.a(rom_loader.o)
 .rodata.memory_regions
                0x0000ffc4       0x14 spm/libtfm_spm.a(target_cfg.o)
                0x0000ffc4                memory_regions

.TFM_UNPRIV_CODE
                0x0000ffe0      0x660
 *(SFN)
 SFN            0x0000ffe0       0xac CMakeFiles/tfm_s.dir/partitions/ns_agent_tz/psa_api_veneers_v80m.o
                0x0000ffe0                __acle_se_tfm_psa_framework_version_veneer
                0x00010000                __acle_se_tfm_psa_version_veneer
                0x00010020                __acle_se_tfm_psa_call_veneer
                0x00010048                __acle_se_tfm_psa_connect_veneer
                0x00010068                __acle_se_tfm_psa_close_veneer
 *(SORT_BY_ALIGNMENT(.text*))
 .text.deregister_tm_clones
                0x0001008c       0x1c /home/developer/.conan/data/arm-none-eabi-gcc/12.3.Rel1-0/library-msp/ga/package/44fcf6b9a7fb86b2586303e3db40189d3b511830/bin/../lib/gcc/arm-none-eabi/12.3.1/thumb/v8-m.main+fp/hard/crtbegin.o
 .text.register_tm_clones
                0x000100a8       0x28 /home/developer/.conan/data/arm-none-eabi-gcc/12.3.Rel1-0/library-msp/ga/package/44fcf6b9a7fb86b2586303e3db40189d3b511830/bin/../lib/gcc/arm-none-eabi/12.3.1/thumb/v8-m.main+fp/hard/crtbegin.o
 .text.__do_global_dtors_aux
                0x000100d0       0x28 /home/developer/.conan/data/arm-none-eabi-gcc/12.3.Rel1-0/library-msp/ga/package/44fcf6b9a7fb86b2586303e3db40189d3b511830/bin/../lib/gcc/arm-none-eabi/12.3.1/thumb/v8-m.main+fp/hard/crtbegin.o
 .text.frame_dummy
                0x000100f8       0x24 /home/developer/.conan/data/arm-none-eabi-gcc/12.3.Rel1-0/library-msp/ga/package/44fcf6b9a7fb86b2586303e3db40189d3b511830/bin/../lib/gcc/arm-none-eabi/12.3.1/thumb/v8-m.main+fp/hard/crtbegin.o
 .text          0x0001011c       0x7c /home/developer/.conan/data/arm-none-eabi-gcc/12.3.Rel1-0/library-msp/ga/package/44fcf6b9a7fb86b2586303e3db40189d3b511830/bin/../lib/gcc/arm-none-eabi/12.3.1/../../../../arm-none-eabi/lib/thumb/v8-m.main+fp/hard/crt0.o
                0x0001011c                _stack_init
                0x00010124                _mainCRTStartup
                0x00010124                _start
 .text.clear_caller_context
                0x00010198       0x5c CMakeFiles/tfm_s.dir/partitions/ns_agent_tz/psa_api_veneers_v80m.o
 .text.C_HardFault_Handler
                0x000101f4        0x4 CMakeFiles/tfm_s.dir/__/platform/ext/common/faults.o
                0x000101f4                C_HardFault_Handler
 .text.HardFault_Handler
                0x000101f8        0x8 CMakeFiles/tfm_s.dir/__/platform/ext/common/faults.o
                0x000101f8                HardFault_Handler
 .text.C_MemManage_Handler
                0x00010200        0x4 CMakeFiles/tfm_s.dir/__/platform/ext/common/faults.o
                0x00010200                C_MemManage_Handler
 .text.MemManage_Handler
                0x00010204        0x8 CMakeFiles/tfm_s.dir/__/platform/ext/common/faults.o
                0x00010204                MemManage_Handler
 .text.C_BusFault_Handler
                0x0001020c        0x4 CMakeFiles/tfm_s.dir/__/platform/ext/common/faults.o
                0x0001020c                C_BusFault_Handler
 .text.BusFault_Handler
                0x00010210        0x8 CMakeFiles/tfm_s.dir/__/platform/ext/common/faults.o
                0x00010210                BusFault_Handler
 .text.C_SecureFault_Handler
                0x00010218        0x4 CMakeFiles/tfm_s.dir/__/platform/ext/common/faults.o
                0x00010218                C_SecureFault_Handler
 .text.SecureFault_Handler
                0x0001021c        0x8 CMakeFiles/tfm_s.dir/__/platform/ext/common/faults.o
                0x0001021c                SecureFault_Handler
 .text.C_UsageFault_Handler
                0x00010224        0x4 CMakeFiles/tfm_s.dir/__/platform/ext/common/faults.o
                0x00010224                C_UsageFault_Handler
 .text.UsageFault_Handler
                0x00010228        0x8 CMakeFiles/tfm_s.dir/__/platform/ext/common/faults.o
                0x00010228                UsageFault_Handler
 .text.memset   0x00010230       0x7c partitions/lib/runtime/libtfm_sprt.a(crt_memset.o)
                0x00010230                memset
 .text.psa_framework_version
                0x000102ac       0x10 partitions/lib/runtime/libtfm_sprt.a(psa_api_ipc.o)
                0x000102ac                psa_framework_version
 .text.psa_version
                0x000102bc       0x10 partitions/lib/runtime/libtfm_sprt.a(psa_api_ipc.o)
                0x000102bc                psa_version
 .text.tfm_psa_call_pack
                0x000102cc       0x18 partitions/lib/runtime/libtfm_sprt.a(psa_api_ipc.o)
                0x000102cc                tfm_psa_call_pack
 .text.psa_wait
                0x000102e4       0x10 partitions/lib/runtime/libtfm_sprt.a(psa_api_ipc.o)
                0x000102e4                psa_wait
 .text.psa_get  0x000102f4       0x10 partitions/lib/runtime/libtfm_sprt.a(psa_api_ipc.o)
                0x000102f4                psa_get
 .text.psa_reply
                0x00010304       0x10 partitions/lib/runtime/libtfm_sprt.a(psa_api_ipc.o)
                0x00010304                psa_reply
 .text.psa_panic
                0x00010314       0x10 partitions/lib/runtime/libtfm_sprt.a(psa_api_ipc.o)
                0x00010314                psa_panic
 .text.psa_connect
                0x00010324       0x10 partitions/lib/runtime/libtfm_sprt.a(psa_api_ipc.o)
                0x00010324                psa_connect
 .text.psa_close
                0x00010334       0x10 partitions/lib/runtime/libtfm_sprt.a(psa_api_ipc.o)
                0x00010334                psa_close
 .text.memcpy   0x00010344       0x7c partitions/lib/runtime/libtfm_sprt.a(crt_memcpy.o)
                0x00010344                memcpy
 .text.common_sfn_thread
                0x000103c0       0xa8 partitions/lib/runtime/libtfm_sprt.a(sfn_common_thread.o)
                0x000103c0                common_sfn_thread
 .text.SetupTrimDevice
                0x00010468       0x10 /home/developer/.conan/data/driverlib_loki/6.30.00.12/library-lprf/ga/package/5ab84d6acfe1f23c4fae0ab88f26e3a396351ac9/source/ti/devices/cc27xx/driverlib/lib/gcc/driverlib.a(setup.c.o)
                0x00010468                SetupTrimDevice
 .text.cmse_check_address_range
                0x00010478       0xe4 /home/developer/.conan/data/arm-none-eabi-gcc/12.3.Rel1-0/library-msp/ga/package/44fcf6b9a7fb86b2586303e3db40189d3b511830/bin/../lib/gcc/arm-none-eabi/12.3.1/thumb/v8-m.main+fp/hard/libgcc.a(cmse.o)
                0x00010478                cmse_check_address_range
 .text.exit     0x0001055c       0x24 /home/developer/.conan/data/arm-none-eabi-gcc/12.3.Rel1-0/library-msp/ga/package/44fcf6b9a7fb86b2586303e3db40189d3b511830/bin/../lib/gcc/arm-none-eabi/12.3.1/../../../../arm-none-eabi/lib/thumb/v8-m.main+fp/hard/libc_nano.a(libc_a-exit.o)
                0x0001055c                exit
 .text.__libc_init_array
                0x00010580       0x48 /home/developer/.conan/data/arm-none-eabi-gcc/12.3.Rel1-0/library-msp/ga/package/44fcf6b9a7fb86b2586303e3db40189d3b511830/bin/../lib/gcc/arm-none-eabi/12.3.1/../../../../arm-none-eabi/lib/thumb/v8-m.main+fp/hard/libc_nano.a(libc_a-init.o)
                0x00010580                __libc_init_array
 .text._exit    0x000105c8        0x4 /home/developer/.conan/data/arm-none-eabi-gcc/12.3.Rel1-0/library-msp/ga/package/44fcf6b9a7fb86b2586303e3db40189d3b511830/bin/../lib/gcc/arm-none-eabi/12.3.1/../../../../arm-none-eabi/lib/thumb/v8-m.main+fp/hard/libnosys.a(_exit.o)
                0x000105c8                _exit
 *(.init)
 .init          0x000105cc        0x4 /home/developer/.conan/data/arm-none-eabi-gcc/12.3.Rel1-0/library-msp/ga/package/44fcf6b9a7fb86b2586303e3db40189d3b511830/bin/../lib/gcc/arm-none-eabi/12.3.1/thumb/v8-m.main+fp/hard/crti.o
                0x000105cc                _init
 .init          0x000105d0        0x8 /home/developer/.conan/data/arm-none-eabi-gcc/12.3.Rel1-0/library-msp/ga/package/44fcf6b9a7fb86b2586303e3db40189d3b511830/bin/../lib/gcc/arm-none-eabi/12.3.1/thumb/v8-m.main+fp/hard/crtn.o
 *(.fini)
 .fini          0x000105d8        0x4 /home/developer/.conan/data/arm-none-eabi-gcc/12.3.Rel1-0/library-msp/ga/package/44fcf6b9a7fb86b2586303e3db40189d3b511830/bin/../lib/gcc/arm-none-eabi/12.3.1/thumb/v8-m.main+fp/hard/crti.o
                0x000105d8                _fini
 .fini          0x000105dc        0x8 /home/developer/.conan/data/arm-none-eabi-gcc/12.3.Rel1-0/library-msp/ga/package/44fcf6b9a7fb86b2586303e3db40189d3b511830/bin/../lib/gcc/arm-none-eabi/12.3.1/thumb/v8-m.main+fp/hard/crtn.o
 *crtbegin.o(.ctors)
 *crtbegin?.o(.ctors)
 *(EXCLUDE_FILE(*crtend.o *crtend?.o) .ctors)
 *(SORT_BY_NAME(.ctors.*))
 *(.ctors)
 *crtbegin.o(.dtors)
 *crtbegin?.o(.dtors)
 *(EXCLUDE_FILE(*crtend.o *crtend?.o) .dtors)
 *(SORT_BY_NAME(.dtors.*))
 *(.dtors)
 *(SORT_BY_ALIGNMENT(.rodata*))
 .rodata.str1.4
                0x000105e4       0x12 CMakeFiles/tfm_s.dir/__/generated/secure_fw/partitions/ti_system/auto_generated/load_info_system_sp.o
 *fill*         0x000105f6        0x2 
 .rodata.psa_api_thread_fn_call
                0x000105f8       0x40 partitions/lib/runtime/libtfm_sprt.a(psa_interface_thread_fn_call.o)
                0x000105f8                psa_api_thread_fn_call
 *(.eh_frame*)
 .eh_frame      0x00010638        0x0 /home/developer/.conan/data/arm-none-eabi-gcc/12.3.Rel1-0/library-msp/ga/package/44fcf6b9a7fb86b2586303e3db40189d3b511830/bin/../lib/gcc/arm-none-eabi/12.3.1/thumb/v8-m.main+fp/hard/crtbegin.o
 .eh_frame      0x00010638        0x4 /home/developer/.conan/data/arm-none-eabi-gcc/12.3.Rel1-0/library-msp/ga/package/44fcf6b9a7fb86b2586303e3db40189d3b511830/bin/../lib/gcc/arm-none-eabi/12.3.1/thumb/v8-m.main+fp/hard/crtend.o
                0x00010640                        . = ALIGN (0x20)
 *fill*         0x0001063c        0x4 
                0x0000ffe0                        Image$$TFM_UNPRIV_CODE_START$$RO$$Base = ADDR (.TFM_UNPRIV_CODE)
                0x00010640                        Image$$TFM_UNPRIV_CODE_END$$RO$$Limit = (ADDR (.TFM_UNPRIV_CODE) + SIZEOF (.TFM_UNPRIV_CODE))

.glue_7         0x00010640        0x0
 .glue_7        0x00010640        0x0 linker stubs

.glue_7t        0x00010640        0x0
 .glue_7t       0x00010640        0x0 linker stubs

.vfp11_veneer   0x00010640        0x0
 .vfp11_veneer  0x00010640        0x0 linker stubs

.v4_bx          0x00010640        0x0
 .v4_bx         0x00010640        0x0 linker stubs

.iplt           0x00010640        0x0
 .iplt          0x00010640        0x0 /home/developer/.conan/data/arm-none-eabi-gcc/12.3.Rel1-0/library-msp/ga/package/44fcf6b9a7fb86b2586303e3db40189d3b511830/bin/../lib/gcc/arm-none-eabi/12.3.1/thumb/v8-m.main+fp/hard/crtbegin.o

.psa_interface_thread_fn_call
                0x00010640      0x100
 .psa_interface_thread_fn_call
                0x00010640      0x100 partitions/lib/runtime/libtfm_sprt.a(psa_interface_thread_fn_call.o)
                0x00010640                psa_framework_version_thread_fn_call
                0x0001064c                psa_version_thread_fn_call
                0x00010658                tfm_psa_call_pack_thread_fn_call
                0x00010664                psa_wait_thread_fn_call
                0x00010670                psa_get_thread_fn_call
                0x0001067c                psa_read_thread_fn_call
                0x00010688                psa_skip_thread_fn_call
                0x00010694                psa_write_thread_fn_call
                0x000106a0                psa_reply_thread_fn_call
                0x000106ac                psa_notify_thread_fn_call
                0x000106b8                psa_clear_thread_fn_call
                0x000106c4                psa_panic_thread_fn_call
                0x000106d0                psa_rot_lifecycle_state_thread_fn_call
                0x000106dc                psa_connect_thread_fn_call
                0x000106e8                psa_close_thread_fn_call
                0x000106f4                psa_set_rhandle_thread_fn_call

.rel.dyn        0x00010740        0x0
 .rel.iplt      0x00010740        0x0 /home/developer/.conan/data/arm-none-eabi-gcc/12.3.Rel1-0/library-msp/ga/package/44fcf6b9a7fb86b2586303e3db40189d3b511830/bin/../lib/gcc/arm-none-eabi/12.3.1/thumb/v8-m.main+fp/hard/crtbegin.o

.gnu.sgstubs    0x00010740       0x40
 *(.gnu.sgstubs*)
 .gnu.sgstubs.__stub
                0x00010740       0x28 linker stubs
                0x00010740                tfm_psa_framework_version_veneer
                0x00010748                tfm_psa_version_veneer
                0x00010750                tfm_psa_close_veneer
                0x00010758                tfm_psa_connect_veneer
                0x00010760                tfm_psa_call_veneer

.sgstubs_end    0x00010780        0x0

.tfm_secure_data_start
                0x20000000        0x0
                0x20000000                        . = ALIGN (0x4)

.tfm_bl2_shared_data
                0x20000000      0x400
                0x20000400                        . = (. + 0x400)
 *fill*         0x20000000      0x400 

.msp_stack      0x20000400      0x7f8
                0x20000bf8                        . = (. + (__msp_stack_size__ - 0x8))
 *fill*         0x20000400      0x7f8 
                0x20000400                        Image$$ARM_LIB_STACK$$ZI$$Base = ADDR (.msp_stack)
                0x20000bf8                        Image$$ARM_LIB_STACK$$ZI$$Limit = (ADDR (.msp_stack) + SIZEOF (.msp_stack))

.msp_stack_seal_res
                0x20000bf8        0x8
                0x20000c00                        . = (. + 0x8)
 *fill*         0x20000bf8        0x8 
                0x20000bf8                        __StackSeal = ADDR (.msp_stack_seal_res)

.TFM_SP_META_PTR
                0x20000c00       0x20
 *(.bss.SP_META_PTR_SPRTL_INST)
 .bss.SP_META_PTR_SPRTL_INST
                0x20000c00        0x4 partitions/lib/runtime/libtfm_sprt.a(sprt_partition_metadata_indicator.o)
                0x20000c00                p_partition_metadata
                0x20000c20                        . = ALIGN (0x20)
 *fill*         0x20000c04       0x1c 
                0x20000c00                        Image$$TFM_SP_META_PTR$$ZI$$Base = ADDR (.TFM_SP_META_PTR)
                0x20000c20                        Image$$TFM_SP_META_PTR$$ZI$$Limit = (ADDR (.TFM_SP_META_PTR) + SIZEOF (.TFM_SP_META_PTR))
                0x20000c20                        Image$$TFM_SP_META_PTR_END$$ZI$$Limit = Image$$TFM_SP_META_PTR$$ZI$$Limit
                0x20000c20                        . = ALIGN (0x20)
                0x20000c20                        Image$$TFM_APP_RW_STACK_START$$Base = .

.TFM_APP_ROT_LINKER_DATA
                0x20000c20        0x0 load address 0x00010780
 *tfm_app_rot_partition*:(SORT_BY_ALIGNMENT(.data*))
 *(TFM_*_APP-ROT_ATTR_RW)
                0x20000c20                        . = ALIGN (0x4)
                0x20000c20                        Image$$TFM_APP_ROT_LINKER_DATA$$RW$$Base = ADDR (.TFM_APP_ROT_LINKER_DATA)
                0x20000c20                        Image$$TFM_APP_ROT_LINKER_DATA$$RW$$Limit = (ADDR (.TFM_APP_ROT_LINKER_DATA) + SIZEOF (.TFM_APP_ROT_LINKER_DATA))

.TFM_APP_ROT_LINKER_BSS
                0x20000c20     0x1000
                0x20000c20                        start_of_TFM_APP_ROT_LINKER = .
 *tfm_app_rot_partition*:(SORT_BY_ALIGNMENT(.bss*))
 .bss.system_sp_stack
                0x20000c20     0x1000 partitions/partitions/_1/system_sp/libti_tfm_app_rot_partition_system.a(intermedia_system_sp.o)
                0x20000c20                system_sp_stack
 *tfm_app_rot_partition*:*(COMMON)
 *(TFM_*_APP-ROT_ATTR_ZI)
                0x20001c20                        . = (. + (. - start_of_TFM_APP_ROT_LINKER)?0x0:0x4)
                0x20001c20                        . = ALIGN (0x20)
                0x20000c20                        Image$$TFM_APP_ROT_LINKER_DATA$$ZI$$Base = ADDR (.TFM_APP_ROT_LINKER_BSS)
                0x20001c20                        Image$$TFM_APP_ROT_LINKER_DATA$$ZI$$Limit = (ADDR (.TFM_APP_ROT_LINKER_BSS) + SIZEOF (.TFM_APP_ROT_LINKER_BSS))
                0x20001c20                        Image$$TFM_APP_RW_STACK_END$$Base = .
                0x20001c20                        Image$$TFM_PSA_RW_STACK_START$$Base = .

.TFM_PSA_ROT_LINKER_DATA
                0x20001c20        0x0 load address 0x00010780
 *tfm_psa_rot_partition*:(SORT_BY_ALIGNMENT(.data*))
 *(TFM_*_PSA-ROT_ATTR_RW)
                0x20001c20                        . = ALIGN (0x4)
                0x20001c20                        Image$$TFM_PSA_ROT_LINKER_DATA$$RW$$Base = ADDR (.TFM_PSA_ROT_LINKER_DATA)
                0x20001c20                        Image$$TFM_PSA_ROT_LINKER_DATA$$RW$$Limit = (ADDR (.TFM_PSA_ROT_LINKER_DATA) + SIZEOF (.TFM_PSA_ROT_LINKER_DATA))

.TFM_PSA_ROT_LINKER_BSS
                0x20001c20       0x20
                0x20001c20                        start_of_TFM_PSA_ROT_LINKER = .
 *tfm_psa_rot_partition*:(SORT_BY_ALIGNMENT(.bss*))
 *tfm_psa_rot_partition*:*(COMMON)
 *(TFM_*_PSA-ROT_ATTR_ZI)
                0x20001c24                        . = (. + (. - start_of_TFM_PSA_ROT_LINKER)?0x0:0x4)
 *fill*         0x20001c20        0x4 
                0x20001c40                        . = ALIGN (0x20)
 *fill*         0x20001c24       0x1c 
                0x20001c20                        Image$$TFM_PSA_ROT_LINKER_DATA$$ZI$$Base = ADDR (.TFM_PSA_ROT_LINKER_BSS)
                0x20001c40                        Image$$TFM_PSA_ROT_LINKER_DATA$$ZI$$Limit = (ADDR (.TFM_PSA_ROT_LINKER_BSS) + SIZEOF (.TFM_PSA_ROT_LINKER_BSS))
                0x20001c40                        Image$$TFM_PSA_RW_STACK_END$$Base = .

.TFM_DATA       0x20001c40       0x44 load address 0x00010780
 *(SORT_BY_ALIGNMENT(.data*))
 .data.SystemCoreClock
                0x20001c40        0x4 ../platform/libplatform_s.a(system_core_init.o)
                0x20001c40                SystemCoreClock
 .data.serv_pool_sa
                0x20001c44        0x4 spm/libtfm_spm.a(rom_loader.o)
 .data.part_pool_sa
                0x20001c48        0x4 spm/libtfm_spm.a(rom_loader.o)
 .data.ldinf_sa
                0x20001c4c        0x4 spm/libtfm_spm.a(rom_loader.o)
 .data.comp_init_fns
                0x20001c50        0x8 spm/libtfm_spm.a(backend_ipc.o)
                0x20001c50                comp_init_fns
 .data.USART0_DEV
                0x20001c58       0x10 ../platform/libplatform_s.a(Driver_USART.o)
 .data.ARM_UART0_DEV_S
                0x20001c68        0x8 ../platform/libplatform_s.a(platform_retarget_dev.o)
                0x20001c68                ARM_UART0_DEV_S
 .data.FLASH0_DEV
                0x20001c70        0x4 ../platform/libplatform_s.a(Driver_Flash.o)
                0x20001c70                FLASH0_DEV
 .data.ARM_FLASH0_DEV
                0x20001c74        0x8 ../platform/libplatform_s.a(Driver_Flash.o)
                0x20001c7c                        . = ALIGN (0x4)
                0x20001c7c                        PROVIDE (__preinit_array_start = .)
 *(.preinit_array)
                0x20001c7c                        PROVIDE (__preinit_array_end = .)
                0x20001c7c                        . = ALIGN (0x4)
                0x20001c7c                        PROVIDE (__init_array_start = .)
 *(SORT_BY_NAME(.init_array.*))
 *(.init_array)
 .init_array    0x20001c7c        0x4 /home/developer/.conan/data/arm-none-eabi-gcc/12.3.Rel1-0/library-msp/ga/package/44fcf6b9a7fb86b2586303e3db40189d3b511830/bin/../lib/gcc/arm-none-eabi/12.3.1/thumb/v8-m.main+fp/hard/crtbegin.o
                0x20001c80                        PROVIDE (__init_array_end = .)
                0x20001c80                        . = ALIGN (0x4)
                [!provide]                        PROVIDE (__fini_array_start = .)
 *(SORT_BY_NAME(.fini_array.*))
 *(.fini_array)
 .fini_array    0x20001c80        0x4 /home/developer/.conan/data/arm-none-eabi-gcc/12.3.Rel1-0/library-msp/ga/package/44fcf6b9a7fb86b2586303e3db40189d3b511830/bin/../lib/gcc/arm-none-eabi/12.3.1/thumb/v8-m.main+fp/hard/crtbegin.o
                [!provide]                        PROVIDE (__fini_array_end = .)
 *(.jcr*)
                0x20001c84                        . = ALIGN (0x4)
                0x20001c40                        Image$$ER_TFM_DATA$$RW$$Base = ADDR (.TFM_DATA)
                0x20001c84                        Image$$ER_TFM_DATA$$RW$$Limit = (ADDR (.TFM_DATA) + SIZEOF (.TFM_DATA))

.tm_clone_table
                0x20001c84        0x0 load address 0x000107c4
 .tm_clone_table
                0x20001c84        0x0 /home/developer/.conan/data/arm-none-eabi-gcc/12.3.Rel1-0/library-msp/ga/package/44fcf6b9a7fb86b2586303e3db40189d3b511830/bin/../lib/gcc/arm-none-eabi/12.3.1/thumb/v8-m.main+fp/hard/crtbegin.o
 .tm_clone_table
                0x20001c84        0x0 /home/developer/.conan/data/arm-none-eabi-gcc/12.3.Rel1-0/library-msp/ga/package/44fcf6b9a7fb86b2586303e3db40189d3b511830/bin/../lib/gcc/arm-none-eabi/12.3.1/thumb/v8-m.main+fp/hard/crtend.o

.igot.plt       0x20001c84        0x0 load address 0x000107c4
 .igot.plt      0x20001c84        0x0 /home/developer/.conan/data/arm-none-eabi-gcc/12.3.Rel1-0/library-msp/ga/package/44fcf6b9a7fb86b2586303e3db40189d3b511830/bin/../lib/gcc/arm-none-eabi/12.3.1/thumb/v8-m.main+fp/hard/crtbegin.o

.TFM_BSS        0x20001c84      0xb78
                0x20001c84                        __bss_start__ = .
                0x20001c84                        __partition_runtime_start__ = .
 *(.bss.part_runtime_priority_00)
 .bss.part_runtime_priority_00
                0x20001c84       0x44 CMakeFiles/tfm_s.dir/partitions/ns_agent_tz/load_info_ns_agent_tz.o
 *(.bss.part_runtime_priority_01)
 *(.bss.part_runtime_priority_02)
 *(.bss.part_runtime_priority_03)
 .bss.part_runtime_priority_03
                0x20001cc8       0x44 CMakeFiles/tfm_s.dir/__/generated/secure_fw/partitions/ti_system/auto_generated/load_info_system_sp.o
                0x20001d0c                        __partition_runtime_end__ = .
                0x20001d0c                        . = ALIGN (0x4)
                0x20001d0c                        __service_runtime_start__ = .
 *(.bss.serv_runtime_priority_00)
 *(.bss.serv_runtime_priority_01)
 *(.bss.serv_runtime_priority_02)
 *(.bss.serv_runtime_priority_03)
 .bss.serv_runtime_priority_03
                0x20001d0c        0xc CMakeFiles/tfm_s.dir/__/generated/secure_fw/partitions/ti_system/auto_generated/load_info_system_sp.o
                0x20001d18                        __service_runtime_end__ = .
 *(SORT_BY_ALIGNMENT(.bss*))
 *fill*         0x20001d18        0x8 
 .bss.ns_agent_tz_stack
                0x20001d20      0x400 CMakeFiles/tfm_s.dir/partitions/ns_agent_tz/load_info_ns_agent_tz.o
                0x20001d20                ns_agent_tz_stack
 .bss.object.0  0x20002120       0x18 /home/developer/.conan/data/arm-none-eabi-gcc/12.3.Rel1-0/library-msp/ga/package/44fcf6b9a7fb86b2586303e3db40189d3b511830/bin/../lib/gcc/arm-none-eabi/12.3.1/thumb/v8-m.main+fp/hard/crtbegin.o
 .bss.spm_boundary
                0x20002138        0x4 spm/libtfm_spm.a(main.o)
                0x20002138                spm_boundary
 .bss.scheduler_lock
                0x2000213c        0x4 spm/libtfm_spm.a(tfm_arch_v8m_main.o)
                0x2000213c                scheduler_lock
 .bss.is_boot_data_valid
                0x20002140        0x4 spm/libtfm_spm.a(tfm_boot_data.o)
 .bss.stateless_services_ref_tbl
                0x20002144       0x80 spm/libtfm_spm.a(spm_ipc.o)
                0x20002144                stateless_services_ref_tbl
 .bss.services_listhead
                0x200021c4        0x8 spm/libtfm_spm.a(spm_ipc.o)
 .bss.partition_meta_indicator_pos
                0x200021cc        0x4 spm/libtfm_spm.a(backend_ipc.o)
                0x200021cc                partition_meta_indicator_pos
 .bss.p_spm_thread_context
                0x200021d0        0x4 spm/libtfm_spm.a(backend_ipc.o)
                0x200021d0                p_spm_thread_context
 .bss.partition_listhead
                0x200021d4        0x8 spm/libtfm_spm.a(backend_ipc.o)
                0x200021d4                partition_listhead
 .bss.query_state_cb
                0x200021dc        0x4 spm/libtfm_spm.a(thread.o)
 .bss.p_rnbl_head
                0x200021e0        0x4 spm/libtfm_spm.a(thread.o)
 .bss.p_thrd_head
                0x200021e4        0x4 spm/libtfm_spm.a(thread.o)
 .bss.p_curr_thrd
                0x200021e8        0x4 spm/libtfm_spm.a(thread.o)
                0x200021e8                p_curr_thrd
 .bss.loop_index
                0x200021ec        0x4 spm/libtfm_spm.a(spm_connection_pool.o)
 .bss.connection_pool_pool_buf
                0x200021f0      0x46c spm/libtfm_spm.a(spm_connection_pool.o)
 .bss.uartOutputBufCount_s
                0x2000265c        0x4 ../platform/libplatform_s.a(Driver_USART.o)
                0x2000265c                uartOutputBufCount_s
 .bss.uartOutputBufIndex_s
                0x20002660        0x4 ../platform/libplatform_s.a(Driver_USART.o)
                0x20002660                uartOutputBufIndex_s
 .bss.uartOutputBuf_s
                0x20002664      0x100 ../platform/libplatform_s.a(Driver_USART.o)
                0x20002664                uartOutputBuf_s
 .bss.ARM_UART0_DEV_DATA_S
                0x20002764        0xc ../platform/libplatform_s.a(platform_retarget_dev.o)
 .bss.block     0x20002770       0x80 ../platform/libplatform_s.a(flash_otp_nv_counters_backend.o)
 .bss.FlashStatus
                0x200027f0        0x4 ../platform/libplatform_s.a(Driver_Flash.o)
 .bss.__stdio_exit_handler
                0x200027f4        0x4 /home/developer/.conan/data/arm-none-eabi-gcc/12.3.Rel1-0/library-msp/ga/package/44fcf6b9a7fb86b2586303e3db40189d3b511830/bin/../lib/gcc/arm-none-eabi/12.3.1/../../../../arm-none-eabi/lib/thumb/v8-m.main+fp/hard/libc_nano.a(libc_a-findfp.o)
                0x200027f4                __stdio_exit_handler
 .bss.completed.1
                0x200027f8        0x1 /home/developer/.conan/data/arm-none-eabi-gcc/12.3.Rel1-0/library-msp/ga/package/44fcf6b9a7fb86b2586303e3db40189d3b511830/bin/../lib/gcc/arm-none-eabi/12.3.1/thumb/v8-m.main+fp/hard/crtbegin.o
 *(COMMON)
                0x200027fc                        . = ALIGN (0x4)
 *fill*         0x200027f9        0x3 
                0x200027fc                        __bss_end__ = .
                0x20001c84                        Image$$ER_TFM_DATA$$ZI$$Base = ADDR (.TFM_BSS)
                0x200027fc                        Image$$ER_TFM_DATA$$ZI$$Limit = (ADDR (.TFM_BSS) + SIZEOF (.TFM_BSS))
                0x20001c84                        Image$$ER_PART_RT_POOL$$ZI$$Base = __partition_runtime_start__
                0x20001d0c                        Image$$ER_PART_RT_POOL$$ZI$$Limit = __partition_runtime_end__
                0x20001d0c                        Image$$ER_SERV_RT_POOL$$ZI$$Base = __service_runtime_start__
                0x20001d18                        Image$$ER_SERV_RT_POOL$$ZI$$Limit = __service_runtime_end__
                0x20001c40                        Image$$ER_TFM_DATA$$Base = ADDR (.TFM_DATA)
                0x200027fc                        Image$$ER_TFM_DATA$$Limit = ((ADDR (.TFM_DATA) + SIZEOF (.TFM_DATA)) + SIZEOF (.TFM_BSS))
                0x00010740                        Image$$ER_VENEER$$Base = ADDR (.gnu.sgstubs)
                0x00010780                        Image$$VENEER_ALIGN$$Limit = ADDR (.sgstubs_end)
                0x00000001                        ASSERT (((Image$$VENEER_ALIGN$$Limit - Image$$ER_VENEER$$Base) <= 0x380), Veneer region overflowed)
                0x10038000                        Load$$LR$$LR_NS_PARTITION$$Base = 0x10038000
                0x20000bf8                        PROVIDE (__stack = Image$$ARM_LIB_STACK$$ZI$$Limit)
OUTPUT(../bin/tfm_s.axf elf32-littlearm)
LOAD linker stubs

.ARM.attributes
                0x00000000       0x36
 .ARM.attributes
                0x00000000       0x26 /home/developer/.conan/data/arm-none-eabi-gcc/12.3.Rel1-0/library-msp/ga/package/44fcf6b9a7fb86b2586303e3db40189d3b511830/bin/../lib/gcc/arm-none-eabi/12.3.1/thumb/v8-m.main+fp/hard/crti.o
 .ARM.attributes
                0x00000026       0x38 /home/developer/.conan/data/arm-none-eabi-gcc/12.3.Rel1-0/library-msp/ga/package/44fcf6b9a7fb86b2586303e3db40189d3b511830/bin/../lib/gcc/arm-none-eabi/12.3.1/thumb/v8-m.main+fp/hard/crtbegin.o
 .ARM.attributes
                0x0000005e       0x24 /home/developer/.conan/data/arm-none-eabi-gcc/12.3.Rel1-0/library-msp/ga/package/44fcf6b9a7fb86b2586303e3db40189d3b511830/bin/../lib/gcc/arm-none-eabi/12.3.1/../../../../arm-none-eabi/lib/thumb/v8-m.main+fp/hard/crt0.o
 .ARM.attributes
                0x00000082       0x3a CMakeFiles/tfm_s.dir/__/platform/ext/target/ti/cc27xx/cmsis_core/startup_cc27xx.o
 .ARM.attributes
                0x000000bc       0x3a CMakeFiles/tfm_s.dir/__/platform/ext/common/faults.o
 .ARM.attributes
                0x000000f6       0x3a CMakeFiles/tfm_s.dir/partitions/ns_agent_tz/load_info_ns_agent_tz.o
 .ARM.attributes
                0x00000130       0x3a CMakeFiles/tfm_s.dir/__/generated/secure_fw/partitions/ti_system/auto_generated/load_info_system_sp.o
 .ARM.attributes
                0x0000016a       0x3a ../platform/libplatform_s.a(system_core_init.o)
 .ARM.attributes
                0x000001a4       0x3a partitions/lib/runtime/libtfm_sprt.a(crt_memset.o)
 .ARM.attributes
                0x000001de       0x3a partitions/lib/runtime/libtfm_sprt.a(psa_api_ipc.o)
 .ARM.attributes
                0x00000218       0x3a partitions/lib/runtime/libtfm_sprt.a(sprt_partition_metadata_indicator.o)
 .ARM.attributes
                0x00000252       0x3a spm/libtfm_spm.a(utilities.o)
 .ARM.attributes
                0x0000028c       0x3a spm/libtfm_spm.a(main.o)
 .ARM.attributes
                0x000002c6       0x3a spm/libtfm_spm.a(tfm_svcalls.o)
 .ARM.attributes
                0x00000300       0x3a spm/libtfm_spm.a(tfm_arch_v8m_main.o)
 .ARM.attributes
                0x0000033a       0x3a spm/libtfm_spm.a(ns_agent_tz_v80m.o)
 .ARM.attributes
                0x00000374       0x3a spm/libtfm_spm.a(tfm_hal_isolation.o)
 .ARM.attributes
                0x000003ae       0x3a spm/libtfm_spm.a(tfm_hal_platform.o)
 .ARM.attributes
                0x000003e8       0x3a spm/libtfm_spm.a(tfm_boot_data.o)
 .ARM.attributes
                0x00000422       0x3a spm/libtfm_spm.a(tfm_arch.o)
 .ARM.attributes
                0x0000045c       0x3a spm/libtfm_spm.a(spm_ipc.o)
 .ARM.attributes
                0x00000496       0x3a spm/libtfm_spm.a(rom_loader.o)
 .ARM.attributes
                0x000004d0       0x3a spm/libtfm_spm.a(backend_ipc.o)
 .ARM.attributes
                0x0000050a       0x3a spm/libtfm_spm.a(thread.o)
 .ARM.attributes
                0x00000544       0x3a spm/libtfm_spm.a(tfm_spm_ns_ctx.o)
 .ARM.attributes
                0x0000057e       0x3a spm/libtfm_spm.a(spm_connection_pool.o)
 .ARM.attributes
                0x000005b8       0x3a spm/libtfm_spm.a(target_cfg.o)
 .ARM.attributes
                0x000005f2       0x3a spm/libtfm_spm.a(psa_api.o)
 .ARM.attributes
                0x0000062c       0x3a spm/libtfm_spm.a(tfm_pools.o)
 .ARM.attributes
                0x00000666       0x3a partitions/partitions/_1/system_sp/libti_tfm_app_rot_partition_system.a(dummy.o)
 .ARM.attributes
                0x000006a0       0x3a partitions/partitions/_1/system_sp/libti_tfm_app_rot_partition_system.a(intermedia_system_sp.o)
 .ARM.attributes
                0x000006da       0x3a ../platform/libplatform_s.a(tfm_hal_reset_halt.o)
 .ARM.attributes
                0x00000714       0x3a ../platform/libplatform_s.a(uart_stdout.o)
 .ARM.attributes
                0x0000074e       0x3a ../platform/libplatform_s.a(otp_flash.o)
 .ARM.attributes
                0x00000788       0x3a ../platform/libplatform_s.a(provisioning.o)
 .ARM.attributes
                0x000007c2       0x3a ../platform/libplatform_s.a(Driver_USART.o)
 .ARM.attributes
                0x000007fc       0x3a ../platform/libplatform_s.a(arm_uart_drv.o)
 .ARM.attributes
                0x00000836       0x3a ../platform/libplatform_s.a(platform_retarget_dev.o)
 .ARM.attributes
                0x00000870       0x3a ../platform/libplatform_s.a(flash_otp_nv_counters_backend.o)
 .ARM.attributes
                0x000008aa       0x3a ../platform/libplatform_s.a(Driver_Flash.o)
 .ARM.attributes
                0x000008e4       0x3a ../platform/libplatform_s.a(HwiP_tfm.o)
 .ARM.attributes
                0x0000091e       0x3a partitions/lib/runtime/libtfm_sprt.a(crt_memcpy.o)
 .ARM.attributes
                0x00000958       0x3a partitions/lib/runtime/libtfm_sprt.a(sfn_common_thread.o)
 .ARM.attributes
                0x00000992       0x3a partitions/lib/runtime/libtfm_sprt.a(psa_interface_thread_fn_call.o)
 .ARM.attributes
                0x000009cc       0x3a spm/libtfm_spm.a(psa_call_api.o)
 .ARM.attributes
                0x00000a06       0x3a spm/libtfm_spm.a(psa_version_api.o)
 .ARM.attributes
                0x00000a40       0x3a spm/libtfm_spm.a(psa_read_write_skip_api.o)
 .ARM.attributes
                0x00000a7a       0x3a spm/libtfm_spm.a(psa_connection_api.o)
 .ARM.attributes
                0x00000ab4       0x3a /home/developer/.conan/data/driverlib_loki/6.30.00.12/library-lprf/ga/package/5ab84d6acfe1f23c4fae0ab88f26e3a396351ac9/source/ti/devices/cc27xx/driverlib/lib/gcc/driverlib.a(setup.c.o)
 .ARM.attributes
                0x00000aee       0x38 /home/developer/.conan/data/arm-none-eabi-gcc/12.3.Rel1-0/library-msp/ga/package/44fcf6b9a7fb86b2586303e3db40189d3b511830/bin/../lib/gcc/arm-none-eabi/12.3.1/thumb/v8-m.main+fp/hard/libgcc.a(cmse.o)
 .ARM.attributes
                0x00000b26       0x38 /home/developer/.conan/data/arm-none-eabi-gcc/12.3.Rel1-0/library-msp/ga/package/44fcf6b9a7fb86b2586303e3db40189d3b511830/bin/../lib/gcc/arm-none-eabi/12.3.1/../../../../arm-none-eabi/lib/thumb/v8-m.main+fp/hard/libc_nano.a(libc_a-exit.o)
 .ARM.attributes
                0x00000b5e       0x38 /home/developer/.conan/data/arm-none-eabi-gcc/12.3.Rel1-0/library-msp/ga/package/44fcf6b9a7fb86b2586303e3db40189d3b511830/bin/../lib/gcc/arm-none-eabi/12.3.1/../../../../arm-none-eabi/lib/thumb/v8-m.main+fp/hard/libc_nano.a(libc_a-init.o)
 .ARM.attributes
                0x00000b96       0x38 /home/developer/.conan/data/arm-none-eabi-gcc/12.3.Rel1-0/library-msp/ga/package/44fcf6b9a7fb86b2586303e3db40189d3b511830/bin/../lib/gcc/arm-none-eabi/12.3.1/../../../../arm-none-eabi/lib/thumb/v8-m.main+fp/hard/libc_nano.a(libc_a-findfp.o)
 .ARM.attributes
                0x00000bce       0x38 /home/developer/.conan/data/arm-none-eabi-gcc/12.3.Rel1-0/library-msp/ga/package/44fcf6b9a7fb86b2586303e3db40189d3b511830/bin/../lib/gcc/arm-none-eabi/12.3.1/thumb/v8-m.main+fp/hard/crtend.o
 .ARM.attributes
                0x00000c06       0x26 /home/developer/.conan/data/arm-none-eabi-gcc/12.3.Rel1-0/library-msp/ga/package/44fcf6b9a7fb86b2586303e3db40189d3b511830/bin/../lib/gcc/arm-none-eabi/12.3.1/thumb/v8-m.main+fp/hard/crtn.o
 .ARM.attributes
                0x00000c2c       0x38 /home/developer/.conan/data/arm-none-eabi-gcc/12.3.Rel1-0/library-msp/ga/package/44fcf6b9a7fb86b2586303e3db40189d3b511830/bin/../lib/gcc/arm-none-eabi/12.3.1/../../../../arm-none-eabi/lib/thumb/v8-m.main+fp/hard/libnosys.a(_exit.o)

.comment        0x00000000       0x45
 .comment       0x00000000       0x45 CMakeFiles/tfm_s.dir/__/platform/ext/target/ti/cc27xx/cmsis_core/startup_cc27xx.o
                                 0x46 (size before relaxing)
 .comment       0x00000045       0x46 CMakeFiles/tfm_s.dir/__/platform/ext/common/faults.o
 .comment       0x00000045       0x46 CMakeFiles/tfm_s.dir/partitions/ns_agent_tz/load_info_ns_agent_tz.o
 .comment       0x00000045       0x46 CMakeFiles/tfm_s.dir/__/generated/secure_fw/partitions/ti_system/auto_generated/load_info_system_sp.o
 .comment       0x00000045       0x46 ../platform/libplatform_s.a(system_core_init.o)
 .comment       0x00000045       0x46 partitions/lib/runtime/libtfm_sprt.a(crt_memset.o)
 .comment       0x00000045       0x46 partitions/lib/runtime/libtfm_sprt.a(psa_api_ipc.o)
 .comment       0x00000045       0x46 partitions/lib/runtime/libtfm_sprt.a(sprt_partition_metadata_indicator.o)
 .comment       0x00000045       0x46 spm/libtfm_spm.a(utilities.o)
 .comment       0x00000045       0x46 spm/libtfm_spm.a(main.o)
 .comment       0x00000045       0x46 spm/libtfm_spm.a(tfm_svcalls.o)
 .comment       0x00000045       0x46 spm/libtfm_spm.a(tfm_arch_v8m_main.o)
 .comment       0x00000045       0x46 spm/libtfm_spm.a(ns_agent_tz_v80m.o)
 .comment       0x00000045       0x46 spm/libtfm_spm.a(tfm_hal_isolation.o)
 .comment       0x00000045       0x46 spm/libtfm_spm.a(tfm_hal_platform.o)
 .comment       0x00000045       0x46 spm/libtfm_spm.a(tfm_boot_data.o)
 .comment       0x00000045       0x46 spm/libtfm_spm.a(tfm_arch.o)
 .comment       0x00000045       0x46 spm/libtfm_spm.a(spm_ipc.o)
 .comment       0x00000045       0x46 spm/libtfm_spm.a(rom_loader.o)
 .comment       0x00000045       0x46 spm/libtfm_spm.a(backend_ipc.o)
 .comment       0x00000045       0x46 spm/libtfm_spm.a(thread.o)
 .comment       0x00000045       0x46 spm/libtfm_spm.a(tfm_spm_ns_ctx.o)
 .comment       0x00000045       0x46 spm/libtfm_spm.a(spm_connection_pool.o)
 .comment       0x00000045       0x46 spm/libtfm_spm.a(target_cfg.o)
 .comment       0x00000045       0x46 spm/libtfm_spm.a(psa_api.o)
 .comment       0x00000045       0x46 spm/libtfm_spm.a(tfm_pools.o)
 .comment       0x00000045       0x46 partitions/partitions/_1/system_sp/libti_tfm_app_rot_partition_system.a(dummy.o)
 .comment       0x00000045       0x46 partitions/partitions/_1/system_sp/libti_tfm_app_rot_partition_system.a(intermedia_system_sp.o)
 .comment       0x00000045       0x46 ../platform/libplatform_s.a(tfm_hal_reset_halt.o)
 .comment       0x00000045       0x46 ../platform/libplatform_s.a(uart_stdout.o)
 .comment       0x00000045       0x46 ../platform/libplatform_s.a(otp_flash.o)
 .comment       0x00000045       0x46 ../platform/libplatform_s.a(provisioning.o)
 .comment       0x00000045       0x46 ../platform/libplatform_s.a(Driver_USART.o)
 .comment       0x00000045       0x46 ../platform/libplatform_s.a(arm_uart_drv.o)
 .comment       0x00000045       0x46 ../platform/libplatform_s.a(platform_retarget_dev.o)
 .comment       0x00000045       0x46 ../platform/libplatform_s.a(flash_otp_nv_counters_backend.o)
 .comment       0x00000045       0x46 ../platform/libplatform_s.a(Driver_Flash.o)
 .comment       0x00000045       0x46 ../platform/libplatform_s.a(HwiP_tfm.o)
 .comment       0x00000045       0x46 partitions/lib/runtime/libtfm_sprt.a(crt_memcpy.o)
 .comment       0x00000045       0x46 partitions/lib/runtime/libtfm_sprt.a(sfn_common_thread.o)
 .comment       0x00000045       0x46 partitions/lib/runtime/libtfm_sprt.a(psa_interface_thread_fn_call.o)
 .comment       0x00000045       0x46 spm/libtfm_spm.a(psa_call_api.o)
 .comment       0x00000045       0x46 spm/libtfm_spm.a(psa_version_api.o)
 .comment       0x00000045       0x46 spm/libtfm_spm.a(psa_read_write_skip_api.o)
 .comment       0x00000045       0x46 spm/libtfm_spm.a(psa_connection_api.o)
 .comment       0x00000045       0x46 /home/developer/.conan/data/driverlib_loki/6.30.00.12/library-lprf/ga/package/5ab84d6acfe1f23c4fae0ab88f26e3a396351ac9/source/ti/devices/cc27xx/driverlib/lib/gcc/driverlib.a(setup.c.o)

.debug_line_str
                0x00000000       0xd3
 .debug_line_str
                0x00000000       0xd3 /home/developer/.conan/data/arm-none-eabi-gcc/12.3.Rel1-0/library-msp/ga/package/44fcf6b9a7fb86b2586303e3db40189d3b511830/bin/../lib/gcc/arm-none-eabi/12.3.1/../../../../arm-none-eabi/lib/thumb/v8-m.main+fp/hard/crt0.o

.debug_info     0x00000000    0x144d4
 .debug_info    0x00000000      0x23f CMakeFiles/tfm_s.dir/partitions/ns_agent_tz/psa_api_veneers_v80m.o
 .debug_info    0x0000023f      0x679 CMakeFiles/tfm_s.dir/__/platform/ext/target/ti/cc27xx/cmsis_core/startup_cc27xx.o
 .debug_info    0x000008b8      0x106 CMakeFiles/tfm_s.dir/__/platform/ext/common/faults.o
 .debug_info    0x000009be      0x58b CMakeFiles/tfm_s.dir/partitions/ns_agent_tz/load_info_ns_agent_tz.o
 .debug_info    0x00000f49      0x5ba CMakeFiles/tfm_s.dir/__/generated/secure_fw/partitions/ti_system/auto_generated/load_info_system_sp.o
 .debug_info    0x00001503      0x401 ../platform/libplatform_s.a(system_core_init.o)
 .debug_info    0x00001904      0x169 partitions/lib/runtime/libtfm_sprt.a(crt_memset.o)
 .debug_info    0x00001a6d      0x8fe partitions/lib/runtime/libtfm_sprt.a(psa_api_ipc.o)
 .debug_info    0x0000236b       0x8f partitions/lib/runtime/libtfm_sprt.a(sprt_partition_metadata_indicator.o)
 .debug_info    0x000023fa       0x98 spm/libtfm_spm.a(utilities.o)
 .debug_info    0x00002492      0x354 spm/libtfm_spm.a(main.o)
 .debug_info    0x000027e6      0x331 spm/libtfm_spm.a(tfm_svcalls.o)
 .debug_info    0x00002b17      0x9cb spm/libtfm_spm.a(tfm_arch_v8m_main.o)
 .debug_info    0x000034e2       0xad spm/libtfm_spm.a(ns_agent_tz_v80m.o)
 .debug_info    0x0000358f      0x57e spm/libtfm_spm.a(tfm_hal_isolation.o)
 .debug_info    0x00003b0d      0x29c spm/libtfm_spm.a(tfm_hal_platform.o)
 .debug_info    0x00003da9      0x760 spm/libtfm_spm.a(tfm_boot_data.o)
 .debug_info    0x00004509      0x4d9 spm/libtfm_spm.a(tfm_arch.o)
 .debug_info    0x000049e2     0x1022 spm/libtfm_spm.a(spm_ipc.o)
 .debug_info    0x00005a04      0x887 spm/libtfm_spm.a(rom_loader.o)
 .debug_info    0x0000628b     0x1622 spm/libtfm_spm.a(backend_ipc.o)
 .debug_info    0x000078ad      0x59d spm/libtfm_spm.a(thread.o)
 .debug_info    0x00007e4a      0x452 spm/libtfm_spm.a(tfm_spm_ns_ctx.o)
 .debug_info    0x0000829c      0x88a spm/libtfm_spm.a(spm_connection_pool.o)
 .debug_info    0x00008b26      0xf6e spm/libtfm_spm.a(target_cfg.o)
 .debug_info    0x00009a94      0xbda spm/libtfm_spm.a(psa_api.o)
 .debug_info    0x0000a66e      0x316 spm/libtfm_spm.a(tfm_pools.o)
 .debug_info    0x0000a984       0x39 partitions/partitions/_1/system_sp/libti_tfm_app_rot_partition_system.a(dummy.o)
 .debug_info    0x0000a9bd       0xa1 partitions/partitions/_1/system_sp/libti_tfm_app_rot_partition_system.a(intermedia_system_sp.o)
 .debug_info    0x0000aa5e      0x436 ../platform/libplatform_s.a(tfm_hal_reset_halt.o)
 .debug_info    0x0000ae94      0x778 ../platform/libplatform_s.a(uart_stdout.o)
 .debug_info    0x0000b60c     0x16fa ../platform/libplatform_s.a(otp_flash.o)
 .debug_info    0x0000cd06      0x7b8 ../platform/libplatform_s.a(provisioning.o)
 .debug_info    0x0000d4be      0xb03 ../platform/libplatform_s.a(Driver_USART.o)
 .debug_info    0x0000dfc1      0x57c ../platform/libplatform_s.a(arm_uart_drv.o)
 .debug_info    0x0000e53d      0x184 ../platform/libplatform_s.a(platform_retarget_dev.o)
 .debug_info    0x0000e6c1     0x12e9 ../platform/libplatform_s.a(flash_otp_nv_counters_backend.o)
 .debug_info    0x0000f9aa      0xe5f ../platform/libplatform_s.a(Driver_Flash.o)
 .debug_info    0x00010809      0xc20 ../platform/libplatform_s.a(HwiP_tfm.o)
 .debug_info    0x00011429      0x171 partitions/lib/runtime/libtfm_sprt.a(crt_memcpy.o)
 .debug_info    0x0001159a      0x645 partitions/lib/runtime/libtfm_sprt.a(sfn_common_thread.o)
 .debug_info    0x00011bdf      0x6f9 partitions/lib/runtime/libtfm_sprt.a(psa_interface_thread_fn_call.o)
 .debug_info    0x000122d8      0x9f6 spm/libtfm_spm.a(psa_call_api.o)
 .debug_info    0x00012cce      0x604 spm/libtfm_spm.a(psa_version_api.o)
 .debug_info    0x000132d2      0x87e spm/libtfm_spm.a(psa_read_write_skip_api.o)
 .debug_info    0x00013b50      0x905 spm/libtfm_spm.a(psa_connection_api.o)
 .debug_info    0x00014455       0x7f /home/developer/.conan/data/driverlib_loki/6.30.00.12/library-lprf/ga/package/5ab84d6acfe1f23c4fae0ab88f26e3a396351ac9/source/ti/devices/cc27xx/driverlib/lib/gcc/driverlib.a(setup.c.o)

.debug_abbrev   0x00000000     0x5e1d
 .debug_abbrev  0x00000000      0x137 CMakeFiles/tfm_s.dir/partitions/ns_agent_tz/psa_api_veneers_v80m.o
 .debug_abbrev  0x00000137      0x26e CMakeFiles/tfm_s.dir/__/platform/ext/target/ti/cc27xx/cmsis_core/startup_cc27xx.o
 .debug_abbrev  0x000003a5       0x99 CMakeFiles/tfm_s.dir/__/platform/ext/common/faults.o
 .debug_abbrev  0x0000043e      0x11f CMakeFiles/tfm_s.dir/partitions/ns_agent_tz/load_info_ns_agent_tz.o
 .debug_abbrev  0x0000055d      0x127 CMakeFiles/tfm_s.dir/__/generated/secure_fw/partitions/ti_system/auto_generated/load_info_system_sp.o
 .debug_abbrev  0x00000684      0x100 ../platform/libplatform_s.a(system_core_init.o)
 .debug_abbrev  0x00000784       0xc4 partitions/lib/runtime/libtfm_sprt.a(crt_memset.o)
 .debug_abbrev  0x00000848      0x18f partitions/lib/runtime/libtfm_sprt.a(psa_api_ipc.o)
 .debug_abbrev  0x000009d7       0x48 partitions/lib/runtime/libtfm_sprt.a(sprt_partition_metadata_indicator.o)
 .debug_abbrev  0x00000a1f       0x62 spm/libtfm_spm.a(utilities.o)
 .debug_abbrev  0x00000a81      0x208 spm/libtfm_spm.a(main.o)
 .debug_abbrev  0x00000c89      0x207 spm/libtfm_spm.a(tfm_svcalls.o)
 .debug_abbrev  0x00000e90      0x29e spm/libtfm_spm.a(tfm_arch_v8m_main.o)
 .debug_abbrev  0x0000112e       0x63 spm/libtfm_spm.a(ns_agent_tz_v80m.o)
 .debug_abbrev  0x00001191      0x292 spm/libtfm_spm.a(tfm_hal_isolation.o)
 .debug_abbrev  0x00001423      0x16a spm/libtfm_spm.a(tfm_hal_platform.o)
 .debug_abbrev  0x0000158d      0x269 spm/libtfm_spm.a(tfm_boot_data.o)
 .debug_abbrev  0x000017f6      0x298 spm/libtfm_spm.a(tfm_arch.o)
 .debug_abbrev  0x00001a8e      0x469 spm/libtfm_spm.a(spm_ipc.o)
 .debug_abbrev  0x00001ef7      0x202 spm/libtfm_spm.a(rom_loader.o)
 .debug_abbrev  0x000020f9      0x57f spm/libtfm_spm.a(backend_ipc.o)
 .debug_abbrev  0x00002678      0x2b7 spm/libtfm_spm.a(thread.o)
 .debug_abbrev  0x0000292f      0x14a spm/libtfm_spm.a(tfm_spm_ns_ctx.o)
 .debug_abbrev  0x00002a79      0x260 spm/libtfm_spm.a(spm_connection_pool.o)
 .debug_abbrev  0x00002cd9      0x3da spm/libtfm_spm.a(target_cfg.o)
 .debug_abbrev  0x000030b3      0x359 spm/libtfm_spm.a(psa_api.o)
 .debug_abbrev  0x0000340c      0x17e spm/libtfm_spm.a(tfm_pools.o)
 .debug_abbrev  0x0000358a       0x2d partitions/partitions/_1/system_sp/libti_tfm_app_rot_partition_system.a(dummy.o)
 .debug_abbrev  0x000035b7       0x5d partitions/partitions/_1/system_sp/libti_tfm_app_rot_partition_system.a(intermedia_system_sp.o)
 .debug_abbrev  0x00003614      0x139 ../platform/libplatform_s.a(tfm_hal_reset_halt.o)
 .debug_abbrev  0x0000374d      0x285 ../platform/libplatform_s.a(uart_stdout.o)
 .debug_abbrev  0x000039d2      0x319 ../platform/libplatform_s.a(otp_flash.o)
 .debug_abbrev  0x00003ceb      0x288 ../platform/libplatform_s.a(provisioning.o)
 .debug_abbrev  0x00003f73      0x33a ../platform/libplatform_s.a(Driver_USART.o)
 .debug_abbrev  0x000042ad      0x17f ../platform/libplatform_s.a(arm_uart_drv.o)
 .debug_abbrev  0x0000442c       0xb4 ../platform/libplatform_s.a(platform_retarget_dev.o)
 .debug_abbrev  0x000044e0      0x468 ../platform/libplatform_s.a(flash_otp_nv_counters_backend.o)
 .debug_abbrev  0x00004948      0x3d3 ../platform/libplatform_s.a(Driver_Flash.o)
 .debug_abbrev  0x00004d1b      0x4d8 ../platform/libplatform_s.a(HwiP_tfm.o)
 .debug_abbrev  0x000051f3       0xca partitions/lib/runtime/libtfm_sprt.a(crt_memcpy.o)
 .debug_abbrev  0x000052bd      0x1bd partitions/lib/runtime/libtfm_sprt.a(sfn_common_thread.o)
 .debug_abbrev  0x0000547a      0x19c partitions/lib/runtime/libtfm_sprt.a(psa_interface_thread_fn_call.o)
 .debug_abbrev  0x00005616      0x218 spm/libtfm_spm.a(psa_call_api.o)
 .debug_abbrev  0x0000582e      0x18a spm/libtfm_spm.a(psa_version_api.o)
 .debug_abbrev  0x000059b8      0x1d3 spm/libtfm_spm.a(psa_read_write_skip_api.o)
 .debug_abbrev  0x00005b8b      0x24f spm/libtfm_spm.a(psa_connection_api.o)
 .debug_abbrev  0x00005dda       0x43 /home/developer/.conan/data/driverlib_loki/6.30.00.12/library-lprf/ga/package/5ab84d6acfe1f23c4fae0ab88f26e3a396351ac9/source/ti/devices/cc27xx/driverlib/lib/gcc/driverlib.a(setup.c.o)

.debug_loclists
                0x00000000     0x6405
 .debug_loclists
                0x00000000       0x51 CMakeFiles/tfm_s.dir/partitions/ns_agent_tz/psa_api_veneers_v80m.o
 .debug_loclists
                0x00000051       0x70 CMakeFiles/tfm_s.dir/__/platform/ext/target/ti/cc27xx/cmsis_core/startup_cc27xx.o
 .debug_loclists
                0x000000c1      0x1c5 partitions/lib/runtime/libtfm_sprt.a(crt_memset.o)
 .debug_loclists
                0x00000286      0x290 partitions/lib/runtime/libtfm_sprt.a(psa_api_ipc.o)
 .debug_loclists
                0x00000516       0x67 spm/libtfm_spm.a(main.o)
 .debug_loclists
                0x0000057d      0x162 spm/libtfm_spm.a(tfm_svcalls.o)
 .debug_loclists
                0x000006df      0x16a spm/libtfm_spm.a(tfm_arch_v8m_main.o)
 .debug_loclists
                0x00000849      0x34f spm/libtfm_spm.a(tfm_hal_isolation.o)
 .debug_loclists
                0x00000b98       0x4e spm/libtfm_spm.a(tfm_hal_platform.o)
 .debug_loclists
                0x00000be6       0x70 spm/libtfm_spm.a(tfm_boot_data.o)
 .debug_loclists
                0x00000c56      0x19b spm/libtfm_spm.a(tfm_arch.o)
 .debug_loclists
                0x00000df1      0x797 spm/libtfm_spm.a(spm_ipc.o)
 .debug_loclists
                0x00001588      0x30c spm/libtfm_spm.a(rom_loader.o)
 .debug_loclists
                0x00001894      0x81b spm/libtfm_spm.a(backend_ipc.o)
 .debug_loclists
                0x000020af      0x1a9 spm/libtfm_spm.a(thread.o)
 .debug_loclists
                0x00002258       0x17 spm/libtfm_spm.a(tfm_spm_ns_ctx.o)
 .debug_loclists
                0x0000226f       0xc8 spm/libtfm_spm.a(spm_connection_pool.o)
 .debug_loclists
                0x00002337      0x1dd spm/libtfm_spm.a(target_cfg.o)
 .debug_loclists
                0x00002514      0x43c spm/libtfm_spm.a(psa_api.o)
 .debug_loclists
                0x00002950      0x1e0 spm/libtfm_spm.a(tfm_pools.o)
 .debug_loclists
                0x00002b30      0x196 ../platform/libplatform_s.a(uart_stdout.o)
 .debug_loclists
                0x00002cc6     0x17db ../platform/libplatform_s.a(otp_flash.o)
 .debug_loclists
                0x000044a1       0xc7 ../platform/libplatform_s.a(provisioning.o)
 .debug_loclists
                0x00004568      0x225 ../platform/libplatform_s.a(Driver_USART.o)
 .debug_loclists
                0x0000478d      0x2e2 ../platform/libplatform_s.a(arm_uart_drv.o)
 .debug_loclists
                0x00004a6f      0x893 ../platform/libplatform_s.a(flash_otp_nv_counters_backend.o)
 .debug_loclists
                0x00005302      0x259 ../platform/libplatform_s.a(Driver_Flash.o)
 .debug_loclists
                0x0000555b      0x311 ../platform/libplatform_s.a(HwiP_tfm.o)
 .debug_loclists
                0x0000586c      0x115 partitions/lib/runtime/libtfm_sprt.a(crt_memcpy.o)
 .debug_loclists
                0x00005981       0xc1 partitions/lib/runtime/libtfm_sprt.a(sfn_common_thread.o)
 .debug_loclists
                0x00005a42       0xad partitions/lib/runtime/libtfm_sprt.a(psa_interface_thread_fn_call.o)
 .debug_loclists
                0x00005aef      0x48c spm/libtfm_spm.a(psa_call_api.o)
 .debug_loclists
                0x00005f7b       0x46 spm/libtfm_spm.a(psa_version_api.o)
 .debug_loclists
                0x00005fc1      0x28a spm/libtfm_spm.a(psa_read_write_skip_api.o)
 .debug_loclists
                0x0000624b      0x1ba spm/libtfm_spm.a(psa_connection_api.o)

.debug_aranges  0x00000000      0xcf8
 .debug_aranges
                0x00000000       0x48 CMakeFiles/tfm_s.dir/partitions/ns_agent_tz/psa_api_veneers_v80m.o
 .debug_aranges
                0x00000048      0x188 CMakeFiles/tfm_s.dir/__/platform/ext/target/ti/cc27xx/cmsis_core/startup_cc27xx.o
 .debug_aranges
                0x000001d0       0x68 CMakeFiles/tfm_s.dir/__/platform/ext/common/faults.o
 .debug_aranges
                0x00000238       0x18 CMakeFiles/tfm_s.dir/partitions/ns_agent_tz/load_info_ns_agent_tz.o
 .debug_aranges
                0x00000250       0x18 CMakeFiles/tfm_s.dir/__/generated/secure_fw/partitions/ti_system/auto_generated/load_info_system_sp.o
 .debug_aranges
                0x00000268       0x20 ../platform/libplatform_s.a(system_core_init.o)
 .debug_aranges
                0x00000288       0x20 partitions/lib/runtime/libtfm_sprt.a(crt_memset.o)
 .debug_aranges
                0x000002a8       0x98 partitions/lib/runtime/libtfm_sprt.a(psa_api_ipc.o)
 .debug_aranges