Archive member included to satisfy reference by file (symbol)

/home/developer/.conan/data/driverlib_cc13xx_cc26xx/6.30.00.02/library-lprf/ga/package/2287d6e98199661e9778062ab428bb68cbd02f17/source/ti/devices/cc13x4_cc26x4/driverlib/bin/gcc/driverlib.lib(aon_batmon.c.obj)
                              CMakeFiles/tfm_s.dir/home/developer/.conan/data/tidrivers_cc13xx_cc26xx/8.30.00.16/library-sb/ga/package/5ab84d6acfe1f23c4fae0ab88f26e3a396351ac9/source/ti/drivers/power/PowerCC26X2_calibrateRCOSC_helpers.o (NOROM_AONBatMonTemperatureGetDegC)
/home/developer/.conan/data/driverlib_cc13xx_cc26xx/6.30.00.02/library-lprf/ga/package/2287d6e98199661e9778062ab428bb68cbd02f17/source/ti/devices/cc13x4_cc26x4/driverlib/bin/gcc/driverlib.lib(cpu.c.obj)
                              CMakeFiles/tfm_s.dir/home/developer/.conan/data/tidrivers_cc13xx_cc26xx/8.30.00.16/library-sb/ga/package/5ab84d6acfe1f23c4fae0ab88f26e3a396351ac9/source/ti/drivers/power/PowerCC26X2_helpers.o (NOROM_CPUcpsid)
/home/developer/.conan/data/driverlib_cc13xx_cc26xx/6.30.00.02/library-lprf/ga/package/2287d6e98199661e9778062ab428bb68cbd02f17/source/ti/devices/cc13x4_cc26x4/driverlib/bin/gcc/driverlib.lib(ddi.c.obj)
                              CMakeFiles/tfm_s.dir/home/developer/.conan/data/tidrivers_cc13xx_cc26xx/8.30.00.16/library-sb/ga/package/5ab84d6acfe1f23c4fae0ab88f26e3a396351ac9/source/ti/drivers/power/PowerCC26X2_helpers.o (NOROM_DDI16BitfieldWrite)
/home/developer/.conan/data/driverlib_cc13xx_cc26xx/6.30.00.02/library-lprf/ga/package/2287d6e98199661e9778062ab428bb68cbd02f17/source/ti/devices/cc13x4_cc26x4/driverlib/bin/gcc/driverlib.lib(osc.c.obj)
                              CMakeFiles/tfm_s.dir/home/developer/.conan/data/tidrivers_cc13xx_cc26xx/8.30.00.16/library-sb/ga/package/5ab84d6acfe1f23c4fae0ab88f26e3a396351ac9/source/ti/drivers/power/PowerCC26X2_helpers.o (NOROM_OSCClockSourceGet)
/home/developer/.conan/data/driverlib_cc13xx_cc26xx/6.30.00.02/library-lprf/ga/package/2287d6e98199661e9778062ab428bb68cbd02f17/source/ti/devices/cc13x4_cc26x4/driverlib/bin/gcc/driverlib.lib(prcm.c.obj)
                              CMakeFiles/tfm_s.dir/home/developer/.conan/data/tidrivers_cc13xx_cc26xx/8.30.00.16/library-sb/ga/package/5ab84d6acfe1f23c4fae0ab88f26e3a396351ac9/source/ti/drivers/power/PowerCC26X2_helpers.o (NOROM_PRCMPeripheralRunEnable)
/home/developer/.conan/data/driverlib_cc13xx_cc26xx/6.30.00.02/library-lprf/ga/package/2287d6e98199661e9778062ab428bb68cbd02f17/source/ti/devices/cc13x4_cc26x4/driverlib/bin/gcc/driverlib.lib(setup_rom.c.obj)
                              /home/developer/.conan/data/driverlib_cc13xx_cc26xx/6.30.00.02/library-lprf/ga/package/2287d6e98199661e9778062ab428bb68cbd02f17/source/ti/devices/cc13x4_cc26x4/driverlib/bin/gcc/driverlib.lib(osc.c.obj) (NOROM_SetupGetTrimForAnabypassValue1)
/home/developer/.conan/data/driverlib_cc13xx_cc26xx/6.30.00.02/library-lprf/ga/package/2287d6e98199661e9778062ab428bb68cbd02f17/source/ti/devices/cc13x4_cc26x4/driverlib/bin/gcc/driverlib.lib(sys_ctrl.c.obj)
                              CMakeFiles/tfm_s.dir/home/developer/.conan/data/tidrivers_cc13xx_cc26xx/8.30.00.16/library-sb/ga/package/5ab84d6acfe1f23c4fae0ab88f26e3a396351ac9/source/ti/drivers/power/PowerCC26X2_helpers.o (NOROM_SysCtrlIdle)
/home/developer/.conan/data/driverlib_cc13xx_cc26xx/6.30.00.02/library-lprf/ga/package/2287d6e98199661e9778062ab428bb68cbd02f17/source/ti/devices/cc13x4_cc26x4/driverlib/bin/gcc/driverlib.lib(vims.c.obj)
                              /home/developer/.conan/data/driverlib_cc13xx_cc26xx/6.30.00.02/library-lprf/ga/package/2287d6e98199661e9778062ab428bb68cbd02f17/source/ti/devices/cc13x4_cc26x4/driverlib/bin/gcc/driverlib.lib(sys_ctrl.c.obj) (NOROM_VIMSModeSet)
/home/developer/.conan/data/driverlib_cc13xx_cc26xx/6.30.00.02/library-lprf/ga/package/2287d6e98199661e9778062ab428bb68cbd02f17/source/ti/devices/cc13x4_cc26x4/driverlib/bin/gcc/driverlib.lib(ioc.c.obj)
                              /home/developer/.conan/data/driverlib_cc13xx_cc26xx/6.30.00.02/library-lprf/ga/package/2287d6e98199661e9778062ab428bb68cbd02f17/source/ti/devices/cc13x4_cc26x4/driverlib/bin/gcc/driverlib.lib(setup_rom.c.obj) (NOROM_IOCPortConfigureSet)
../platform/libplatform_s.a(system_core_init.o)
                              CMakeFiles/tfm_s.dir/__/platform/ext/target/ti/cc26x4/cmsis_core/startup_cc26x4.o (SystemInit)
partitions/lib/runtime/libtfm_sprt.a(crt_memcpy.o)
                              /home/developer/.conan/data/driverlib_cc13xx_cc26xx/6.30.00.02/library-lprf/ga/package/2287d6e98199661e9778062ab428bb68cbd02f17/source/ti/devices/cc13x4_cc26x4/driverlib/bin/gcc/driverlib.lib(osc.c.obj) (memcpy)
partitions/lib/runtime/libtfm_sprt.a(crt_memset.o)
                              /home/developer/.conan/data/arm-none-eabi-gcc/12.3.Rel1-0/library-msp/ga/package/44fcf6b9a7fb86b2586303e3db40189d3b511830/bin/../lib/gcc/arm-none-eabi/12.3.1/../../../../arm-none-eabi/lib/thumb/v8-m.main+fp/hard/crt0.o (memset)
[...]
Memory Configuration

Name             Origin             Length             Attributes
FLASH            0x0000d100         0x00029f00         xr
RAM              0x20000000         0x0000c000         xrw
*default*        0x00000000         0xffffffff

Linker script and memory map

LOAD /home/developer/.conan/data/arm-none-eabi-gcc/12.3.Rel1-0/library-msp/ga/package/44fcf6b9a7fb86b2586303e3db40189d3b511830/bin/../lib/gcc/arm-none-eabi/12.3.1/thumb/v8-m.main+fp/hard/crti.o
LOAD /home/developer/.conan/data/arm-none-eabi-gcc/12.3.Rel1-0/library-msp/ga/package/44fcf6b9a7fb86b2586303e3db40189d3b511830/bin/../lib/gcc/arm-none-eabi/12.3.1/thumb/v8-m.main+fp/hard/crtbegin.o
LOAD /home/developer/.conan/data/arm-none-eabi-gcc/12.3.Rel1-0/library-msp/ga/package/44fcf6b9a7fb86b2586303e3db40189d3b511830/bin/../lib/gcc/arm-none-eabi/12.3.1/../../../../arm-none-eabi/lib/thumb/v8-m.main+fp/hard/crt0.o
LOAD CMakeFiles/tfm_s.dir/partitions/ns_agent_tz/psa_api_veneers_v80m.o
LOAD CMakeFiles/tfm_s.dir/home/developer/.conan/data/tidrivers_cc13xx_cc26xx/8.30.00.16/library-sb/ga/package/5ab84d6acfe1f23c4fae0ab88f26e3a396351ac9/source/ti/drivers/power/PowerCC26X2_helpers.o
LOAD CMakeFiles/tfm_s.dir/home/developer/.conan/data/tidrivers_cc13xx_cc26xx/8.30.00.16/library-sb/ga/package/5ab84d6acfe1f23c4fae0ab88f26e3a396351ac9/source/ti/drivers/power/PowerCC26X2_calibrateRCOSC_helpers.o
LOAD CMakeFiles/tfm_s.dir/__/platform/ext/target/ti/cc26x4/cmsis_core/startup_cc26x4.o
LOAD CMakeFiles/tfm_s.dir/__/platform/ext/common/faults.o
LOAD CMakeFiles/tfm_s.dir/partitions/ns_agent_tz/load_info_ns_agent_tz.o
LOAD CMakeFiles/tfm_s.dir/partitions/idle_partition/load_info_idle_sp.o
LOAD CMakeFiles/tfm_s.dir/__/generated/secure_fw/partitions/ti_crypto/auto_generated/load_info_crypto_sp.o
LOAD CMakeFiles/tfm_s.dir/__/generated/secure_fw/partitions/ti_internal_storage/auto_generated/load_info_internal_storage_sp.o
LOAD CMakeFiles/tfm_s.dir/__/platform/ext/common/syscalls_stub.o
LOAD /home/developer/.conan/data/driverlib_cc13xx_cc26xx/6.30.00.02/library-lprf/ga/package/2287d6e98199661e9778062ab428bb68cbd02f17/source/ti/devices/cc13x4_cc26x4/driverlib/bin/gcc/driverlib.lib
LOAD ../platform/libplatform_s.a
LOAD partitions/lib/runtime/libtfm_sprt.a
LOAD spm/libtfm_spm.a
LOAD partitions/partitions/_1/crypto_sp/libti_tfm_psa_rot_partition_crypto.a
LOAD partitions/partitions/_1/internal_storage_sp/libti_tfm_app_rot_partition_internal_storage.a
LOAD partitions/partitions/_1/crypto_sp/mbedcrypto/library/libmbedcrypto.a
LOAD partitions/partitions/_1/crypto_sp/libti_tfm_crypto_its.a
LOAD ../platform/libplatform_s.a
LOAD partitions/lib/runtime/libtfm_sprt.a
LOAD spm/libtfm_spm.a
LOAD partitions/partitions/_1/crypto_sp/libti_tfm_psa_rot_partition_crypto.a
LOAD partitions/partitions/_1/internal_storage_sp/libti_tfm_app_rot_partition_internal_storage.a
LOAD partitions/partitions/_1/crypto_sp/mbedcrypto/library/libmbedcrypto.a
LOAD partitions/partitions/_1/crypto_sp/libti_tfm_crypto_its.a
LOAD ../platform/libplatform_s.a
LOAD partitions/lib/runtime/libtfm_sprt.a
LOAD spm/libtfm_spm.a
LOAD partitions/partitions/_1/crypto_sp/libti_tfm_psa_rot_partition_crypto.a
LOAD partitions/partitions/_1/internal_storage_sp/libti_tfm_app_rot_partition_internal_storage.a
LOAD partitions/partitions/_1/crypto_sp/mbedcrypto/library/libmbedcrypto.a
LOAD partitions/partitions/_1/crypto_sp/libti_tfm_crypto_its.a
LOAD /home/developer/.conan/data/driverlib_cc13xx_cc26xx/6.30.00.02/library-lprf/ga/package/2287d6e98199661e9778062ab428bb68cbd02f17/source/ti/devices/cc13x4_cc26x4/driverlib/bin/gcc/driverlib.lib
LOAD partitions/partitions/_1/crypto_sp/mbedcrypto/3rdparty/everest/libcrypto_service_everest.a
LOAD partitions/partitions/_1/crypto_sp/mbedcrypto/3rdparty/p256-m/libcrypto_service_p256m.a
LOAD partitions/partitions/_1/crypto_sp/mbedcrypto/ti/driver/libcrypto_service_ti_sl.a
START GROUP
LOAD /home/developer/.conan/data/arm-none-eabi-gcc/12.3.Rel1-0/library-msp/ga/package/44fcf6b9a7fb86b2586303e3db40189d3b511830/bin/../lib/gcc/arm-none-eabi/12.3.1/thumb/v8-m.main+fp/hard/libgcc.a
LOAD /home/developer/.conan/data/arm-none-eabi-gcc/12.3.Rel1-0/library-msp/ga/package/44fcf6b9a7fb86b2586303e3db40189d3b511830/bin/../lib/gcc/arm-none-eabi/12.3.1/../../../../arm-none-eabi/lib/thumb/v8-m.main+fp/hard/libc_nano.a
END GROUP
START GROUP
LOAD /home/developer/.conan/data/arm-none-eabi-gcc/12.3.Rel1-0/library-msp/ga/package/44fcf6b9a7fb86b2586303e3db40189d3b511830/bin/../lib/gcc/arm-none-eabi/12.3.1/thumb/v8-m.main+fp/hard/libgcc.a
LOAD /home/developer/.conan/data/arm-none-eabi-gcc/12.3.Rel1-0/library-msp/ga/package/44fcf6b9a7fb86b2586303e3db40189d3b511830/bin/../lib/gcc/arm-none-eabi/12.3.1/../../../../arm-none-eabi/lib/thumb/v8-m.main+fp/hard/libc_nano.a
END GROUP
LOAD /home/developer/.conan/data/arm-none-eabi-gcc/12.3.Rel1-0/library-msp/ga/package/44fcf6b9a7fb86b2586303e3db40189d3b511830/bin/../lib/gcc/arm-none-eabi/12.3.1/thumb/v8-m.main+fp/hard/crtend.o
LOAD /home/developer/.conan/data/arm-none-eabi-gcc/12.3.Rel1-0/library-msp/ga/package/44fcf6b9a7fb86b2586303e3db40189d3b511830/bin/../lib/gcc/arm-none-eabi/12.3.1/thumb/v8-m.main+fp/hard/crtn.o
                0x00000800                        __msp_stack_size__ = 0x800
START GROUP
LOAD /home/developer/.conan/data/arm-none-eabi-gcc/12.3.Rel1-0/library-msp/ga/package/44fcf6b9a7fb86b2586303e3db40189d3b511830/bin/../lib/gcc/arm-none-eabi/12.3.1/thumb/v8-m.main+fp/hard/libgcc.a
LOAD /home/developer/.conan/data/arm-none-eabi-gcc/12.3.Rel1-0/library-msp/ga/package/44fcf6b9a7fb86b2586303e3db40189d3b511830/bin/../lib/gcc/arm-none-eabi/12.3.1/../../../../arm-none-eabi/lib/thumb/v8-m.main+fp/hard/libc.a
LOAD /home/developer/.conan/data/arm-none-eabi-gcc/12.3.Rel1-0/library-msp/ga/package/44fcf6b9a7fb86b2586303e3db40189d3b511830/bin/../lib/gcc/arm-none-eabi/12.3.1/../../../../arm-none-eabi/lib/thumb/v8-m.main+fp/hard/libm.a
LOAD /home/developer/.conan/data/arm-none-eabi-gcc/12.3.Rel1-0/library-msp/ga/package/44fcf6b9a7fb86b2586303e3db40189d3b511830/bin/../lib/gcc/arm-none-eabi/12.3.1/../../../../arm-none-eabi/lib/thumb/v8-m.main+fp/hard/libnosys.a
LOAD /home/developer/.conan/data/arm-none-eabi-gcc/12.3.Rel1-0/library-msp/ga/package/44fcf6b9a7fb86b2586303e3db40189d3b511830/bin/../lib/gcc/arm-none-eabi/12.3.1/../../../../arm-none-eabi/lib/thumb/v8-m.main+fp/hard/libc_nano.a
END GROUP

.TFM_VECTORS    0x0000d100       0xfc
                0x0000d100                        __vectors_start__ = .
 *(.vectors)
 .vectors       0x0000d100       0xfc CMakeFiles/tfm_s.dir/__/platform/ext/target/ti/cc26x4/cmsis_core/startup_cc26x4.o
                0x0000d100                __Vectors
                0x0000d1fc                        . = ALIGN (0x4)
                0x0000d1fc                        __vectors_end__ = .
                0x00000001                        ASSERT ((. <= (ADDR (.TFM_VECTORS) + 0xfc)), .TFM_VECTORS section size overflow.)
                0x0000d1fc                        . = (ADDR (.TFM_VECTORS) + 0xfc)

.TFM_SP_LOAD_LIST
                0x0000d1fc      0x18c
 *(.part_load_priority_00)
 .part_load_priority_00
                0x0000d1fc       0x30 CMakeFiles/tfm_s.dir/partitions/ns_agent_tz/load_info_ns_agent_tz.o
                0x0000d1fc                tfm_sp_ns_agent_tz_load
 .part_load_priority_00
                0x0000d22c       0x30 CMakeFiles/tfm_s.dir/partitions/idle_partition/load_info_idle_sp.o
                0x0000d22c                tfm_sp_idle_load
 *(.part_load_priority_01)
 *(.part_load_priority_02)
 *(.part_load_priority_03)
 .part_load_priority_03
                0x0000d25c       0xe4 CMakeFiles/tfm_s.dir/__/generated/secure_fw/partitions/ti_crypto/auto_generated/load_info_crypto_sp.o
                0x0000d25c                crypto_sp_load
 .part_load_priority_03
                0x0000d340       0x48 CMakeFiles/tfm_s.dir/__/generated/secure_fw/partitions/ti_internal_storage/auto_generated/load_info_internal_storage_sp.o
                0x0000d340                internal_storage_sp_load
                0x0000d1fc                        Image$$TFM_SP_LOAD_LIST$$RO$$Base = ADDR (.TFM_SP_LOAD_LIST)
                0x0000d388                        Image$$TFM_SP_LOAD_LIST$$RO$$Limit = (ADDR (.TFM_SP_LOAD_LIST) + SIZEOF (.TFM_SP_LOAD_LIST))
                0x0000d3a0                        . = ALIGN (0x20)
                0x0000d3a0                        Image$$TFM_PSA_CODE_START$$Base = .

.TFM_PSA_ROT_LINKER
                0x0000d3a0    0x11c00
 *tfm_psa_rot_partition*:(SORT_BY_ALIGNMENT(.text*))
 .text.pka_irqn_flih
                0x0000d3a0        0xc partitions/partitions/_1/crypto_sp/libti_tfm_psa_rot_partition_crypto.a(CryptoCC26X4_s.o)
                0x0000d3a0                pka_irqn_flih
 .text.cryptoresultavail_irqn_flih
                0x0000d3ac        0xc partitions/partitions/_1/crypto_sp/libti_tfm_psa_rot_partition_crypto.a(CryptoCC26X4_s.o)
                0x0000d3ac                cryptoresultavail_irqn_flih
 .text.trng_irqn_flih
                0x0000d3b8        0xc partitions/partitions/_1/crypto_sp/libti_tfm_psa_rot_partition_crypto.a(CryptoCC26X4_s.o)
                0x0000d3b8                trng_irqn_flih
 .text.Crypto_sp_main
                0x0000d3c4      0x320 partitions/partitions/_1/crypto_sp/libti_tfm_psa_rot_partition_crypto.a(CryptoCC26X4_s.o)
                0x0000d3c4                Crypto_sp_main
 .text.KeyStore_s_copyKeyAttributesFromClient
                0x0000d6e4       0x58 partitions/partitions/_1/crypto_sp/libti_tfm_psa_rot_partition_crypto.a(CryptoKeyKeyStore_PSA_s.o)
                0x0000d6e4                KeyStore_s_copyKeyAttributesFromClient
 .text.KeyStore_s_getKeyAttributes
                0x0000d73c       0x94 partitions/partitions/_1/crypto_sp/libti_tfm_psa_rot_partition_crypto.a(CryptoKeyKeyStore_PSA_s.o)
                0x0000d73c                KeyStore_s_getKeyAttributes
 .text.KeyStore_s_importKey
                0x0000d7d0       0xe8 partitions/partitions/_1/crypto_sp/libti_tfm_psa_rot_partition_crypto.a(CryptoKeyKeyStore_PSA_s.o)
                0x0000d7d0                KeyStore_s_importKey
 .text.KeyStore_s_destroyPurgeKey
                0x0000d8b8       0x70 partitions/partitions/_1/crypto_sp/libti_tfm_psa_rot_partition_crypto.a(CryptoKeyKeyStore_PSA_s.o)
                0x0000d8b8                KeyStore_s_destroyPurgeKey
 .text.KeyStore_s_exportKey
                0x0000d928       0x9c partitions/partitions/_1/crypto_sp/libti_tfm_psa_rot_partition_crypto.a(CryptoKeyKeyStore_PSA_s.o)
                0x0000d928                KeyStore_s_exportKey
 .text.KeyStore_s_resetKeyAttributes
                0x0000d9c4       0x90 partitions/partitions/_1/crypto_sp/libti_tfm_psa_rot_partition_crypto.a(CryptoKeyKeyStore_PSA_s.o)
                0x0000d9c4                KeyStore_s_resetKeyAttributes
 .text.KeyStore_s_getKey
                0x0000da54       0x64 partitions/partitions/_1/crypto_sp/libti_tfm_psa_rot_partition_crypto.a(CryptoKeyKeyStore_PSA_s.o)
                0x0000da54                KeyStore_s_getKey
 .text.KeyStore_s_handlePsaMsg
                0x0000dab8       0x68 partitions/partitions/_1/crypto_sp/libti_tfm_psa_rot_partition_crypto.a(CryptoKeyKeyStore_PSA_s.o)
                0x0000dab8                KeyStore_s_handlePsaMsg
 .text.KeyStore_s_init
                0x0000db20        0x4 partitions/partitions/_1/crypto_sp/libti_tfm_psa_rot_partition_crypto.a(CryptoKeyKeyStore_PSA_s.o)
                0x0000db20                KeyStore_s_init
 .text.KeyStore_PSA_purgeKey
                0x0000db24       0x74 partitions/partitions/_1/crypto_sp/libti_tfm_psa_rot_partition_crypto.a(CryptoKeyKeyStore_PSA_helpers.o)
                0x0000db24                KeyStore_PSA_purgeKey
 .text.KeyStore_PSA_init
                0x0000db98       0x58 partitions/partitions/_1/crypto_sp/libti_tfm_psa_rot_partition_crypto.a(CryptoKeyKeyStore_PSA_helpers.o)
                0x0000db98                KeyStore_PSA_init
 .text.KeyStore_PSA_getKey
                0x0000dbf0       0xbc partitions/partitions/_1/crypto_sp/libti_tfm_psa_rot_partition_crypto.a(CryptoKeyKeyStore_PSA_helpers.o)
                0x0000dbf0                KeyStore_PSA_getKey
 .text.KeyStore_PSA_importKey
                0x0000dcac       0x54 partitions/partitions/_1/crypto_sp/libti_tfm_psa_rot_partition_crypto.a(CryptoKeyKeyStore_PSA_helpers.o)
                0x0000dcac                KeyStore_PSA_importKey
 .text.KeyStore_PSA_exportKey
                0x0000dd00       0x60 partitions/partitions/_1/crypto_sp/libti_tfm_psa_rot_partition_crypto.a(CryptoKeyKeyStore_PSA_helpers.o)
                0x0000dd00                KeyStore_PSA_exportKey
 .text.KeyStore_PSA_exportPublicKey
                0x0000dd60       0x60 partitions/partitions/_1/crypto_sp/libti_tfm_psa_rot_partition_crypto.a(CryptoKeyKeyStore_PSA_helpers.o)
                0x0000dd60                KeyStore_PSA_exportPublicKey
 .text.KeyStore_PSA_destroyKey
                0x0000ddc0       0x68 partitions/partitions/_1/crypto_sp/libti_tfm_psa_rot_partition_crypto.a(CryptoKeyKeyStore_PSA_helpers.o)
                0x0000ddc0                KeyStore_PSA_destroyKey
 .text.KeyStore_PSA_getKeyAttributes
                0x0000de28       0x54 partitions/partitions/_1/crypto_sp/libti_tfm_psa_rot_partition_crypto.a(CryptoKeyKeyStore_PSA_helpers.o)
                0x0000de28                KeyStore_PSA_getKeyAttributes
 .text.KeyStore_PSA_resetKeyAttributes
                0x0000de7c       0x18 partitions/partitions/_1/crypto_sp/libti_tfm_psa_rot_partition_crypto.a(CryptoKeyKeyStore_PSA_helpers.o)
                0x0000de7c                KeyStore_PSA_resetKeyAttributes
 .text.HwiP_disable
                0x0000de94       0x18 partitions/partitions/_1/crypto_sp/libti_tfm_psa_rot_partition_crypto.a(HwiP_tfm.o)
                0x0000de94                HwiP_disable
 .text.HwiP_restore
                0x0000deac       0x10 partitions/partitions/_1/crypto_sp/libti_tfm_psa_rot_partition_crypto.a(HwiP_tfm.o)
                0x0000deac                HwiP_restore
 .text.HwiP_dispatchInterrupt
                0x0000debc       0x14 partitions/partitions/_1/crypto_sp/libti_tfm_psa_rot_partition_crypto.a(HwiP_tfm.o)
                0x0000debc                HwiP_dispatchInterrupt
 .text.HwiP_construct
                0x0000ded0       0x64 partitions/partitions/_1/crypto_sp/libti_tfm_psa_rot_partition_crypto.a(HwiP_tfm.o)
                0x0000ded0                HwiP_construct
 .text.HwiP_Params_init
                0x0000df34       0x14 partitions/partitions/_1/crypto_sp/libti_tfm_psa_rot_partition_crypto.a(HwiP_tfm.o)
                0x0000df34                HwiP_Params_init
 .text.HwiP_setFunc
                0x0000df48       0x30 partitions/partitions/_1/crypto_sp/libti_tfm_psa_rot_partition_crypto.a(HwiP_tfm.o)
                0x0000df48                HwiP_setFunc
 .text.HwiP_post
                0x0000df78        0x4 partitions/partitions/_1/crypto_sp/libti_tfm_psa_rot_partition_crypto.a(HwiP_tfm.o)
                0x0000df78                HwiP_post
 .text.HwiP_inISR
                0x0000df7c       0x14 partitions/partitions/_1/crypto_sp/libti_tfm_psa_rot_partition_crypto.a(HwiP_tfm.o)
                0x0000df7c                HwiP_inISR
 .text.HwiP_inSwi
                0x0000df90       0x20 partitions/partitions/_1/crypto_sp/libti_tfm_psa_rot_partition_crypto.a(HwiP_tfm.o)
                0x0000df90                HwiP_inSwi
 .text.HwiP_setPriority
                0x0000dfb0        0x4 partitions/partitions/_1/crypto_sp/libti_tfm_psa_rot_partition_crypto.a(HwiP_tfm.o)
                0x0000dfb0                HwiP_setPriority
 .text.SemaphoreP_constructBinary
                0x0000dfb4        0xc partitions/partitions/_1/crypto_sp/libti_tfm_psa_rot_partition_crypto.a(SemaphoreP_tfm.o)
                0x0000dfb4                SemaphoreP_constructBinary
 .text.SemaphoreP_pend
                0x0000dfc0       0x14 partitions/partitions/_1/crypto_sp/libti_tfm_psa_rot_partition_crypto.a(SemaphoreP_tfm.o)
                0x0000dfc0                SemaphoreP_pend
 .text.SemaphoreP_post
                0x0000dfd4        0x8 partitions/partitions/_1/crypto_sp/libti_tfm_psa_rot_partition_crypto.a(SemaphoreP_tfm.o)
                0x0000dfd4                SemaphoreP_post
 .text.SemaphoreP_destruct
                0x0000dfdc        0x4 partitions/partitions/_1/crypto_sp/libti_tfm_psa_rot_partition_crypto.a(SemaphoreP_tfm.o)
                0x0000dfdc                SemaphoreP_destruct
 .text.AESCCM_s_hwiCallback
                0x0000dfe0       0x54 partitions/partitions/_1/crypto_sp/libti_tfm_psa_rot_partition_crypto.a(AESCCMCC26X4_s.o)
 .text.AESCCM_s_copyOneStepOperation.constprop.0
                0x0000e034       0xb8 partitions/partitions/_1/crypto_sp/libti_tfm_psa_rot_partition_crypto.a(AESCCMCC26X4_s.o)
 .text.AESCCM_s_handlePsaMsg
                0x0000e0ec      0x784 partitions/partitions/_1/crypto_sp/libti_tfm_psa_rot_partition_crypto.a(AESCCMCC26X4_s.o)
                0x0000e0ec                AESCCM_s_handlePsaMsg
 .text.AESCCM_s_init
                0x0000e870        0x4 partitions/partitions/_1/crypto_sp/libti_tfm_psa_rot_partition_crypto.a(AESCCMCC26X4_s.o)
                0x0000e870                AESCCM_s_init
 .text.AESCBC_s_hwiCallback
                0x0000e874       0x54 partitions/partitions/_1/crypto_sp/libti_tfm_psa_rot_partition_crypto.a(AESCBCCC26X4_s.o)
 .text.AESCBC_s_handlePsaMsg
                0x0000e8c8      0x6e0 partitions/partitions/_1/crypto_sp/libti_tfm_psa_rot_partition_crypto.a(AESCBCCC26X4_s.o)
                0x0000e8c8                AESCBC_s_handlePsaMsg
 .text.AESCBC_s_init
                0x0000efa8        0x4 partitions/partitions/_1/crypto_sp/libti_tfm_psa_rot_partition_crypto.a(AESCBCCC26X4_s.o)
                0x0000efa8                AESCBC_s_init
 .text.AESCMAC_s_hwiCallback
                0x0000efac       0x64 partitions/partitions/_1/crypto_sp/libti_tfm_psa_rot_partition_crypto.a(AESCMACCC26X4_s.o)
 .text.AESCMAC_s_copyOperation
                0x0000f010       0x54 partitions/partitions/_1/crypto_sp/libti_tfm_psa_rot_partition_crypto.a(AESCMACCC26X4_s.o)
                0x0000f010                AESCMAC_s_copyOperation
 .text.AESCMAC_s_handlePsaMsg
                0x0000f064      0x63c partitions/partitions/_1/crypto_sp/libti_tfm_psa_rot_partition_crypto.a(AESCMACCC26X4_s.o)
                0x0000f064                AESCMAC_s_handlePsaMsg
 .text.AESCMAC_s_init
                0x0000f6a0        0x4 partitions/partitions/_1/crypto_sp/libti_tfm_psa_rot_partition_crypto.a(AESCMACCC26X4_s.o)
                0x0000f6a0                AESCMAC_s_init
 .text.AESCTR_s_hwiCallback
                0x0000f6a4       0x54 partitions/partitions/_1/crypto_sp/libti_tfm_psa_rot_partition_crypto.a(AESCTRCC26X4_s.o)
 .text.AESCTR_s_handlePsaMsg
                0x0000f6f8      0x670 partitions/partitions/_1/crypto_sp/libti_tfm_psa_rot_partition_crypto.a(AESCTRCC26X4_s.o)
                0x0000f6f8                AESCTR_s_handlePsaMsg
 .text.AESCTR_s_init
                0x0000fd68        0x4 partitions/partitions/_1/crypto_sp/libti_tfm_psa_rot_partition_crypto.a(AESCTRCC26X4_s.o)
                0x0000fd68                AESCTR_s_init
 .text.AESECB_s_hwiCallback
                0x0000fd6c       0x54 partitions/partitions/_1/crypto_sp/libti_tfm_psa_rot_partition_crypto.a(AESECBCC26X4_s.o)
 .text.AESECB_s_handlePsaMsg
                0x0000fdc0      0x524 partitions/partitions/_1/crypto_sp/libti_tfm_psa_rot_partition_crypto.a(AESECBCC26X4_s.o)
                0x0000fdc0                AESECB_s_handlePsaMsg
 .text.AESECB_s_init
                0x000102e4        0x4 partitions/partitions/_1/crypto_sp/libti_tfm_psa_rot_partition_crypto.a(AESECBCC26X4_s.o)
                0x000102e4                AESECB_s_init
 .text.AESGCM_s_hwiCallback
                0x000102e8       0x54 partitions/partitions/_1/crypto_sp/libti_tfm_psa_rot_partition_crypto.a(AESGCMCC26X4_s.o)
 .text.AESGCM_s_copyOneStepOperation
                0x0001033c       0xb8 partitions/partitions/_1/crypto_sp/libti_tfm_psa_rot_partition_crypto.a(AESGCMCC26X4_s.o)
                0x0001033c                AESGCM_s_copyOneStepOperation
 .text.AESGCM_s_handlePsaMsg
                0x000103f4      0x7b8 partitions/partitions/_1/crypto_sp/libti_tfm_psa_rot_partition_crypto.a(AESGCMCC26X4_s.o)
                0x000103f4                AESGCM_s_handlePsaMsg
 .text.AESGCM_s_init
                0x00010bac        0x4 partitions/partitions/_1/crypto_sp/libti_tfm_psa_rot_partition_crypto.a(AESGCMCC26X4_s.o)
                0x00010bac                AESGCM_s_init
 .text.ECDH_s_hwiCallback
                0x00010bb0       0x74 partitions/partitions/_1/crypto_sp/libti_tfm_psa_rot_partition_crypto.a(ECDHCC26X4_s.o)
 .text.ECDH_s_handlePsaMsg
                0x00010c24      0x4d4 partitions/partitions/_1/crypto_sp/libti_tfm_psa_rot_partition_crypto.a(ECDHCC26X4_s.o)
                0x00010c24                ECDH_s_handlePsaMsg
 .text.ECDH_s_init
                0x000110f8        0x4 partitions/partitions/_1/crypto_sp/libti_tfm_psa_rot_partition_crypto.a(ECDHCC26X4_s.o)
                0x000110f8                ECDH_s_init
 .text.ECDSA_s_hwiCallback
                0x000110fc       0x64 partitions/partitions/_1/crypto_sp/libti_tfm_psa_rot_partition_crypto.a(ECDSACC26X4_s.o)
 .text.ECDSA_s_handlePsaMsg
                0x00011160      0x53c partitions/partitions/_1/crypto_sp/libti_tfm_psa_rot_partition_crypto.a(ECDSACC26X4_s.o)
                0x00011160                ECDSA_s_handlePsaMsg
 .text.ECDSA_s_init
                0x0001169c        0x4 partitions/partitions/_1/crypto_sp/libti_tfm_psa_rot_partition_crypto.a(ECDSACC26X4_s.o)
                0x0001169c                ECDSA_s_init
 .text.ECJPAKE_s_hwiCallback
                0x000116a0      0x15c partitions/partitions/_1/crypto_sp/libti_tfm_psa_rot_partition_crypto.a(ECJPAKECC26X4_s.o)
 .text.ECJPAKE_s_handlePsaMsg
                0x000117fc      0x8e0 partitions/partitions/_1/crypto_sp/libti_tfm_psa_rot_partition_crypto.a(ECJPAKECC26X4_s.o)
                0x000117fc                ECJPAKE_s_handlePsaMsg
 .text.ECJPAKE_s_init
                0x000120dc        0x4 partitions/partitions/_1/crypto_sp/libti_tfm_psa_rot_partition_crypto.a(ECJPAKECC26X4_s.o)
                0x000120dc                ECJPAKE_s_init
 .text.EDDSA_s_hwiCallback
                0x000120e0       0x6c partitions/partitions/_1/crypto_sp/libti_tfm_psa_rot_partition_crypto.a(EDDSACC26X4_s.o)
 .text.EDDSA_s_handlePsaMsg
                0x0001214c      0x620 partitions/partitions/_1/crypto_sp/libti_tfm_psa_rot_partition_crypto.a(EDDSACC26X4_s.o)
                0x0001214c                EDDSA_s_handlePsaMsg
 .text.EDDSA_s_init
                0x0001276c        0x4 partitions/partitions/_1/crypto_sp/libti_tfm_psa_rot_partition_crypto.a(EDDSACC26X4_s.o)
                0x0001276c                EDDSA_s_init
 .text.SHA2_s_hwiCallback
                0x00012770       0x5c partitions/partitions/_1/crypto_sp/libti_tfm_psa_rot_partition_crypto.a(SHA2CC26X4_s.o)
 .text.SHA2_s_handlePsaMsg
                0x000127cc      0x878 partitions/partitions/_1/crypto_sp/libti_tfm_psa_rot_partition_crypto.a(SHA2CC26X4_s.o)
                0x000127cc                SHA2_s_handlePsaMsg
 .text.SHA2_s_init
                0x00013044        0x4 partitions/partitions/_1/crypto_sp/libti_tfm_psa_rot_partition_crypto.a(SHA2CC26X4_s.o)
                0x00013044                SHA2_s_init
 .text.AESCTRDRBG_s_handlePsaMsg
                0x00013048      0x3b4 partitions/partitions/_1/crypto_sp/libti_tfm_psa_rot_partition_crypto.a(AESCTRDRBGX4_s.o)
                0x00013048                AESCTRDRBG_s_handlePsaMsg
 .text.AESCTRDRBG_s_init
                0x000133fc        0x4 partitions/partitions/_1/crypto_sp/libti_tfm_psa_rot_partition_crypto.a(AESCTRDRBGX4_s.o)
                0x000133fc                AESCTRDRBG_s_init
 .text.TRNG_s_randomBytesCallback
                0x00013400       0x6c partitions/partitions/_1/crypto_sp/libti_tfm_psa_rot_partition_crypto.a(TRNGCC26X4_s.o)
 .text.TRNG_s_cryptoKeyCallback
                0x0001346c       0x7c partitions/partitions/_1/crypto_sp/libti_tfm_psa_rot_partition_crypto.a(TRNGCC26X4_s.o)
 .text.TRNG_s_handlePsaMsg
                0x000134e8      0x5a8 partitions/partitions/_1/crypto_sp/libti_tfm_psa_rot_partition_crypto.a(TRNGCC26X4_s.o)
                0x000134e8                TRNG_s_handlePsaMsg
 .text.CryptoKey_verifySecureInputKey
                0x00013a90       0x34 partitions/partitions/_1/crypto_sp/libti_tfm_psa_rot_partition_crypto.a(CryptoKey.o)
                0x00013a90                CryptoKey_verifySecureInputKey
 .text.CryptoKey_verifySecureOutputKey
                0x00013ac4       0x34 partitions/partitions/_1/crypto_sp/libti_tfm_psa_rot_partition_crypto.a(CryptoKey.o)
                0x00013ac4                CryptoKey_verifySecureOutputKey
 .text.CryptoKey_copySecureInputKey
                0x00013af8       0x48 partitions/partitions/_1/crypto_sp/libti_tfm_psa_rot_partition_crypto.a(CryptoKey.o)
                0x00013af8                CryptoKey_copySecureInputKey
 .text.CryptoKey_copySecureOutputKey
                0x00013b40       0x48 partitions/partitions/_1/crypto_sp/libti_tfm_psa_rot_partition_crypto.a(CryptoKey.o)
                0x00013b40                CryptoKey_copySecureOutputKey
 .text.CryptoKey_isBlank
                0x00013b88       0x18 partitions/partitions/_1/crypto_sp/libti_tfm_psa_rot_partition_crypto.a(CryptoKey.o)
                0x00013b88                CryptoKey_isBlank
 .text.SecureCallback_post
                0x00013ba0       0x14 partitions/partitions/_1/crypto_sp/libti_tfm_psa_rot_partition_crypto.a(SecureCallback.o)
                0x00013ba0                SecureCallback_post
 .text.AESCCM_open
                0x00013bb4       0x10 partitions/partitions/_1/crypto_sp/libti_tfm_psa_rot_partition_crypto.a(AESCCM.o)
                0x00013bb4                AESCCM_open
 .text.AESCCM_getResult.isra.0
                0x00013bc4      0x190 partitions/partitions/_1/crypto_sp/libti_tfm_psa_rot_partition_crypto.a(AESCCMCC26X4.o)
 .text.AESCCM_waitForResult
                0x00013d54       0xa0 partitions/partitions/_1/crypto_sp/libti_tfm_psa_rot_partition_crypto.a(AESCCMCC26X4.o)
 .text.AESCCM_addDataInternal
                0x00013df4      0x1e0 partitions/partitions/_1/crypto_sp/libti_tfm_psa_rot_partition_crypto.a(AESCCMCC26X4.o)
 .text.AESCCM_hwiFxn
                0x00013fd4      0x138 partitions/partitions/_1/crypto_sp/libti_tfm_psa_rot_partition_crypto.a(AESCCMCC26X4.o)
 .text.AESCCM_addAADInternal
                0x0001410c      0x308 partitions/partitions/_1/crypto_sp/libti_tfm_psa_rot_partition_crypto.a(AESCCMCC26X4.o)
 .text.AESCCM_init
                0x00014414       0x14 partitions/partitions/_1/crypto_sp/libti_tfm_psa_rot_partition_crypto.a(AESCCMCC26X4.o)
                0x00014414                AESCCM_init
 .text.AESCCM_construct
                0x00014428       0x6c partitions/partitions/_1/crypto_sp/libti_tfm_psa_rot_partition_crypto.a(AESCCMCC26X4.o)
                0x00014428                AESCCM_construct
 .text.AESCCM_close
                0x00014494       0x10 partitions/partitions/_1/crypto_sp/libti_tfm_psa_rot_partition_crypto.a(AESCCMCC26X4.o)
                0x00014494                AESCCM_close
 .text.AESCCM_oneStepEncrypt
                0x000144a4      0x148 partitions/partitions/_1/crypto_sp/libti_tfm_psa_rot_partition_crypto.a(AESCCMCC26X4.o)
                0x000144a4                AESCCM_oneStepEncrypt
 .text.AESCCM_oneStepDecrypt
                0x000145ec      0x148 partitions/partitions/_1/crypto_sp/libti_tfm_psa_rot_partition_crypto.a(AESCCMCC26X4.o)
                0x000145ec                AESCCM_oneStepDecrypt
 .text.AESCCM_setupEncrypt
                0x00014734       0x6c partitions/partitions/_1/crypto_sp/libti_tfm_psa_rot_partition_crypto.a(AESCCMCC26X4.o)
                0x00014734                AESCCM_setupEncrypt
 .text.AESCCM_setupDecrypt
                0x000147a0       0x70 partitions/partitions/_1/crypto_sp/libti_tfm_psa_rot_partition_crypto.a(AESCCMCC26X4.o)
                0x000147a0                AESCCM_setupDecrypt
 .text.AESCCM_setLengths
                0x00014810       0x28 partitions/partitions/_1/crypto_sp/libti_tfm_psa_rot_partition_crypto.a(AESCCMCC26X4.o)
                0x00014810                AESCCM_setLengths
 .text.AESCCM_setNonce
                0x00014838       0x4c partitions/partitions/_1/crypto_sp/libti_tfm_psa_rot_partition_crypto.a(AESCCMCC26X4.o)
                0x00014838                AESCCM_setNonce
 .text.AESCCM_addAAD
                0x00014884       0xa4 partitions/partitions/_1/crypto_sp/libti_tfm_psa_rot_partition_crypto.a(AESCCMCC26X4.o)
                0x00014884                AESCCM_addAAD
 .text.AESCCM_addData
                0x00014928       0xc8 partitions/partitions/_1/crypto_sp/libti_tfm_psa_rot_partition_crypto.a(AESCCMCC26X4.o)
                0x00014928                AESCCM_addData
 .text.AESCCM_finalizeEncrypt
                0x000149f0       0xdc partitions/partitions/_1/crypto_sp/libti_tfm_psa_rot_partition_crypto.a(AESCCMCC26X4.o)
                0x000149f0                AESCCM_finalizeEncrypt
 .text.AESCCM_finalizeDecrypt
                0x00014acc       0xe4 partitions/partitions/_1/crypto_sp/libti_tfm_psa_rot_partition_crypto.a(AESCCMCC26X4.o)
                0x00014acc                AESCCM_finalizeDecrypt
 .text.AESCCM_cancelOperation
                0x00014bb0      0x1c8 partitions/partitions/_1/crypto_sp/libti_tfm_psa_rot_partition_crypto.a(AESCCMCC26X4.o)
                0x00014bb0                AESCCM_cancelOperation
 .text.AESCBC_open
                0x00014d78       0x10 partitions/partitions/_1/crypto_sp/libti_tfm_psa_rot_partition_crypto.a(AESCBC.o)
                0x00014d78                AESCBC_open
 .text.AESCBC_addDataInternal
                0x00014d88      0x210 partitions/partitions/_1/crypto_sp/libti_tfm_psa_rot_partition_crypto.a(AESCBCCC26XX.o)
 .text.AESCBC_hwiFxn
                0x00014f98       0xb8 partitions/partitions/_1/crypto_sp/libti_tfm_psa_rot_partition_crypto.a(AESCBCCC26XX.o)
 .text.AESCBC_init
                0x00015050       0x14 partitions/partitions/_1/crypto_sp/libti_tfm_psa_rot_partition_crypto.a(AESCBCCC26XX.o)
                0x00015050                AESCBC_init
 .text.AESCBC_construct
                0x00015064       0x74 partitions/partitions/_1/crypto_sp/libti_tfm_psa_rot_partition_crypto.a(AESCBCCC26XX.o)
                0x00015064                AESCBC_construct
 .text.AESCBC_close
                0x000150d8       0x10 partitions/partitions/_1/crypto_sp/libti_tfm_psa_rot_partition_crypto.a(AESCBCCC26XX.o)
                0x000150d8                AESCBC_close
 .text.AESCBC_oneStepEncrypt
                0x000150e8       0xa4 partitions/partitions/_1/crypto_sp/libti_tfm_psa_rot_partition_crypto.a(AESCBCCC26XX.o)
                0x000150e8                AESCBC_oneStepEncrypt
 .text.AESCBC_oneStepDecrypt
                0x0001518c       0xa4 partitions/partitions/_1/crypto_sp/libti_tfm_psa_rot_partition_crypto.a(AESCBCCC26XX.o)
                0x0001518c                AESCBC_oneStepDecrypt
 .text.AESCBC_setupEncrypt
                0x00015230       0x50 partitions/partitions/_1/crypto_sp/libti_tfm_psa_rot_partition_crypto.a(AESCBCCC26XX.o)
                0x00015230                AESCBC_setupEncrypt
 .text.AESCBC_setupDecrypt
                0x00015280       0x50 partitions/partitions/_1/crypto_sp/libti_tfm_psa_rot_partition_crypto.a(AESCBCCC26XX.o)
                0x00015280                AESCBC_setupDecrypt
 .text.AESCBC_setIV
                0x000152d0       0x20 partitions/partitions/_1/crypto_sp/libti_tfm_psa_rot_partition_crypto.a(AESCBCCC26XX.o)
                0x000152d0                AESCBC_setIV
 .text.AESCBC_addData
                0x000152f0       0x68 partitions/partitions/_1/crypto_sp/libti_tfm_psa_rot_partition_crypto.a(AESCBCCC26XX.o)
                0x000152f0                AESCBC_addData
 .text.AESCBC_finalize
                0x00015358       0xb4 partitions/partitions/_1/crypto_sp/libti_tfm_psa_rot_partition_crypto.a(AESCBCCC26XX.o)
                0x00015358                AESCBC_finalize
 .text.AESCBC_cancelOperation
                0x0001540c       0xcc partitions/partitions/_1/crypto_sp/libti_tfm_psa_rot_partition_crypto.a(AESCBCCC26XX.o)
                0x0001540c                AESCBC_cancelOperation
 .text.AESCMAC_open
                0x000154d8       0x10 partitions/partitions/_1/crypto_sp/libti_tfm_psa_rot_partition_crypto.a(AESCMAC.o)
                0x000154d8                AESCMAC_open
 .text.AESCMAC_loadKey
                0x000154e8       0xe0 partitions/partitions/_1/crypto_sp/libti_tfm_psa_rot_partition_crypto.a(AESCMACCC26XX.o)
 .text.AESCMAC_getResult
                0x000155c8       0xd8 partitions/partitions/_1/crypto_sp/libti_tfm_psa_rot_partition_crypto.a(AESCMACCC26XX.o)
 .text.AESCMAC_hwiFxn
                0x000156a0       0xb0 partitions/partitions/_1/crypto_sp/libti_tfm_psa_rot_partition_crypto.a(AESCMACCC26XX.o)
 .text.AESCMAC_generateSubKey
                0x00015750      0x240 partitions/partitions/_1/crypto_sp/libti_tfm_psa_rot_partition_crypto.a(AESCMACCC26XX.o)
 .text.AESCMAC_processData
                0x00015990      0x280 partitions/partitions/_1/crypto_sp/libti_tfm_psa_rot_partition_crypto.a(AESCMACCC26XX.o)
 .text.AESCMAC_init
                0x00015c10       0x14 partitions/partitions/_1/crypto_sp/libti_tfm_psa_rot_partition_crypto.a(AESCMACCC26XX.o)
                0x00015c10                AESCMAC_init
 .text.AESCMAC_construct
                0x00015c24       0x78 partitions/partitions/_1/crypto_sp/libti_tfm_psa_rot_partition_crypto.a(AESCMACCC26XX.o)
                0x00015c24                AESCMAC_construct
 .text.AESCMAC_close
                0x00015c9c       0x10 partitions/partitions/_1/crypto_sp/libti_tfm_psa_rot_partition_crypto.a(AESCMACCC26XX.o)
                0x00015c9c                AESCMAC_close
 .text.AESCMAC_oneStepSign
                0x00015cac       0xa8 partitions/partitions/_1/crypto_sp/libti_tfm_psa_rot_partition_crypto.a(AESCMACCC26XX.o)
                0x00015cac                AESCMAC_oneStepSign
 .text.AESCMAC_oneStepVerify
                0x00015d54       0xa4 partitions/partitions/_1/crypto_sp/libti_tfm_psa_rot_partition_crypto.a(AESCMACCC26XX.o)
                0x00015d54                AESCMAC_oneStepVerify
 .text.AESCMAC_setupSign
                0x00015df8       0x4c partitions/partitions/_1/crypto_sp/libti_tfm_psa_rot_partition_crypto.a(AESCMACCC26XX.o)
                0x00015df8                AESCMAC_setupSign
 .text.AESCMAC_setupVerify
                0x00015e44       0x48 partitions/partitions/_1/crypto_sp/libti_tfm_psa_rot_partition_crypto.a(AESCMACCC26XX.o)
                0x00015e44                AESCMAC_setupVerify
 .text.AESCMAC_addData
                0x00015e8c       0x8c partitions/partitions/_1/crypto_sp/libti_tfm_psa_rot_partition_crypto.a(AESCMACCC26XX.o)
                0x00015e8c                AESCMAC_addData
 .text.AESCMAC_finalize
                0x00015f18       0x90 partitions/partitions/_1/crypto_sp/libti_tfm_psa_rot_partition_crypto.a(AESCMACCC26XX.o)
                0x00015f18                AESCMAC_finalize
 .text.AESCMAC_cancelOperation
                0x00015fa8       0xbc partitions/partitions/_1/crypto_sp/libti_tfm_psa_rot_partition_crypto.a(AESCMACCC26XX.o)
                0x00015fa8                AESCMAC_cancelOperation
 .text.AESCTR_Params_init
                0x00016064       0x10 partitions/partitions/_1/crypto_sp/libti_tfm_psa_rot_partition_crypto.a(AESCTR.o)
                0x00016064                AESCTR_Params_init
 .text.AESCTR_open
                0x00016074       0x10 partitions/partitions/_1/crypto_sp/libti_tfm_psa_rot_partition_crypto.a(AESCTR.o)
                0x00016074                AESCTR_open
 .text.AESCTR_processData
                0x00016084      0x228 partitions/partitions/_1/crypto_sp/libti_tfm_psa_rot_partition_crypto.a(AESCTRCC26XX.o)
 .text.AESCTR_hwiFxn
                0x000162ac       0xb4 partitions/partitions/_1/crypto_sp/libti_tfm_psa_rot_partition_crypto.a(AESCTRCC26XX.o)
 .text.AESCTR_init
                0x00016360       0x14 partitions/partitions/_1/crypto_sp/libti_tfm_psa_rot_partition_crypto.a(AESCTRCC26XX.o)
                0x00016360                AESCTR_init
 .text.AESCTR_construct
                0x00016374       0x74 partitions/partitions/_1/crypto_sp/libti_tfm_psa_rot_partition_crypto.a(AESCTRCC26XX.o)
                0x00016374                AESCTR_construct
 .text.AESCTR_close
                0x000163e8       0x10 partitions/partitions/_1/crypto_sp/libti_tfm_psa_rot_partition_crypto.a(AESCTRCC26XX.o)
                0x000163e8                AESCTR_close
 .text.AESCTR_oneStepEncrypt
                0x000163f8       0xb0 partitions/partitions/_1/crypto_sp/libti_tfm_psa_rot_partition_crypto.a(AESCTRCC26XX.o)
                0x000163f8                AESCTR_oneStepEncrypt
 .text.AESCTR_oneStepDecrypt
                0x000164a8       0xb0 partitions/partitions/_1/crypto_sp/libti_tfm_psa_rot_partition_crypto.a(AESCTRCC26XX.o)
                0x000164a8                AESCTR_oneStepDecrypt
 .text.AESCTR_setupEncrypt
                0x00016558       0x54 partitions/partitions/_1/crypto_sp/libti_tfm_psa_rot_partition_crypto.a(AESCTRCC26XX.o)
                0x00016558                AESCTR_setupEncrypt
 .text.AESCTR_setupDecrypt
                0x000165ac       0x54 partitions/partitions/_1/crypto_sp/libti_tfm_psa_rot_partition_crypto.a(AESCTRCC26XX.o)
                0x000165ac                AESCTR_setupDecrypt
 .text.AESCTR_addData
                0x00016600       0x70 partitions/partitions/_1/crypto_sp/libti_tfm_psa_rot_partition_crypto.a(AESCTRCC26XX.o)
                0x00016600                AESCTR_addData
 .text.AESCTR_finalize
                0x00016670       0x90 partitions/partitions/_1/crypto_sp/libti_tfm_psa_rot_partition_crypto.a(AESCTRCC26XX.o)
                0x00016670                AESCTR_finalize
 .text.AESCTR_cancelOperation
                0x00016700       0xbc partitions/partitions/_1/crypto_sp/libti_tfm_psa_rot_partition_crypto.a(AESCTRCC26XX.o)
                0x00016700                AESCTR_cancelOperation
 .text.AESCTR_acquireLock
                0x000167bc        0x8 partitions/partitions/_1/crypto_sp/libti_tfm_psa_rot_partition_crypto.a(AESCTRCC26XX.o)
                0x000167bc                AESCTR_acquireLock
 .text.AESCTR_releaseLock
                0x000167c4        0x4 partitions/partitions/_1/crypto_sp/libti_tfm_psa_rot_partition_crypto.a(AESCTRCC26XX.o)
                0x000167c4                AESCTR_releaseLock
 .text.AESCTR_enableThreadSafety
                0x000167c8        0xc partitions/partitions/_1/crypto_sp/libti_tfm_psa_rot_partition_crypto.a(AESCTRCC26XX.o)
                0x000167c8                AESCTR_enableThreadSafety
 .text.AESCTR_disableThreadSafety
                0x000167d4        0xc partitions/partitions/_1/crypto_sp/libti_tfm_psa_rot_partition_crypto.a(AESCTRCC26XX.o)
                0x000167d4                AESCTR_disableThreadSafety
 .text.AESECB_open
                0x000167e0       0x10 partitions/partitions/_1/crypto_sp/libti_tfm_psa_rot_partition_crypto.a(AESECB.o)
                0x000167e0                AESECB_open
 .text.AESECB_addDataInternal
                0x000167f0      0x250 partitions/partitions/_1/crypto_sp/libti_tfm_psa_rot_partition_crypto.a(AESECBCC26XX.o)
 .text.AESECB_hwiFxn
                0x00016a40       0xb0 partitions/partitions/_1/crypto_sp/libti_tfm_psa_rot_partition_crypto.a(AESECBCC26XX.o)
 .text.AESECB_init
                0x00016af0       0x14 partitions/partitions/_1/crypto_sp/libti_tfm_psa_rot_partition_crypto.a(AESECBCC26XX.o)
                0x00016af0                AESECB_init
 .text.AESECB_construct
                0x00016b04       0x74 partitions/partitions/_1/crypto_sp/libti_tfm_psa_rot_partition_crypto.a(AESECBCC26XX.o)
                0x00016b04                AESECB_construct
 .text.AESECB_close
                0x00016b78       0x10 partitions/partitions/_1/crypto_sp/libti_tfm_psa_rot_partition_crypto.a(AESECBCC26XX.o)
                0x00016b78                AESECB_close
 .text.AESECB_oneStepEncrypt
                0x00016b88       0x48 partitions/partitions/_1/crypto_sp/libti_tfm_psa_rot_partition_crypto.a(AESECBCC26XX.o)
                0x00016b88                AESECB_oneStepEncrypt
 .text.AESECB_oneStepDecrypt
                0x00016bd0       0x48 partitions/partitions/_1/crypto_sp/libti_tfm_psa_rot_partition_crypto.a(AESECBCC26XX.o)
                0x00016bd0                AESECB_oneStepDecrypt
 .text.AESECB_setupEncrypt
                0x00016c18       0x44 partitions/partitions/_1/crypto_sp/libti_tfm_psa_rot_partition_crypto.a(AESECBCC26XX.o)
                0x00016c18                AESECB_setupEncrypt
 .text.AESECB_setupDecrypt
                0x00016c5c       0x44 partitions/partitions/_1/crypto_sp/libti_tfm_psa_rot_partition_crypto.a(AESECBCC26XX.o)
                0x00016c5c                AESECB_setupDecrypt
 .text.AESECB_addData
                0x00016ca0       0x2c partitions/partitions/_1/crypto_sp/libti_tfm_psa_rot_partition_crypto.a(AESECBCC26XX.o)
                0x00016ca0                AESECB_addData
 .text.AESECB_finalize
                0x00016ccc       0x60 partitions/partitions/_1/crypto_sp/libti_tfm_psa_rot_partition_crypto.a(AESECBCC26XX.o)
                0x00016ccc                AESECB_finalize
 .text.AESECB_cancelOperation
                0x00016d2c       0xac partitions/partitions/_1/crypto_sp/libti_tfm_psa_rot_partition_crypto.a(AESECBCC26XX.o)
                0x00016d2c                AESECB_cancelOperation
 .text.AESGCM_open
                0x00016dd8       0x10 partitions/partitions/_1/crypto_sp/libti_tfm_psa_rot_partition_crypto.a(AESGCM.o)
                0x00016dd8                AESGCM_open
 .text.AESGCM_getResult.isra.0
                0x00016de8      0x13c partitions/partitions/_1/crypto_sp/libti_tfm_psa_rot_partition_crypto.a(AESGCMCC26X4.o)
 .text.AESGCM_hwiFxn
                0x00016f24      0x114 partitions/partitions/_1/crypto_sp/libti_tfm_psa_rot_partition_crypto.a(AESGCMCC26X4.o)
 .text.AESGCM_waitForResult
                0x00017038       0xa0 partitions/partitions/_1/crypto_sp/libti_tfm_psa_rot_partition_crypto.a(AESGCMCC26X4.o)
 .text.AESGCM_addDataInternal
                0x000170d8      0x1b8 partitions/partitions/_1/crypto_sp/libti_tfm_psa_rot_partition_crypto.a(AESGCMCC26X4.o)
 .text.AESGCM_addAADInternal
                0x00017290      0x2dc partitions/partitions/_1/crypto_sp/libti_tfm_psa_rot_partition_crypto.a(AESGCMCC26X4.o)
 .text.AESGCM_init
                0x0001756c       0x14 partitions/partitions/_1/crypto_sp/libti_tfm_psa_rot_partition_crypto.a(AESGCMCC26X4.o)
                0x0001756c                AESGCM_init
 .text.AESGCM_construct
                0x00017580       0x64 partitions/partitions/_1/crypto_sp/libti_tfm_psa_rot_partition_crypto.a(AESGCMCC26X4.o)
                0x00017580                AESGCM_construct
 .text.AESGCM_close
                0x000175e4       0x10 partitions/partitions/_1/crypto_sp/libti_tfm_psa_rot_partition_crypto.a(AESGCMCC26X4.o)
                0x000175e4                AESGCM_close
 .text.AESGCM_oneStepEncrypt
                0x000175f4      0x11c partitions/partitions/_1/crypto_sp/libti_tfm_psa_rot_partition_crypto.a(AESGCMCC26X4.o)
                0x000175f4                AESGCM_oneStepEncrypt
 .text.AESGCM_oneStepDecrypt
                0x00017710      0x11c partitions/partitions/_1/crypto_sp/libti_tfm_psa_rot_partition_crypto.a(AESGCMCC26X4.o)
                0x00017710                AESGCM_oneStepDecrypt
 .text.AESGCM_setupEncrypt
                0x0001782c       0x64 partitions/partitions/_1/crypto_sp/libti_tfm_psa_rot_partition_crypto.a(AESGCMCC26X4.o)
                0x0001782c                AESGCM_setupEncrypt
 .text.AESGCM_setupDecrypt
                0x00017890       0x64 partitions/partitions/_1/crypto_sp/libti_tfm_psa_rot_partition_crypto.a(AESGCMCC26X4.o)
                0x00017890                AESGCM_setupDecrypt
 .text.AESGCM_setLengths
                0x000178f4       0x1c partitions/partitions/_1/crypto_sp/libti_tfm_psa_rot_partition_crypto.a(AESGCMCC26X4.o)
                0x000178f4                AESGCM_setLengths
 .text.AESGCM_setIV
                0x00017910       0x28 partitions/partitions/_1/crypto_sp/libti_tfm_psa_rot_partition_crypto.a(AESGCMCC26X4.o)
                0x00017910                AESGCM_setIV
 .text.AESGCM_addAAD
                0x00017938       0xa4 partitions/partitions/_1/crypto_sp/libti_tfm_psa_rot_partition_crypto.a(AESGCMCC26X4.o)
                0x00017938                AESGCM_addAAD
 .text.AESGCM_addData
                0x000179dc       0xc8 partitions/partitions/_1/crypto_sp/libti_tfm_psa_rot_partition_crypto.a(AESGCMCC26X4.o)
                0x000179dc                AESGCM_addData
 .text.AESGCM_finalizeEncrypt
                0x00017aa4       0xdc partitions/partitions/_1/crypto_sp/libti_tfm_psa_rot_partition_crypto.a(AESGCMCC26X4.o)
                0x00017aa4                AESGCM_finalizeEncrypt
 .text.AESGCM_finalizeDecrypt
                0x00017b80       0xdc partitions/partitions/_1/crypto_sp/libti_tfm_psa_rot_partition_crypto.a(AESGCMCC26X4.o)
                0x00017b80                AESGCM_finalizeDecrypt
 .text.AESGCM_cancelOperation
                0x00017c5c      0x1c8 partitions/partitions/_1/crypto_sp/libti_tfm_psa_rot_partition_crypto.a(AESGCMCC26X4.o)
                0x00017c5c                AESGCM_cancelOperation
 .text.ECCParams_s_getCurveParams
                0x00017e24       0x38 partitions/partitions/_1/crypto_sp/libti_tfm_psa_rot_partition_crypto.a(ECCParamsCC26X4_s.o)
                0x00017e24                ECCParams_s_getCurveParams
 .text.ECDH_open
                0x00017e5c       0x10 partitions/partitions/_1/crypto_sp/libti_tfm_psa_rot_partition_crypto.a(ECDH.o)
                0x00017e5c                ECDH_open
 .text.ECDHCC26X2_getKeyResult.constprop.0
                0x00017e6c      0x118 partitions/partitions/_1/crypto_sp/libti_tfm_psa_rot_partition_crypto.a(ECDHCC26X2.o)
 .text.ECDHCC26X2_hwiFxn
                0x00017f84      0x27c partitions/partitions/_1/crypto_sp/libti_tfm_psa_rot_partition_crypto.a(ECDHCC26X2.o)
 .text.ECDH_init
                0x00018200       0x14 partitions/partitions/_1/crypto_sp/libti_tfm_psa_rot_partition_crypto.a(ECDHCC26X2.o)
                0x00018200                ECDH_init
 .text.ECDH_construct
                0x00018214       0x4c partitions/partitions/_1/crypto_sp/libti_tfm_psa_rot_partition_crypto.a(ECDHCC26X2.o)
                0x00018214                ECDH_construct
 .text.ECDH_close
                0x00018260       0x10 partitions/partitions/_1/crypto_sp/libti_tfm_psa_rot_partition_crypto.a(ECDHCC26X2.o)
                0x00018260                ECDH_close
 .text.ECDH_generatePublicKey
                0x00018270      0x1a8 partitions/partitions/_1/crypto_sp/libti_tfm_psa_rot_partition_crypto.a(ECDHCC26X2.o)
                0x00018270                ECDH_generatePublicKey
 .text.ECDH_computeSharedSecret
                0x00018418      0x24c partitions/partitions/_1/crypto_sp/libti_tfm_psa_rot_partition_crypto.a(ECDHCC26X2.o)
                0x00018418                ECDH_computeSharedSecret
 .text.ECDH_cancelOperation
                0x00018664       0x24 partitions/partitions/_1/crypto_sp/libti_tfm_psa_rot_partition_crypto.a(ECDHCC26X2.o)
                0x00018664                ECDH_cancelOperation
 .text.ECDSA_open
                0x00018688       0x10 partitions/partitions/_1/crypto_sp/libti_tfm_psa_rot_partition_crypto.a(ECDSA.o)
                0x00018688                ECDSA_open
 .text.ECDSACC26X2_hwiFxn
                0x00018698       0x98 partitions/partitions/_1/crypto_sp/libti_tfm_psa_rot_partition_crypto.a(ECDSACC26X2.o)
 .text.ECDSACC26X2_trngCallback
                0x00018730       0x80 partitions/partitions/_1/crypto_sp/libti_tfm_psa_rot_partition_crypto.a(ECDSACC26X2.o)
 .text.ECDSACC26X2_runSignFSM
                0x000187b0      0x254 partitions/partitions/_1/crypto_sp/libti_tfm_psa_rot_partition_crypto.a(ECDSACC26X2.o)
 .text.ECDSACC26X2_waitForResult
                0x00018a04       0x80 partitions/partitions/_1/crypto_sp/libti_tfm_psa_rot_partition_crypto.a(ECDSACC26X2.o)
 .text.ECDSACC26X2_runVerifyFSM
                0x00018a84      0x498 partitions/partitions/_1/crypto_sp/libti_tfm_psa_rot_partition_crypto.a(ECDSACC26X2.o)
 .text.ECDSA_init
                0x00018f1c       0x14 partitions/partitions/_1/crypto_sp/libti_tfm_psa_rot_partition_crypto.a(ECDSACC26X2.o)
                0x00018f1c                ECDSA_init
 .text.ECDSA_close
                0x00018f30       0x10 partitions/partitions/_1/crypto_sp/libti_tfm_psa_rot_partition_crypto.a(ECDSACC26X2.o)
                0x00018f30                ECDSA_close
 .text.ECDSA_construct
                0x00018f40       0x54 partitions/partitions/_1/crypto_sp/libti_tfm_psa_rot_partition_crypto.a(ECDSACC26X2.o)
                0x00018f40                ECDSA_construct
 .text.ECDSA_sign
                0x00018f94       0xfc partitions/partitions/_1/crypto_sp/libti_tfm_psa_rot_partition_crypto.a(ECDSACC26X2.o)
                0x00018f94                ECDSA_sign
 .text.ECDSA_verify
                0x00019090       0xa4 partitions/partitions/_1/crypto_sp/libti_tfm_psa_rot_partition_crypto.a(ECDSACC26X2.o)
                0x00019090                ECDSA_verify
 .text.ECDSA_cancelOperation
                0x00019134       0x28 partitions/partitions/_1/crypto_sp/libti_tfm_psa_rot_partition_crypto.a(ECDSACC26X2.o)
                0x00019134                ECDSA_cancelOperation
 .text.ECJPAKE_open
                0x0001915c       0x10 partitions/partitions/_1/crypto_sp/libti_tfm_psa_rot_partition_crypto.a(ECJPAKE.o)
                0x0001915c                ECJPAKE_open
 .text.ECJPAKECC26X2_generatePublicKeyStart
                0x0001916c       0xd8 partitions/partitions/_1/crypto_sp/libti_tfm_psa_rot_partition_crypto.a(ECJPAKECC26X2.o)
                0x0001916c                ECJPAKECC26X2_generatePublicKeyStart
 .text.ECJPAKECC26X2_getPublicKeyResult
                0x00019244       0xc0 partitions/partitions/_1/crypto_sp/libti_tfm_psa_rot_partition_crypto.a(ECJPAKECC26X2.o)
                0x00019244                ECJPAKECC26X2_getPublicKeyResult
 .text.ECJPAKECC26X2_hwiFxn
                0x00019304      0xfe8 partitions/partitions/_1/crypto_sp/libti_tfm_psa_rot_partition_crypto.a(ECJPAKECC26X2.o)
 .text.ECJPAKE_init
                0x0001a2ec       0x14 partitions/partitions/_1/crypto_sp/libti_tfm_psa_rot_partition_crypto.a(ECJPAKECC26X2.o)
                0x0001a2ec                ECJPAKE_init
 .text.ECJPAKE_construct
                0x0001a300       0x4c partitions/partitions/_1/crypto_sp/libti_tfm_psa_rot_partition_crypto.a(ECJPAKECC26X2.o)
                0x0001a300                ECJPAKE_construct
 .text.ECJPAKE_close
                0x0001a34c       0x14 partitions/partitions/_1/crypto_sp/libti_tfm_psa_rot_partition_crypto.a(ECJPAKECC26X2.o)
                0x0001a34c                ECJPAKE_close
 .text.ECJPAKE_roundOneGenerateKeys
                0x0001a360      0x110 partitions/partitions/_1/crypto_sp/libti_tfm_psa_rot_partition_crypto.a(ECJPAKECC26X2.o)
                0x0001a360                ECJPAKE_roundOneGenerateKeys
 .text.ECJPAKE_generateZKP
                0x0001a470       0xb4 partitions/partitions/_1/crypto_sp/libti_tfm_psa_rot_partition_crypto.a(ECJPAKECC26X2.o)
                0x0001a470                ECJPAKE_generateZKP
 .text.ECJPAKE_verifyZKP
                0x0001a524       0xb4 partitions/partitions/_1/crypto_sp/libti_tfm_psa_rot_partition_crypto.a(ECJPAKECC26X2.o)
                0x0001a524                ECJPAKE_verifyZKP
 .text.ECJPAKE_roundTwoGenerateKeys
                0x0001a5d8      0x11c partitions/partitions/_1/crypto_sp/libti_tfm_psa_rot_partition_crypto.a(ECJPAKECC26X2.o)
                0x0001a5d8                ECJPAKE_roundTwoGenerateKeys
 .text.ECJPAKE_computeSharedSecret
                0x0001a6f4       0xd4 partitions/partitions/_1/crypto_sp/libti_tfm_psa_rot_partition_crypto.a(ECJPAKECC26X2.o)
                0x0001a6f4                ECJPAKE_computeSharedSecret
 .text.ECJPAKE_cancelOperation
                0x0001a7c8       0x24 partitions/partitions/_1/crypto_sp/libti_tfm_psa_rot_partition_crypto.a(ECJPAKECC26X2.o)
                0x0001a7c8                ECJPAKE_cancelOperation
 .text.EDDSA_open
                0x0001a7ec       0x10 partitions/partitions/_1/crypto_sp/libti_tfm_psa_rot_partition_crypto.a(EDDSA.o)
                0x0001a7ec                EDDSA_open
 .text.EDDSACC26X2_hwiFxn
                0x0001a7fc      0x114 partitions/partitions/_1/crypto_sp/libti_tfm_psa_rot_partition_crypto.a(EDDSACC26X2.o)
 .text.EDDSACC26X2_sha2Callback
                0x0001a910       0x28 partitions/partitions/_1/crypto_sp/libti_tfm_psa_rot_partition_crypto.a(EDDSACC26X2.o)
                0x0001a910                EDDSACC26X2_sha2Callback
 .text.EDDSACC26X2_runWeiToEdFSM.isra.0
                0x0001a938      0x23c partitions/partitions/_1/crypto_sp/libti_tfm_psa_rot_partition_crypto.a(EDDSACC26X2.o)
 .text.EDDSACC26X2_runGeneratePublicKeyFSM
                0x0001ab74      0x294 partitions/partitions/_1/crypto_sp/libti_tfm_psa_rot_partition_crypto.a(EDDSACC26X2.o)
 .text.EDDSACC26X2_runSignFSM
                0x0001ae08      0x4e0 partitions/partitions/_1/crypto_sp/libti_tfm_psa_rot_partition_crypto.a(EDDSACC26X2.o)
 .text.EDDSACC26X2_runVerifyFSM
                0x0001b2e8     0x1124 partitions/partitions/_1/crypto_sp/libti_tfm_psa_rot_partition_crypto.a(EDDSACC26X2.o)
 .text.EDDSA_init
                0x0001c40c       0x14 partitions/partitions/_1/crypto_sp/libti_tfm_psa_rot_partition_crypto.a(EDDSACC26X2.o)
                0x0001c40c                EDDSA_init
 .text.EDDSA_close
                0x0001c420       0x10 partitions/partitions/_1/crypto_sp/libti_tfm_psa_rot_partition_crypto.a(EDDSACC26X2.o)
                0x0001c420                EDDSA_close
 .text.EDDSA_construct
                0x0001c430       0x70 partitions/partitions/_1/crypto_sp/libti_tfm_psa_rot_partition_crypto.a(EDDSACC26X2.o)
                0x0001c430                EDDSA_construct
 .text.EDDSA_generatePublicKey
                0x0001c4a0      0x164 partitions/partitions/_1/crypto_sp/libti_tfm_psa_rot_partition_crypto.a(EDDSACC26X2.o)
                0x0001c4a0                EDDSA_generatePublicKey
 .text.EDDSA_sign
                0x0001c604      0x168 partitions/partitions/_1/crypto_sp/libti_tfm_psa_rot_partition_crypto.a(EDDSACC26X2.o)
                0x0001c604                EDDSA_sign
 .text.EDDSA_verify
                0x0001c76c      0x13c partitions/partitions/_1/crypto_sp/libti_tfm_psa_rot_partition_crypto.a(EDDSACC26X2.o)
                0x0001c76c                EDDSA_verify
 .text.EDDSA_cancelOperation
                0x0001c8a8       0x28 partitions/partitions/_1/crypto_sp/libti_tfm_psa_rot_partition_crypto.a(EDDSACC26X2.o)
                0x0001c8a8                EDDSA_cancelOperation
 .text.SHA2_Params_init
                0x0001c8d0       0x10 partitions/partitions/_1/crypto_sp/libti_tfm_psa_rot_partition_crypto.a(SHA2.o)
                0x0001c8d0                SHA2_Params_init
 .text.SHA2_open
                0x0001c8e0       0x10 partitions/partitions/_1/crypto_sp/libti_tfm_psa_rot_partition_crypto.a(SHA2.o)
                0x0001c8e0                SHA2_open
 .text.SHA2CC26X2_computeIntermediateHash
                0x0001c8f0       0x94 partitions/partitions/_1/crypto_sp/libti_tfm_psa_rot_partition_crypto.a(SHA2CC26X2.o)
 .text.SHA2CC26X2_cleanUpAfterOperation
                0x0001c984      0x15c partitions/partitions/_1/crypto_sp/libti_tfm_psa_rot_partition_crypto.a(SHA2CC26X2.o)
 .text.SHA2CC26X2_finalize
                0x0001cae0      0x220 partitions/partitions/_1/crypto_sp/libti_tfm_psa_rot_partition_crypto.a(SHA2CC26X2.o)
 .text.SHA2CC26X2_hashData
                0x0001cd00      0x14c partitions/partitions/_1/crypto_sp/libti_tfm_psa_rot_partition_crypto.a(SHA2CC26X2.o)
 .text.SHA2CC26X2_addData
                0x0001ce4c      0x1e4 partitions/partitions/_1/crypto_sp/libti_tfm_psa_rot_partition_crypto.a(SHA2CC26X2.o)
 .text.SHA2_hwiFxn
                0x0001d030      0x1c8 partitions/partitions/_1/crypto_sp/libti_tfm_psa_rot_partition_crypto.a(SHA2CC26X2.o)
 .text.SHA2_init
                0x0001d1f8       0x14 partitions/partitions/_1/crypto_sp/libti_tfm_psa_rot_partition_crypto.a(SHA2CC26X2.o)
                0x0001d1f8                SHA2_init
 .text.SHA2_construct
                0x0001d20c       0x60 partitions/partitions/_1/crypto_sp/libti_tfm_psa_rot_partition_crypto.a(SHA2CC26X2.o)
                0x0001d20c                SHA2_construct
 .text.SHA2_addData
                0x0001d26c       0x2c partitions/partitions/_1/crypto_sp/libti_tfm_psa_rot_partition_crypto.a(SHA2CC26X2.o)
                0x0001d26c                SHA2_addData
 .text.SHA2_finalize
                0x0001d298       0x28 partitions/partitions/_1/crypto_sp/libti_tfm_psa_rot_partition_crypto.a(SHA2CC26X2.o)
                0x0001d298                SHA2_finalize
 .text.SHA2_hashData
                0x0001d2c0       0x34 partitions/partitions/_1/crypto_sp/libti_tfm_psa_rot_partition_crypto.a(SHA2CC26X2.o)
                0x0001d2c0                SHA2_hashData
 .text.SHA2CC26X2_setupHmac
                0x0001d2f4      0x2dc partitions/partitions/_1/crypto_sp/libti_tfm_psa_rot_partition_crypto.a(SHA2CC26X2.o)
                0x0001d2f4                SHA2CC26X2_setupHmac
 .text.SHA2_setupHmac
                0x0001d5d0       0x28 partitions/partitions/_1/crypto_sp/libti_tfm_psa_rot_partition_crypto.a(SHA2CC26X2.o)
                0x0001d5d0                SHA2_setupHmac
 .text.SHA2CC26X2_finalizeHmac
                0x0001d5f8       0xb4 partitions/partitions/_1/crypto_sp/libti_tfm_psa_rot_partition_crypto.a(SHA2CC26X2.o)
                0x0001d5f8                SHA2CC26X2_finalizeHmac
 .text.SHA2_finalizeHmac
                0x0001d6ac       0x28 partitions/partitions/_1/crypto_sp/libti_tfm_psa_rot_partition_crypto.a(SHA2CC26X2.o)
                0x0001d6ac                SHA2_finalizeHmac
 .text.SHA2_hmac
                0x0001d6d4       0xa8 partitions/partitions/_1/crypto_sp/libti_tfm_psa_rot_partition_crypto.a(SHA2CC26X2.o)
                0x0001d6d4                SHA2_hmac
 .text.SHA2_cancelOperation
                0x0001d77c       0x7c partitions/partitions/_1/crypto_sp/libti_tfm_psa_rot_partition_crypto.a(SHA2CC26X2.o)
                0x0001d77c                SHA2_cancelOperation
 .text.SHA2_close
                0x0001d7f8       0x2c partitions/partitions/_1/crypto_sp/libti_tfm_psa_rot_partition_crypto.a(SHA2CC26X2.o)
                0x0001d7f8                SHA2_close
 .text.SHA2_reset
                0x0001d824       0x28 partitions/partitions/_1/crypto_sp/libti_tfm_psa_rot_partition_crypto.a(SHA2CC26X2.o)
                0x0001d824                SHA2_reset
 .text.SHA2_setHashType
                0x0001d84c       0x14 partitions/partitions/_1/crypto_sp/libti_tfm_psa_rot_partition_crypto.a(SHA2CC26X2.o)
                0x0001d84c                SHA2_setHashType
 .text.AESCTRDRBG_open
                0x0001d860       0x10 partitions/partitions/_1/crypto_sp/libti_tfm_psa_rot_partition_crypto.a(AESCTRDRBG.o)
                0x0001d860                AESCTRDRBG_open
 .text.AESCTRDRBGXX_updateState.isra.0
                0x0001d870       0xb4 partitions/partitions/_1/crypto_sp/libti_tfm_psa_rot_partition_crypto.a(AESCTRDRBGXX.o)
 .text.AESCTRDRBG_init
                0x0001d924       0x14 partitions/partitions/_1/crypto_sp/libti_tfm_psa_rot_partition_crypto.a(AESCTRDRBGXX.o)
                0x0001d924                AESCTRDRBG_init
 .text.AESCTRDRBG_close
                0x0001d938       0x38 partitions/partitions/_1/crypto_sp/libti_tfm_psa_rot_partition_crypto.a(AESCTRDRBGXX.o)
                0x0001d938                AESCTRDRBG_close
 .text.AESCTRDRBG_getRandomBytes
                0x0001d970      0x160 partitions/partitions/_1/crypto_sp/libti_tfm_psa_rot_partition_crypto.a(AESCTRDRBGXX.o)
                0x0001d970                AESCTRDRBG_getRandomBytes
 .text.AESCTRDRBG_generateKey
                0x0001dad0       0x90 partitions/partitions/_1/crypto_sp/libti_tfm_psa_rot_partition_crypto.a(AESCTRDRBGXX.o)
                0x0001dad0                AESCTRDRBG_generateKey
 .text.AESCTRDRBG_reseed
                0x0001db60      0x110 partitions/partitions/_1/crypto_sp/libti_tfm_psa_rot_partition_crypto.a(AESCTRDRBGXX.o)
                0x0001db60                AESCTRDRBG_reseed
 .text.AESCTRDRBG_construct
                0x0001dc70      0x100 partitions/partitions/_1/crypto_sp/libti_tfm_psa_rot_partition_crypto.a(AESCTRDRBGXX.o)
                0x0001dc70                AESCTRDRBG_construct
 .text.TRNG_open
                0x0001dd70       0x10 partitions/partitions/_1/crypto_sp/libti_tfm_psa_rot_partition_crypto.a(TRNG.o)
                0x0001dd70                TRNG_open
 .text.TRNGCC26XX_hwiFxn
                0x0001dd80      0x20c partitions/partitions/_1/crypto_sp/libti_tfm_psa_rot_partition_crypto.a(TRNGCC26XX.o)
 .text.TRNG_getRandom
                0x0001df8c      0x134 partitions/partitions/_1/crypto_sp/libti_tfm_psa_rot_partition_crypto.a(TRNGCC26XX.o)
 .text.TRNG_init
                0x0001e0c0       0xa0 partitions/partitions/_1/crypto_sp/libti_tfm_psa_rot_partition_crypto.a(TRNGCC26XX.o)
                0x0001e0c0                TRNG_init
 .text.TRNG_construct
                0x0001e160       0x8c partitions/partitions/_1/crypto_sp/libti_tfm_psa_rot_partition_crypto.a(TRNGCC26XX.o)
                0x0001e160                TRNG_construct
 .text.TRNG_close
                0x0001e1ec       0x14 partitions/partitions/_1/crypto_sp/libti_tfm_psa_rot_partition_crypto.a(TRNGCC26XX.o)
                0x0001e1ec                TRNG_close
 .text.TRNG_generateEntropy
                0x0001e200       0x38 partitions/partitions/_1/crypto_sp/libti_tfm_psa_rot_partition_crypto.a(TRNGCC26XX.o)
                0x0001e200                TRNG_generateEntropy
 .text.TRNG_generateKey
                0x0001e238       0x38 partitions/partitions/_1/crypto_sp/libti_tfm_psa_rot_partition_crypto.a(TRNGCC26XX.o)
                0x0001e238                TRNG_generateKey
 .text.TRNG_getRandomBytes
                0x0001e270       0x20 partitions/partitions/_1/crypto_sp/libti_tfm_psa_rot_partition_crypto.a(TRNGCC26XX.o)
                0x0001e270                TRNG_getRandomBytes
 .text.TRNG_cancelOperation
                0x0001e290      0x184 partitions/partitions/_1/crypto_sp/libti_tfm_psa_rot_partition_crypto.a(TRNGCC26XX.o)
                0x0001e290                TRNG_cancelOperation
 .text.CryptoKeyPlaintext_initKey
                0x0001e414       0x14 partitions/partitions/_1/crypto_sp/libti_tfm_psa_rot_partition_crypto.a(CryptoKeyPlaintext.o)
                0x0001e414                CryptoKeyPlaintext_initKey
 .text.CryptoKeyPlaintext_initBlankKey
                0x0001e428       0x14 partitions/partitions/_1/crypto_sp/libti_tfm_psa_rot_partition_crypto.a(CryptoKeyPlaintext.o)
                0x0001e428                CryptoKeyPlaintext_initBlankKey
 .text.CryptoUtils_buffersMatch
                0x0001e43c       0x3c partitions/partitions/_1/crypto_sp/libti_tfm_psa_rot_partition_crypto.a(CryptoUtils.o)
                0x0001e43c                CryptoUtils_buffersMatch
 .text.CryptoUtils_buffersMatchWordAligned
                0x0001e478       0x48 partitions/partitions/_1/crypto_sp/libti_tfm_psa_rot_partition_crypto.a(CryptoUtils.o)
                0x0001e478                CryptoUtils_buffersMatchWordAligned
 .text.CryptoUtils_reverseBufferBytewise
                0x0001e4c0       0x1c partitions/partitions/_1/crypto_sp/libti_tfm_psa_rot_partition_crypto.a(CryptoUtils.o)
                0x0001e4c0                CryptoUtils_reverseBufferBytewise
 .text.CryptoUtils_isBufferAllZeros
                0x0001e4dc       0xa8 partitions/partitions/_1/crypto_sp/libti_tfm_psa_rot_partition_crypto.a(CryptoUtils.o)
                0x0001e4dc                CryptoUtils_isBufferAllZeros
 .text.CryptoUtils_memset
                0x0001e584       0x2c partitions/partitions/_1/crypto_sp/libti_tfm_psa_rot_partition_crypto.a(CryptoUtils.o)
                0x0001e584                CryptoUtils_memset
 .text.CryptoUtils_copyPad
                0x0001e5b0       0x5c partitions/partitions/_1/crypto_sp/libti_tfm_psa_rot_partition_crypto.a(CryptoUtils.o)
                0x0001e5b0                CryptoUtils_copyPad
 .text.CryptoUtils_reverseCopyPad
                0x0001e60c       0x94 partitions/partitions/_1/crypto_sp/libti_tfm_psa_rot_partition_crypto.a(CryptoUtils.o)
                0x0001e60c                CryptoUtils_reverseCopyPad
 .text.List_put
                0x0001e6a0       0x2c partitions/partitions/_1/crypto_sp/libti_tfm_psa_rot_partition_crypto.a(List.o)
                0x0001e6a0                List_put
 .text.List_putHead
                0x0001e6cc       0x2c partitions/partitions/_1/crypto_sp/libti_tfm_psa_rot_partition_crypto.a(List.o)
                0x0001e6cc                List_putHead
 .text.List_remove
                0x0001e6f8       0x30 partitions/partitions/_1/crypto_sp/libti_tfm_psa_rot_partition_crypto.a(List.o)
                0x0001e6f8                List_remove
 .text.StructRingBuf_construct
                0x0001e728       0x1c partitions/partitions/_1/crypto_sp/libti_tfm_psa_rot_partition_crypto.a(StructRingBuf.o)
                0x0001e728                StructRingBuf_construct
 .text.StructRingBuf_get
                0x0001e744       0x4c partitions/partitions/_1/crypto_sp/libti_tfm_psa_rot_partition_crypto.a(StructRingBuf.o)
                0x0001e744                StructRingBuf_get
 .text.StructRingBuf_isFull
                0x0001e790       0x10 partitions/partitions/_1/crypto_sp/libti_tfm_psa_rot_partition_crypto.a(StructRingBuf.o)
                0x0001e790                StructRingBuf_isFull
 .text.StructRingBuf_put
                0x0001e7a0       0x54 partitions/partitions/_1/crypto_sp/libti_tfm_psa_rot_partition_crypto.a(StructRingBuf.o)
                0x0001e7a0                StructRingBuf_put
 .text.KeyStore_PSA_initKey
                0x0001e7f4       0x2c partitions/partitions/_1/crypto_sp/libti_tfm_psa_rot_partition_crypto.a(CryptoKeyKeyStore_PSA.o)
                0x0001e7f4                KeyStore_PSA_initKey
 .text.SwiP_inISR
                0x0001e820        0x4 partitions/partitions/_1/crypto_sp/libti_tfm_psa_rot_partition_crypto.a(SwiP_tfm.o)
                0x0001e820                SwiP_inISR
 .text.Power_releaseConstraint
                0x0001e824        0x4 partitions/partitions/_1/crypto_sp/libti_tfm_psa_rot_partition_crypto.a(PowerCC26X4_stubs.o)
                0x0001e824                Power_releaseConstraint
 .text.Power_releaseDependency
                0x0001e828        0x4 partitions/partitions/_1/crypto_sp/libti_tfm_psa_rot_partition_crypto.a(PowerCC26X4_stubs.o)
                0x0001e828                Power_releaseDependency
 .text.Power_setConstraint
                0x0001e82c        0x4 partitions/partitions/_1/crypto_sp/libti_tfm_psa_rot_partition_crypto.a(PowerCC26X4_stubs.o)
                0x0001e82c                Power_setConstraint
 .text.Power_setDependency
                0x0001e830        0x4 partitions/partitions/_1/crypto_sp/libti_tfm_psa_rot_partition_crypto.a(PowerCC26X4_stubs.o)
                0x0001e830                Power_setDependency
 .text.errorSpin
                0x0001e834        0x4 partitions/partitions/_1/crypto_sp/libti_tfm_psa_rot_partition_crypto.a(CryptoResourceCC26XX.o)
 .text.CryptoResourceCC26XX_constructRTOSObjects
                0x0001e838       0x68 partitions/partitions/_1/crypto_sp/libti_tfm_psa_rot_partition_crypto.a(CryptoResourceCC26XX.o)
                0x0001e838                CryptoResourceCC26XX_constructRTOSObjects
 .text.CryptoResourceCC26XX_acquireLock
                0x0001e8a0       0x18 partitions/partitions/_1/crypto_sp/libti_tfm_psa_rot_partition_crypto.a(CryptoResourceCC26XX.o)
                0x0001e8a0                CryptoResourceCC26XX_acquireLock
 .text.CryptoResourceCC26XX_releaseLock
                0x0001e8b8        0xc partitions/partitions/_1/crypto_sp/libti_tfm_psa_rot_partition_crypto.a(CryptoResourceCC26XX.o)
                0x0001e8b8                CryptoResourceCC26XX_releaseLock
 .text.errorSpin
                0x0001e8c4        0x4 partitions/partitions/_1/crypto_sp/libti_tfm_psa_rot_partition_crypto.a(PKAResourceCC26XX.o)
 .text.PKAResourceCC26XX_constructRTOSObjects
                0x0001e8c8       0x68 partitions/partitions/_1/crypto_sp/libti_tfm_psa_rot_partition_crypto.a(PKAResourceCC26XX.o)
                0x0001e8c8                PKAResourceCC26XX_constructRTOSObjects
 *tfm_psa_rot_partition*:(SORT_BY_ALIGNMENT(.rodata*))
 .rodata.SecureCallback_config
                0x0001e930        0x8 partitions/partitions/_1/crypto_sp/libti_tfm_psa_rot_partition_crypto.a(ti_drivers_config.o)
                0x0001e930                SecureCallback_config
 .rodata.TRNG_config
                0x0001e938       0x10 partitions/partitions/_1/crypto_sp/libti_tfm_psa_rot_partition_crypto.a(ti_drivers_config.o)
                0x0001e938                TRNG_config
 .rodata.trngCC26XXHWAttrs
                0x0001e948       0x18 partitions/partitions/_1/crypto_sp/libti_tfm_psa_rot_partition_crypto.a(ti_drivers_config.o)
 .rodata.SHA2_config
                0x0001e960       0x10 partitions/partitions/_1/crypto_sp/libti_tfm_psa_rot_partition_crypto.a(ti_drivers_config.o)
                0x0001e960                SHA2_config
 .rodata.sha2CC26X2HWAttrs
                0x0001e970        0x2 partitions/partitions/_1/crypto_sp/libti_tfm_psa_rot_partition_crypto.a(ti_drivers_config.o)
                0x0001e970                sha2CC26X2HWAttrs
 *fill*         0x0001e972        0x2 
 .rodata.EDDSA_config
                0x0001e974        0x8 partitions/partitions/_1/crypto_sp/libti_tfm_psa_rot_partition_crypto.a(ti_drivers_config.o)
                0x0001e974                EDDSA_config
 .rodata.eddsaCC26X2HWAttrs
                0x0001e97c        0x2 partitions/partitions/_1/crypto_sp/libti_tfm_psa_rot_partition_crypto.a(ti_drivers_config.o)
                0x0001e97c                eddsaCC26X2HWAttrs
 *fill*         0x0001e97e        0x2 
 .rodata.ECJPAKE_config
                0x0001e980        0x8 partitions/partitions/_1/crypto_sp/libti_tfm_psa_rot_partition_crypto.a(ti_drivers_config.o)
                0x0001e980                ECJPAKE_config
 .rodata.ecjpakeCC26X2HWAttrs
                0x0001e988        0x1 partitions/partitions/_1/crypto_sp/libti_tfm_psa_rot_partition_crypto.a(ti_drivers_config.o)
                0x0001e988                ecjpakeCC26X2HWAttrs
 *fill*         0x0001e989        0x3 
 .rodata.ECDSA_config
                0x0001e98c       0x10 partitions/partitions/_1/crypto_sp/libti_tfm_psa_rot_partition_crypto.a(ti_drivers_config.o)
                0x0001e98c                ECDSA_config
 .rodata.ecdsaCC26X2HWAttrs
                0x0001e99c        0x4 partitions/partitions/_1/crypto_sp/libti_tfm_psa_rot_partition_crypto.a(ti_drivers_config.o)
                0x0001e99c                ecdsaCC26X2HWAttrs
 .rodata.ECDH_config
                0x0001e9a0        0x8 partitions/partitions/_1/crypto_sp/libti_tfm_psa_rot_partition_crypto.a(ti_drivers_config.o)
                0x0001e9a0                ECDH_config
 .rodata.ecdhCC26X2HWAttrs
                0x0001e9a8        0x1 partitions/partitions/_1/crypto_sp/libti_tfm_psa_rot_partition_crypto.a(ti_drivers_config.o)
                0x0001e9a8                ecdhCC26X2HWAttrs
 *fill*         0x0001e9a9        0x3 
 .rodata.AESGCM_config
                0x0001e9ac        0x8 partitions/partitions/_1/crypto_sp/libti_tfm_psa_rot_partition_crypto.a(ti_drivers_config.o)
                0x0001e9ac                AESGCM_config
 .rodata.aesgcmCC26X4HWAttrs
                0x0001e9b4        0x1 partitions/partitions/_1/crypto_sp/libti_tfm_psa_rot_partition_crypto.a(ti_drivers_config.o)
                0x0001e9b4                aesgcmCC26X4HWAttrs
 *fill*         0x0001e9b5        0x3 
 .rodata.AESECB_config
                0x0001e9b8        0x8 partitions/partitions/_1/crypto_sp/libti_tfm_psa_rot_partition_crypto.a(ti_drivers_config.o)
                0x0001e9b8                AESECB_config
 .rodata.aesecbCC26XXHWAttrs
                0x0001e9c0        0x1 partitions/partitions/_1/crypto_sp/libti_tfm_psa_rot_partition_crypto.a(ti_drivers_config.o)
                0x0001e9c0                aesecbCC26XXHWAttrs
 *fill*         0x0001e9c1        0x3 
 .rodata.AESCTRDRBG_config
                0x0001e9c4        0x8 partitions/partitions/_1/crypto_sp/libti_tfm_psa_rot_partition_crypto.a(ti_drivers_config.o)
                0x0001e9c4                AESCTRDRBG_config
 .rodata.aesctrdrbgXXHWAttrs
                0x0001e9cc        0x1 partitions/partitions/_1/crypto_sp/libti_tfm_psa_rot_partition_crypto.a(ti_drivers_config.o)
                0x0001e9cc                aesctrdrbgXXHWAttrs
 *fill*         0x0001e9cd        0x3 
 .rodata.AESCTR_config
                0x0001e9d0        0x8 partitions/partitions/_1/crypto_sp/libti_tfm_psa_rot_partition_crypto.a(ti_drivers_config.o)
                0x0001e9d0                AESCTR_config
 .rodata.aesctrCC26XXHWAttrs
                0x0001e9d8        0x1 partitions/partitions/_1/crypto_sp/libti_tfm_psa_rot_partition_crypto.a(ti_drivers_config.o)
                0x0001e9d8                aesctrCC26XXHWAttrs
 *fill*         0x0001e9d9        0x3 
 .rodata.AESCMAC_config
                0x0001e9dc       0x10 partitions/partitions/_1/crypto_sp/libti_tfm_psa_rot_partition_crypto.a(ti_drivers_config.o)
                0x0001e9dc                AESCMAC_config
 .rodata.aescmacCC26XXHWAttrs
                0x0001e9ec        0x2 partitions/partitions/_1/crypto_sp/libti_tfm_psa_rot_partition_crypto.a(ti_drivers_config.o)
                0x0001e9ec                aescmacCC26XXHWAttrs
 *fill*         0x0001e9ee        0x2 
 .rodata.AESCCM_config
                0x0001e9f0        0x8 partitions/partitions/_1/crypto_sp/libti_tfm_psa_rot_partition_crypto.a(ti_drivers_config.o)
                0x0001e9f0                AESCCM_config
 .rodata.aesccmCC26X4HWAttrs
                0x0001e9f8        0x1 partitions/partitions/_1/crypto_sp/libti_tfm_psa_rot_partition_crypto.a(ti_drivers_config.o)
                0x0001e9f8                aesccmCC26X4HWAttrs
 *fill*         0x0001e9f9        0x3 
 .rodata.AESCBC_config
                0x0001e9fc        0x8 partitions/partitions/_1/crypto_sp/libti_tfm_psa_rot_partition_crypto.a(ti_drivers_config.o)
                0x0001e9fc                AESCBC_config
 .rodata.aescbcCC26XXHWAttrs
                0x0001ea04        0x1 partitions/partitions/_1/crypto_sp/libti_tfm_psa_rot_partition_crypto.a(ti_drivers_config.o)
                0x0001ea04                aescbcCC26XXHWAttrs
 *fill*         0x0001ea05        0x3 
 .rodata.AESCCM_defaultParams
                0x0001ea08       0x10 partitions/partitions/_1/crypto_sp/libti_tfm_psa_rot_partition_crypto.a(AESCCM.o)
                0x0001ea08                AESCCM_defaultParams
 .rodata.AESCBC_defaultParams
                0x0001ea18       0x10 partitions/partitions/_1/crypto_sp/libti_tfm_psa_rot_partition_crypto.a(AESCBC.o)
                0x0001ea18                AESCBC_defaultParams
 .rodata.AESCMAC_defaultParams
                0x0001ea28       0x10 partitions/partitions/_1/crypto_sp/libti_tfm_psa_rot_partition_crypto.a(AESCMAC.o)
                0x0001ea28                AESCMAC_defaultParams
 .rodata.AESCTR_defaultParams
                0x0001ea38       0x10 partitions/partitions/_1/crypto_sp/libti_tfm_psa_rot_partition_crypto.a(AESCTR.o)
                0x0001ea38                AESCTR_defaultParams
 .rodata.AESECB_defaultParams
                0x0001ea48       0x10 partitions/partitions/_1/crypto_sp/libti_tfm_psa_rot_partition_crypto.a(AESECB.o)
                0x0001ea48                AESECB_defaultParams
 .rodata.AESGCM_defaultParams
                0x0001ea58       0x10 partitions/partitions/_1/crypto_sp/libti_tfm_psa_rot_partition_crypto.a(AESGCM.o)
                0x0001ea58                AESGCM_defaultParams
 .rodata.ECCParams_s_curveParamTable
                0x0001ea68       0x28 partitions/partitions/_1/crypto_sp/libti_tfm_psa_rot_partition_crypto.a(ECCParamsCC26X4_s.o)
 .rodata.ECCParams_s_Wei25519
                0x0001ea90       0x24 partitions/partitions/_1/crypto_sp/libti_tfm_psa_rot_partition_crypto.a(ECCParamsCC26X4_s.o)
                0x0001ea90                ECCParams_s_Wei25519
 .rodata.Wei25519_b
                0x0001eab4       0x20 partitions/partitions/_1/crypto_sp/libti_tfm_psa_rot_partition_crypto.a(ECCParamsCC26X4_s.o)
 .rodata.Wei25519_a
                0x0001ead4       0x20 partitions/partitions/_1/crypto_sp/libti_tfm_psa_rot_partition_crypto.a(ECCParamsCC26X4_s.o)
 .rodata.Wei25519_order
                0x0001eaf4       0x20 partitions/partitions/_1/crypto_sp/libti_tfm_psa_rot_partition_crypto.a(ECCParamsCC26X4_s.o)
 .rodata.Wei25519_prime
                0x0001eb14       0x20 partitions/partitions/_1/crypto_sp/libti_tfm_psa_rot_partition_crypto.a(ECCParamsCC26X4_s.o)
 .rodata.Wei25519_generator
                0x0001eb34       0x40 partitions/partitions/_1/crypto_sp/libti_tfm_psa_rot_partition_crypto.a(ECCParamsCC26X4_s.o)
 .rodata.ECCParams_s_Ed25519
                0x0001eb74       0x24 partitions/partitions/_1/crypto_sp/libti_tfm_psa_rot_partition_crypto.a(ECCParamsCC26X4_s.o)
                0x0001eb74                ECCParams_s_Ed25519
 .rodata.Ed25519_d
                0x0001eb98       0x20 partitions/partitions/_1/crypto_sp/libti_tfm_psa_rot_partition_crypto.a(ECCParamsCC26X4_s.o)
 .rodata.Ed25519_a
                0x0001ebb8       0x20 partitions/partitions/_1/crypto_sp/libti_tfm_psa_rot_partition_crypto.a(ECCParamsCC26X4_s.o)
 .rodata.Ed25519_order
                0x0001ebd8       0x20 partitions/partitions/_1/crypto_sp/libti_tfm_psa_rot_partition_crypto.a(ECCParamsCC26X4_s.o)
 .rodata.Ed25519_prime
                0x0001ebf8       0x20 partitions/partitions/_1/crypto_sp/libti_tfm_psa_rot_partition_crypto.a(ECCParamsCC26X4_s.o)
 .rodata.Ed25519_generator
                0x0001ec18       0x40 partitions/partitions/_1/crypto_sp/libti_tfm_psa_rot_partition_crypto.a(ECCParamsCC26X4_s.o)
 .rodata.ECCParams_s_Curve25519
                0x0001ec58       0x24 partitions/partitions/_1/crypto_sp/libti_tfm_psa_rot_partition_crypto.a(ECCParamsCC26X4_s.o)
 .rodata.ECCParams_s_BrainpoolP512R1
                0x0001ec7c       0x24 partitions/partitions/_1/crypto_sp/libti_tfm_psa_rot_partition_crypto.a(ECCParamsCC26X4_s.o)
 .rodata.ECCParams_s_BrainpoolP384R1
                0x0001eca0       0x24 partitions/partitions/_1/crypto_sp/libti_tfm_psa_rot_partition_crypto.a(ECCParamsCC26X4_s.o)
 .rodata.ECCParams_s_BrainpoolP256R1
                0x0001ecc4       0x24 partitions/partitions/_1/crypto_sp/libti_tfm_psa_rot_partition_crypto.a(ECCParamsCC26X4_s.o)
 .rodata.ECCParams_s_NISTP521
                0x0001ece8       0x24 partitions/partitions/_1/crypto_sp/libti_tfm_psa_rot_partition_crypto.a(ECCParamsCC26X4_s.o)
 .rodata.ECCParams_s_NISTP384
                0x0001ed0c       0x24 partitions/partitions/_1/crypto_sp/libti_tfm_psa_rot_partition_crypto.a(ECCParamsCC26X4_s.o)
 .rodata.ECCParams_s_NISTP256
                0x0001ed30       0x24 partitions/partitions/_1/crypto_sp/libti_tfm_psa_rot_partition_crypto.a(ECCParamsCC26X4_s.o)
 .rodata.ECCParams_s_NISTP224
                0x0001ed54       0x24 partitions/partitions/_1/crypto_sp/libti_tfm_psa_rot_partition_crypto.a(ECCParamsCC26X4_s.o)
 .rodata.ECDH_defaultParams
                0x0001ed78       0x10 partitions/partitions/_1/crypto_sp/libti_tfm_psa_rot_partition_crypto.a(ECDH.o)
                0x0001ed78                ECDH_defaultParams
 .rodata.CSWTCH.26
                0x0001ed88       0x48 partitions/partitions/_1/crypto_sp/libti_tfm_psa_rot_partition_crypto.a(ECDHCC26X2.o)
 .rodata.ECDSA_defaultParams
                0x0001edd0       0x10 partitions/partitions/_1/crypto_sp/libti_tfm_psa_rot_partition_crypto.a(ECDSA.o)
                0x0001edd0                ECDSA_defaultParams
 .rodata.CSWTCH.38
                0x0001ede0       0x40 partitions/partitions/_1/crypto_sp/libti_tfm_psa_rot_partition_crypto.a(ECDSACC26X2.o)
 .rodata.ECJPAKE_defaultParams
                0x0001ee20       0x10 partitions/partitions/_1/crypto_sp/libti_tfm_psa_rot_partition_crypto.a(ECJPAKE.o)
                0x0001ee20                ECJPAKE_defaultParams
 .rodata.CSWTCH.113
                0x0001ee30       0x40 partitions/partitions/_1/crypto_sp/libti_tfm_psa_rot_partition_crypto.a(ECJPAKECC26X2.o)
 .rodata.EDDSA_defaultParams
                0x0001ee70       0x10 partitions/partitions/_1/crypto_sp/libti_tfm_psa_rot_partition_crypto.a(EDDSA.o)
                0x0001ee70                EDDSA_defaultParams
 .rodata.EDDSACC26X2_decodeConst2
                0x0001ee80       0x20 partitions/partitions/_1/crypto_sp/libti_tfm_psa_rot_partition_crypto.a(EDDSACC26X2.o)
                0x0001ee80                EDDSACC26X2_decodeConst2
 .rodata.EDDSACC26X2_decodeConst1
                0x0001eea0       0x20 partitions/partitions/_1/crypto_sp/libti_tfm_psa_rot_partition_crypto.a(EDDSACC26X2.o)
                0x0001eea0                EDDSACC26X2_decodeConst1
 .rodata.EDDSACC26X2_isoConst3
                0x0001eec0       0x20 partitions/partitions/_1/crypto_sp/libti_tfm_psa_rot_partition_crypto.a(EDDSACC26X2.o)
                0x0001eec0                EDDSACC26X2_isoConst3
 .rodata.EDDSACC26X2_isoConst2
                0x0001eee0       0x20 partitions/partitions/_1/crypto_sp/libti_tfm_psa_rot_partition_crypto.a(EDDSACC26X2.o)
                0x0001eee0                EDDSACC26X2_isoConst2
 .rodata.EDDSACC26X2_isoConst1
                0x0001ef00       0x20 partitions/partitions/_1/crypto_sp/libti_tfm_psa_rot_partition_crypto.a(EDDSACC26X2.o)
                0x0001ef00                EDDSACC26X2_isoConst1
 .rodata.EDDSACC26X2_negOne
                0x0001ef20       0x20 partitions/partitions/_1/crypto_sp/libti_tfm_psa_rot_partition_crypto.a(EDDSACC26X2.o)
                0x0001ef20                EDDSACC26X2_negOne
 .rodata.EDDSACC26X2_one
                0x0001ef40       0x20 partitions/partitions/_1/crypto_sp/libti_tfm_psa_rot_partition_crypto.a(EDDSACC26X2.o)
                0x0001ef40                EDDSACC26X2_one
 .rodata.SHA2_defaultParams
                0x0001ef60        0xc partitions/partitions/_1/crypto_sp/libti_tfm_psa_rot_partition_crypto.a(SHA2.o)
                0x0001ef60                SHA2_defaultParams
 .rodata.intermediateDigestSizeTable
                0x0001ef6c        0x4 partitions/partitions/_1/crypto_sp/libti_tfm_psa_rot_partition_crypto.a(SHA2CC26X2.o)
 .rodata.digestSizeTable
                0x0001ef70        0x4 partitions/partitions/_1/crypto_sp/libti_tfm_psa_rot_partition_crypto.a(SHA2CC26X2.o)
                0x0001ef70                digestSizeTable
 .rodata.blockSizeTable
                0x0001ef74        0x4 partitions/partitions/_1/crypto_sp/libti_tfm_psa_rot_partition_crypto.a(SHA2CC26X2.o)
 .rodata.hashModeTable
                0x0001ef78       0x10 partitions/partitions/_1/crypto_sp/libti_tfm_psa_rot_partition_crypto.a(SHA2CC26X2.o)
 .rodata.TRNG_defaultParams
                0x0001ef88       0x14 partitions/partitions/_1/crypto_sp/libti_tfm_psa_rot_partition_crypto.a(TRNG.o)
                0x0001ef88                TRNG_defaultParams
 *(TFM_*_PSA-ROT_ATTR_FN)
                0x0001efa0                        . = ALIGN (0x20)
 *fill*         0x0001ef9c        0x4 
                0x0000d3a0                        Image$$TFM_PSA_ROT_LINKER$$RO$$Base = ADDR (.TFM_PSA_ROT_LINKER)
                0x0001efa0                        Image$$TFM_PSA_ROT_LINKER$$RO$$Limit = (ADDR (.TFM_PSA_ROT_LINKER) + SIZEOF (.TFM_PSA_ROT_LINKER))
                0x0000d3a0                        Image$$TFM_PSA_ROT_LINKER$$Base = ADDR (.TFM_PSA_ROT_LINKER)
                0x0001efa0                        Image$$TFM_PSA_ROT_LINKER$$Limit = (ADDR (.TFM_PSA_ROT_LINKER) + SIZEOF (.TFM_PSA_ROT_LINKER))
                0x0001efa0                        Image$$TFM_PSA_CODE_END$$Base = .
                0x0001efa0                        Image$$TFM_APP_CODE_START$$Base = .

.TFM_APP_ROT_LINKER
                0x0001efa0      0x1c0
 *tfm_app_rot_partition*:(SORT_BY_ALIGNMENT(.text*))
 .text.FlashCC26X4_s_processPsaMsg
                0x0001efa0      0x16c partitions/partitions/_1/internal_storage_sp/libti_tfm_app_rot_partition_internal_storage.a(FlashCC26X4_s.o)
 .text.FlashCC26X4_s_main
                0x0001f10c       0x50 partitions/partitions/_1/internal_storage_sp/libti_tfm_app_rot_partition_internal_storage.a(FlashCC26X4_s.o)
                0x0001f10c                FlashCC26X4_s_main
 *tfm_app_rot_partition*:(SORT_BY_ALIGNMENT(.rodata*))
 *(TFM_*_APP-ROT_ATTR_FN)
                0x0001f160                        . = ALIGN (0x20)
 *fill*         0x0001f15c        0x4 
                0x0001efa0                        Image$$TFM_APP_ROT_LINKER$$RO$$Base = ADDR (.TFM_APP_ROT_LINKER)
                0x0001f160                        Image$$TFM_APP_ROT_LINKER$$RO$$Limit = (ADDR (.TFM_APP_ROT_LINKER) + SIZEOF (.TFM_APP_ROT_LINKER))
                0x0001efa0                        Image$$TFM_APP_ROT_LINKER$$Base = ADDR (.TFM_APP_ROT_LINKER)
                0x0001f160                        Image$$TFM_APP_ROT_LINKER$$Limit = (ADDR (.TFM_APP_ROT_LINKER) + SIZEOF (.TFM_APP_ROT_LINKER))
                0x0001f160                        Image$$TFM_APP_CODE_END$$Base = .

.ARM.extab
 *(.ARM.extab* .gnu.linkonce.armextab.*)
                0x0001f160                        __exidx_start = .

.ARM.exidx      0x0001f160        0x8
 *(.ARM.exidx* .gnu.linkonce.armexidx.*)
 .ARM.exidx     0x0001f160        0x8 /home/developer/.conan/data/arm-none-eabi-gcc/12.3.Rel1-0/library-msp/ga/package/44fcf6b9a7fb86b2586303e3db40189d3b511830/bin/../lib/gcc/arm-none-eabi/12.3.1/../../../../arm-none-eabi/lib/thumb/v8-m.main+fp/hard/crt0.o
                                 0x10 (size before relaxing)
 .ARM.exidx.text.__udivmoddi4
                0x0001f168        0x0 /home/developer/.conan/data/arm-none-eabi-gcc/12.3.Rel1-0/library-msp/ga/package/44fcf6b9a7fb86b2586303e3db40189d3b511830/bin/../lib/gcc/arm-none-eabi/12.3.1/thumb/v8-m.main+fp/hard/libgcc.a(_udivmoddi4.o)
                                  0x8 (size before relaxing)
                0x0001f168                        __exidx_end = .

.ER_TFM_CODE    0x0001f168     0x3140
                0x0001f168                        . = ALIGN (0x4)
                0x0001f168                        __copy_table_start__ = .
                0x0001f168        0x4 LONG 0x35e08 LOADADDR (.TFM_DATA)
                0x0001f16c        0x4 LONG 0x20005540 ADDR (.TFM_DATA)
                0x0001f170        0x4 LONG 0x1c (SIZEOF (.TFM_DATA) / 0x4)
                0x0001f174        0x4 LONG 0x35de0 LOADADDR (.TFM_PSA_ROT_LINKER_DATA)
                0x0001f178        0x4 LONG 0x20001c20 ADDR (.TFM_PSA_ROT_LINKER_DATA)
                0x0001f17c        0x4 LONG 0xa (SIZEOF (.TFM_PSA_ROT_LINKER_DATA) / 0x4)
                0x0001f180        0x4 LONG 0x35de0 LOADADDR (.TFM_APP_ROT_LINKER_DATA)
                0x0001f184        0x4 LONG 0x20000c20 ADDR (.TFM_APP_ROT_LINKER_DATA)
                0x0001f188        0x4 LONG 0x0 (SIZEOF (.TFM_APP_ROT_LINKER_DATA) / 0x4)
                0x0001f18c                        __copy_table_end__ = .
                0x0001f18c                        . = ALIGN (0x4)
                0x0001f18c                        __zero_table_start__ = .
                0x0001f18c        0x4 LONG 0x200055b0 ADDR (.TFM_BSS)
                0x0001f190        0x4 LONG 0xfb3 (SIZEOF (.TFM_BSS) / 0x4)
                0x0001f194        0x4 LONG 0x20001c48 ADDR (.TFM_PSA_ROT_LINKER_BSS)
                0x0001f198        0x4 LONG 0xe3e (SIZEOF (.TFM_PSA_ROT_LINKER_BSS) / 0x4)
                0x0001f19c        0x4 LONG 0x20000c20 ADDR (.TFM_APP_ROT_LINKER_BSS)
                0x0001f1a0        0x4 LONG 0x400 (SIZEOF (.TFM_APP_ROT_LINKER_BSS) / 0x4)
                0x0001f1a4        0x4 LONG 0x20000c00 ADDR (.TFM_SP_META_PTR)
                0x0001f1a8        0x4 LONG 0x8 (SIZEOF (.TFM_SP_META_PTR) / 0x4)
                0x0001f1ac                        __zero_table_end__ = .
 *startup*(.text*)
 .text.NMI_Handler
                0x0001f1ac       0x10 CMakeFiles/tfm_s.dir/__/platform/ext/target/ti/cc26x4/cmsis_core/startup_cc26x4.o
                0x0001f1ac                NMI_Handler
 .text.DebugMon_Handler
                0x0001f1bc        0x4 CMakeFiles/tfm_s.dir/__/platform/ext/target/ti/cc26x4/cmsis_core/startup_cc26x4.o
                0x0001f1bc                DebugMon_Handler
 .text.SysTick_Handler
                0x0001f1c0        0x4 CMakeFiles/tfm_s.dir/__/platform/ext/target/ti/cc26x4/cmsis_core/startup_cc26x4.o
                0x0001f1c0                SysTick_Handler
 .text.INT_AON_GPIO_EDGE_Handler
                0x0001f1c4        0x4 CMakeFiles/tfm_s.dir/__/platform/ext/target/ti/cc26x4/cmsis_core/startup_cc26x4.o
                0x0001f1c4                INT_AON_GPIO_EDGE_Handler
 .text.INT_I2C_IRQ_Handler
                0x0001f1c8        0x4 CMakeFiles/tfm_s.dir/__/platform/ext/target/ti/cc26x4/cmsis_core/startup_cc26x4.o
                0x0001f1c8                INT_I2C_IRQ_Handler
 .text.INT_RFC_CPE_1_Handler
                0x0001f1cc        0x4 CMakeFiles/tfm_s.dir/__/platform/ext/target/ti/cc26x4/cmsis_core/startup_cc26x4.o
                0x0001f1cc                INT_RFC_CPE_1_Handler
 .text.INT_AON_RTC_COMB_Handler
                0x0001f1d0        0x4 CMakeFiles/tfm_s.dir/__/platform/ext/target/ti/cc26x4/cmsis_core/startup_cc26x4.o
                0x0001f1d0                INT_AON_RTC_COMB_Handler
 .text.INT_UART0_COMB_Handler
                0x0001f1d4        0x4 CMakeFiles/tfm_s.dir/__/platform/ext/target/ti/cc26x4/cmsis_core/startup_cc26x4.o
                0x0001f1d4                INT_UART0_COMB_Handler
 .text.INT_AUX_SWEV0_Handler
                0x0001f1d8        0x4 CMakeFiles/tfm_s.dir/__/platform/ext/target/ti/cc26x4/cmsis_core/startup_cc26x4.o
                0x0001f1d8                INT_AUX_SWEV0_Handler
 .text.INT_SSI0_COMB_Handler
                0x0001f1dc        0x4 CMakeFiles/tfm_s.dir/__/platform/ext/target/ti/cc26x4/cmsis_core/startup_cc26x4.o
                0x0001f1dc                INT_SSI0_COMB_Handler
 .text.INT_SSI1_COMB_Handler
                0x0001f1e0        0x4 CMakeFiles/tfm_s.dir/__/platform/ext/target/ti/cc26x4/cmsis_core/startup_cc26x4.o
                0x0001f1e0                INT_SSI1_COMB_Handler
 .text.INT_RFC_CPE_0_Handler
                0x0001f1e4        0x4 CMakeFiles/tfm_s.dir/__/platform/ext/target/ti/cc26x4/cmsis_core/startup_cc26x4.o
                0x0001f1e4                INT_RFC_CPE_0_Handler
 .text.INT_RFC_HW_COMB_Handler
                0x0001f1e8        0x4 CMakeFiles/tfm_s.dir/__/platform/ext/target/ti/cc26x4/cmsis_core/startup_cc26x4.o
                0x0001f1e8                INT_RFC_HW_COMB_Handler
 .text.INT_RFC_CMD_ACK_Handler
                0x0001f1ec        0x4 CMakeFiles/tfm_s.dir/__/platform/ext/target/ti/cc26x4/cmsis_core/startup_cc26x4.o
                0x0001f1ec                INT_RFC_CMD_ACK_Handler
 .text.INT_I2S_IRQ_Handler
                0x0001f1f0        0x4 CMakeFiles/tfm_s.dir/__/platform/ext/target/ti/cc26x4/cmsis_core/startup_cc26x4.o
                0x0001f1f0                INT_I2S_IRQ_Handler
 .text.INT_AUX_SWEV1_Handler
                0x0001f1f4        0x4 CMakeFiles/tfm_s.dir/__/platform/ext/target/ti/cc26x4/cmsis_core/startup_cc26x4.o
                0x0001f1f4                INT_AUX_SWEV1_Handler
 .text.INT_WDT_IRQ_Handler
                0x0001f1f8        0x4 CMakeFiles/tfm_s.dir/__/platform/ext/target/ti/cc26x4/cmsis_core/startup_cc26x4.o
                0x0001f1f8                INT_WDT_IRQ_Handler
 .text.INT_GPT0A_Handler
                0x0001f1fc        0x4 CMakeFiles/tfm_s.dir/__/platform/ext/target/ti/cc26x4/cmsis_core/startup_cc26x4.o
                0x0001f1fc                INT_GPT0A_Handler
 .text.INT_GPT0B_Handler
                0x0001f200        0x4 CMakeFiles/tfm_s.dir/__/platform/ext/target/ti/cc26x4/cmsis_core/startup_cc26x4.o
                0x0001f200                INT_GPT0B_Handler
 .text.INT_GPT1A_Handler
                0x0001f204        0x4 CMakeFiles/tfm_s.dir/__/platform/ext/target/ti/cc26x4/cmsis_core/startup_cc26x4.o
                0x0001f204                INT_GPT1A_Handler
 .text.INT_GPT1B_Handler
                0x0001f208        0x4 CMakeFiles/tfm_s.dir/__/platform/ext/target/ti/cc26x4/cmsis_core/startup_cc26x4.o
                0x0001f208                INT_GPT1B_Handler
 .text.INT_GPT2A_Handler
                0x0001f20c        0x4 CMakeFiles/tfm_s.dir/__/platform/ext/target/ti/cc26x4/cmsis_core/startup_cc26x4.o
                0x0001f20c                INT_GPT2A_Handler
 .text.INT_GPT2B_Handler
                0x0001f210        0x4 CMakeFiles/tfm_s.dir/__/platform/ext/target/ti/cc26x4/cmsis_core/startup_cc26x4.o
                0x0001f210                INT_GPT2B_Handler
 .text.INT_GPT3A_Handler
                0x0001f214        0x4 CMakeFiles/tfm_s.dir/__/platform/ext/target/ti/cc26x4/cmsis_core/startup_cc26x4.o
                0x0001f214                INT_GPT3A_Handler
 .text.INT_GPT3B_Handler
                0x0001f218        0x4 CMakeFiles/tfm_s.dir/__/platform/ext/target/ti/cc26x4/cmsis_core/startup_cc26x4.o
                0x0001f218                INT_GPT3B_Handler
 .text.INT_DMA_DONE_COMB_Handler
                0x0001f21c        0x4 CMakeFiles/tfm_s.dir/__/platform/ext/target/ti/cc26x4/cmsis_core/startup_cc26x4.o
                0x0001f21c                INT_DMA_DONE_COMB_Handler
 .text.INT_DMA_ERR_Handler
                0x0001f220        0x4 CMakeFiles/tfm_s.dir/__/platform/ext/target/ti/cc26x4/cmsis_core/startup_cc26x4.o
                0x0001f220                INT_DMA_ERR_Handler
 .text.INT_FLASH_Handler